
################################################################################
#
# This file has been generated by SpyGlass:
#     Report Name      : moresimple
#     Report Created by: ICer
#     Report Created on:  Thu Oct  1 05:59:18 2026
#     Working Directory: /home/ICer/IC/Projects/System/lint
#     SpyGlass Version : SpyGlass_vL-2016.06
#     Policy Name      : SpyGlass(SpyGlass_vL-2016.06)
#                        clock-reset(SpyGlass_vL-2016.06)
#                        erc(SpyGlass_vL-2016.06)
#                        latch(SpyGlass_vL-2016.06)
#                        lint(SpyGlass_vL-2016.06)
#                        morelint(SpyGlass_vL-2016.06)
#                        openmore(SpyGlass_vL-2016.06)
#                        power_est(SpyGlass_vL-2016.06)
#                        simulation(SpyGlass_vL-2016.06)
#                        starc(SpyGlass_vL-2016.06)
#                        starc2005(SpyGlass_vL-2016.06)
#                        timing(SpyGlass_vL-2016.06)
#                        txv(SpyGlass_vL-2016.06)
#
#     Total Number of Generated Messages :          8
#     Number of Waived Messages          :          0
#     Number of Reported Messages        :          8
#     Number of Overlimit Messages       :          0
#
#
################################################################################

+++++++++++++++++++++++++++++++++++++++++++++++++++++++++++++++++++++++
MORESIMPLE REPORT:


############### BuiltIn -> RuleGroup=Design Read ###############
+++++++++++++++++++++++++++++++++++++++++++++++++++++++++++++++++++++++++++++++++++++++
ID       Rule                    Alias                   Severity    File                                                                     Line    Wt    Message
======================================================================================
[1]      DetectTopDesignUnits    DetectTopDesignUnits    Info        /home/ICer/IC/Projects/System/rtl/SYSTEM_TOP.v                           1       2     Module SYSTEM_TOP is a top level design unit
[0]      ElabSummary             ElabSummary             Info        ./spyglass-1/lint/lint_rtl/spyglass_reports/SpyGlass/elab_summary.rpt    0       2     Please refer file './spyglass-1/lint/lint_rtl/spyglass_reports/SpyGlass/elab_summary.rpt' for elab summary report
+++++++++++++++++++++++++++++++++++++++++++++++++++++++++++++++++++++++++++++++++++++++


############### Non-BuiltIn -> Goal=lint/lint_rtl ###############
+++++++++++++++++++++++++++++++++++++++++++++++++++++++++++++++++++++++++++++++++++++++
ID       Rule                Alias                Severity    File                                                Line    Wt    Message
======================================================================================
[B]      STARC05-1.4.3.4     ClkSigToNonClkPin    Warning     /home/ICer/IC/Projects/System/rtl/Clk_Div.v         63      10    Clock signal 'SYSTEM_TOP.U0_TX_CLK_DIV.divided_clk' used as a non-clock (Used with name 'SYSTEM_TOP.U0_TX_CLK_DIV.divided_clk')
[C]      STARC05-1.4.3.4     ClkSigToNonClkPin    Warning     /home/ICer/IC/Projects/System/rtl/Clk_Div.v         63      10    Clock signal 'SYSTEM_TOP.U1_RX_CLK_DIV.divided_clk' used as a non-clock (Used with name 'SYSTEM_TOP.U1_RX_CLK_DIV.divided_clk')
[6]      STARC05-2.11.3.1    SepStateNextLogic    Warning     /home/ICer/IC/Projects/System/rtl/FIFO_RD.v         21      10    Combinational and sequential parts of an FSM described in same always block
[5]      STARC05-2.11.3.1    SepStateNextLogic    Warning     /home/ICer/IC/Projects/System/rtl/FSM_RX.v          42      10    Combinational and sequential parts of an FSM described in same always block
[3]      STARC05-2.11.3.1    SepStateNextLogic    Warning     /home/ICer/IC/Projects/System/rtl/Serializer.v      23      10    Combinational and sequential parts of an FSM described in same always block
[4]      STARC05-2.11.3.1    SepStateNextLogic    Warning     /home/ICer/IC/Projects/System/rtl/deserializer.v    22      10    Combinational and sequential parts of an FSM described in same always block
+++++++++++++++++++++++++++++++++++++++++++++++++++++++++++++++++++++++++++++++++++++++
