
################################################################################
#
# This file has been generated by SpyGlass:
#     Report Name      : no_msg_reporting_rules
#     Report Created by: ICer
#     Report Created on:  Thu Oct  1 05:59:18 2026
#     Working Directory: /home/ICer/IC/Projects/System/lint
#     SpyGlass Version : SpyGlass_vL-2016.06
#     Policy Name      : SpyGlass(SpyGlass_vL-2016.06)
#                        clock-reset(SpyGlass_vL-2016.06)
#                        erc(SpyGlass_vL-2016.06)
#                        latch(SpyGlass_vL-2016.06)
#                        lint(SpyGlass_vL-2016.06)
#                        morelint(SpyGlass_vL-2016.06)
#                        openmore(SpyGlass_vL-2016.06)
#                        power_est(SpyGlass_vL-2016.06)
#                        simulation(SpyGlass_vL-2016.06)
#                        starc(SpyGlass_vL-2016.06)
#                        starc2005(SpyGlass_vL-2016.06)
#                        timing(SpyGlass_vL-2016.06)
#                        txv(SpyGlass_vL-2016.06)
#
#     Total Number of Generated Messages :          8
#     Number of Waived Messages          :          0
#     Number of Reported Messages        :          8
#     Number of Overlimit Messages       :          0
#
#
################################################################################

NO VIOLATION RULE REPORT :
++++++++++++++++++++++++++++++++++++++++++++++++++++++++++++++++++++++++++++++++

Following rules did not produce any violation or waived off during spyglass run

++++++++++++++++++++++++++++++++++++++++++++++++++++++++++++++++++++++++++++++++


================================================================================
	INDEX                                   RULE-NAME
================================================================================
	1                                  BlockHeader
	2                                  BufClock
	3                                  CheckDelayTimescale-ML
	4                                  CombLoop
	5                                  LatchFeedback
	6                                  NoAssignX-ML
	7                                  NoXInCase-ML
	8                                  ParamWidthMismatch-ML
	9                                  STARC05-1.2.1.2
	10                                 STARC05-1.3.1.3
	11                                 STARC05-2.1.3.1
	12                                 STARC05-2.1.4.5
	13                                 STARC05-2.1.5.3
	14                                 STARC05-2.1.6.5
	15                                 STARC05-2.10.1.4a
	16                                 STARC05-2.10.1.4b
	17                                 STARC05-2.10.2.3
	18                                 STARC05-2.10.3.2a
	19                                 STARC05-2.2.3.3
	20                                 STARC05-2.3.1.2c
	21                                 STARC05-2.3.1.5b
	22                                 STARC05-2.3.1.6
	23                                 STARC05-2.3.3.1
	24                                 STARC05-2.3.4.1v
	25                                 STARC05-2.4.1.5
	26                                 STARC05-2.5.1.2
	27                                 STARC05-2.5.1.7
	28                                 STARC05-2.5.1.9
	29                                 UndrivenInTerm-ML
	30                                 W110
	31                                 W110a
	32                                 W116
	33                                 W122
	34                                 W123
	35                                 W156
	36                                 W19
	37                                 W215
	38                                 W216
	39                                 W218
	40                                 W224
	41                                 W240
	42                                 W263
	43                                 W287a
	44                                 W287b
	45                                 W289
	46                                 W292
	47                                 W293
	48                                 W317
	49                                 W336
	50                                 W337
	51                                 W339a
	52                                 W352
	53                                 W362
	54                                 W392
	55                                 W398
	56                                 W414
	57                                 W415
	58                                 W415a
	59                                 W416
	60                                 W421
	61                                 W422
	62                                 W424
	63                                 W426
	64                                 W442a
	65                                 W442b
	66                                 W442c
	67                                 W442f
	68                                 W450L
	69                                 W467
	70                                 W480
	71                                 W481a
	72                                 W481b
	73                                 W486
	74                                 W496a
	75                                 W496b
	76                                 W499
	77                                 W502
	78                                 W505
	79                                 W528
	80                                 W66
	81                                 W71
	82                                 badimplicitSM1
	83                                 badimplicitSM2
	84                                 badimplicitSM4
	85                                 bothedges
	86                                 mixedsenselist
	87                                 sim_race02
================================================================================
