SpyGlass run started at 05:52:06 AM on Oct 01 2026 

SpyGlass Predictive Analyzer(R) - Version SpyGlass_vL-2016.06
Last compiled on May 20 2016

All Rights Reserved. Use, disclosure or duplication
without prior written permission of Synopsys Inc. is prohibited.
Technical support: email spyglass_support@synopsys.com.


 Auto-compiling gates libraries

        "../std_cells/scmetro_tsmc_cl013g_rvt_ff_1p32v_m40c.lib"
        "../std_cells/scmetro_tsmc_cl013g_rvt_ss_1p08v_125c.lib"
        "../std_cells/scmetro_tsmc_cl013g_rvt_tt_1p2v_25c.lib"
    to
        "./spyglass-1/spyglass_cache/autogenerated_sglib/aggregate.sglib" ...done

 (Please refer to `./spyglass-1/spyglass_cache/autogenerated_sglib/lc/spyglass_lc_aggregate_reports/moresimple.rpt' for auto-compilation details)

 Using above compiled sglib for the current run ...

Running SpyGlass 64-bit Executable: /home/synopsys/SpyGlass-L2016.06/SPYGLASS_HOME/obj/check.Linux4

RULE-CHECKING IN MIXED MODE
Loading Policy: spyglass (Version: SpyGlass_vL-2016.06) from path: /home/synopsys/SpyGlass-L2016.06/SPYGLASS_HOME/policies/spyglass
Loading Shared library libspyglassrules-Linux4.spyso from /home/synopsys/SpyGlass-L2016.06/SPYGLASS_HOME/lib/libspyglassrules-Linux4.spyso 
Loading Shared library libsdcInitRules-Linux4.spyso from /home/synopsys/SpyGlass-L2016.06/SPYGLASS_HOME/lib/libsdcInitRules-Linux4.spyso 
Loading Shared library librmerules-Linux4.spyso from /home/synopsys/SpyGlass-L2016.06/SPYGLASS_HOME/lib/librmerules-Linux4.spyso 
##build_id : SpyGlass_vL-2016.06
##system   : Linux IC_EDA 3.10.0-1160.6.1.el7.x86_64 #1 SMP Tue Nov 17 13:59:11 UTC 2020 x86_64
##cwd      : /home/ICer/IC/Projects/System/lint
##lang     : Verilog+VHDL
##args     : -mSpyGlass::Compatibility::v2_7_3 \
             -mSpyGlass::Compatibility::v2_7_3 \
             -mSpyGlass::Compatibility::v2_7_3 \
             -lib WORK ./spyglass-1/WORK \
             -nl \
             -policy='none' \
             -mixed \
             -batch \
             -wdir './spyglass-1/Design_Read' \
             -enableSV \
             -gateslib '../std_cells/scmetro_tsmc_cl013g_rvt_ff_1p32v_m40c.lib' \
             -gateslib '../std_cells/scmetro_tsmc_cl013g_rvt_ss_1p08v_125c.lib' \
             -gateslib '../std_cells/scmetro_tsmc_cl013g_rvt_tt_1p2v_25c.lib' \
             -templatedir '/home/synopsys/SpyGlass-L2016.06/SPYGLASS_HOME/auxi/policy_data/spyglass/design_read' \
             --goal_info 'Design_Read@' \
             --template_info 'Design_Read' \
             -projectwdir './spyglass-1' \
             -64bit  \
             /home/ICer/IC/Projects/System/rtl/ALU.v \
             /home/ICer/IC/Projects/System/rtl/ASYNC_FIFO.v \
             /home/ICer/IC/Projects/System/rtl/Clk_Div.v \
             /home/ICer/IC/Projects/System/rtl/CLK_GATE.v \
             /home/ICer/IC/Projects/System/rtl/data_sampling.v \
             /home/ICer/IC/Projects/System/rtl/DATA_SYNC.v \
             /home/ICer/IC/Projects/System/rtl/deserializer.v \
             /home/ICer/IC/Projects/System/rtl/DF_SYNC.v \
             /home/ICer/IC/Projects/System/rtl/edge_bit_counter.v \
             /home/ICer/IC/Projects/System/rtl/FIFO_MEM_CNTRL.v \
             /home/ICer/IC/Projects/System/rtl/FIFO_RD.v \
             /home/ICer/IC/Projects/System/rtl/FIFO_WR.v \
             /home/ICer/IC/Projects/System/rtl/FSM_RX.v \
             /home/ICer/IC/Projects/System/rtl/FSM_TX.sv \
             /home/ICer/IC/Projects/System/rtl/MUX.v \
             /home/ICer/IC/Projects/System/rtl/Parity_Calc.v \
             /home/ICer/IC/Projects/System/rtl/parity_checker.v \
             /home/ICer/IC/Projects/System/rtl/prescale_mux.v \
             /home/ICer/IC/Projects/System/rtl/Pulse_Gen.v \
             /home/ICer/IC/Projects/System/rtl/regfile.v \
             /home/ICer/IC/Projects/System/rtl/RST_SYNC.v \
             /home/ICer/IC/Projects/System/rtl/Serializer.v \
             /home/ICer/IC/Projects/System/rtl/stop_checker.v \
             /home/ICer/IC/Projects/System/rtl/strt_checker.v \
             /home/ICer/IC/Projects/System/rtl/SYS_CTRL.v \
             /home/ICer/IC/Projects/System/rtl/SYSTEM_TOP.v \
             /home/ICer/IC/Projects/System/rtl/UART.v \
             /home/ICer/IC/Projects/System/rtl/UART_RX.v \
             /home/ICer/IC/Projects/System/rtl/UART_TX.v

##verbosity level   : 2
##exact cmdline arg : -batch -project spyglass-1.prj -designread  -64bit
##spyglass_run.csh begins :
;	cd /home/ICer/IC/Projects/System/lint
;	setenv SPYGLASS_LD_PRELOAD /home/synopsys/SpyGlass-L2016.06/SPYGLASS_HOME/lib/libsgjemalloc-Linux4.so
;	setenv SPYGLASS_DW_PATH /home/synopsys/SpyGlass-L2016.06/SPYGLASS_HOME/dw_support
;	/home/synopsys/SpyGlass-L2016.06/SPYGLASS_HOME/bin/spyglass  -batch -project spyglass-1.prj -designread  -64bit
##spyglass_run.csh ends
##files    : /home/ICer/IC/Projects/System/rtl/ALU.v \
             /home/ICer/IC/Projects/System/rtl/ASYNC_FIFO.v \
             /home/ICer/IC/Projects/System/rtl/Clk_Div.v \
             /home/ICer/IC/Projects/System/rtl/CLK_GATE.v \
             /home/ICer/IC/Projects/System/rtl/data_sampling.v \
             /home/ICer/IC/Projects/System/rtl/DATA_SYNC.v \
             /home/ICer/IC/Projects/System/rtl/deserializer.v \
             /home/ICer/IC/Projects/System/rtl/DF_SYNC.v \
             /home/ICer/IC/Projects/System/rtl/edge_bit_counter.v \
             /home/ICer/IC/Projects/System/rtl/FIFO_MEM_CNTRL.v \
             /home/ICer/IC/Projects/System/rtl/FIFO_RD.v \
             /home/ICer/IC/Projects/System/rtl/FIFO_WR.v \
             /home/ICer/IC/Projects/System/rtl/FSM_RX.v \
             /home/ICer/IC/Projects/System/rtl/FSM_TX.sv \
             /home/ICer/IC/Projects/System/rtl/MUX.v \
             /home/ICer/IC/Projects/System/rtl/Parity_Calc.v \
             /home/ICer/IC/Projects/System/rtl/parity_checker.v \
             /home/ICer/IC/Projects/System/rtl/prescale_mux.v \
             /home/ICer/IC/Projects/System/rtl/Pulse_Gen.v \
             /home/ICer/IC/Projects/System/rtl/regfile.v \
             /home/ICer/IC/Projects/System/rtl/RST_SYNC.v \
             /home/ICer/IC/Projects/System/rtl/Serializer.v \
             /home/ICer/IC/Projects/System/rtl/stop_checker.v \
             /home/ICer/IC/Projects/System/rtl/strt_checker.v \
             /home/ICer/IC/Projects/System/rtl/SYS_CTRL.v \
             /home/ICer/IC/Projects/System/rtl/SYSTEM_TOP.v \
             /home/ICer/IC/Projects/System/rtl/UART.v \
             /home/ICer/IC/Projects/System/rtl/UART_RX.v \
             /home/ICer/IC/Projects/System/rtl/UART_TX.v

Reading specified sglib files(s) ....
   Processing library: 'scmetro_tsmc_cl013g_rvt_ff_1p32v_m40c' .... done
   Processing library: 'scmetro_tsmc_cl013g_rvt_ss_1p08v_125c' .... done
   Processing library: 'scmetro_tsmc_cl013g_rvt_tt_1p2v_25c' .... done
RTL SGDC checks have been disabled as synthesis is not happening in the run.
Checking Rule AutoGenerateSglib (Rule 1 of total 93) .... done (Time = 0.00s, Memory = -4.7K)

INFO [6]    Work Directory `./spyglass-1/WORK' does not exist.

INFO [75]    Creating the Work Directory `./spyglass-1/WORK/64' for 64bit  precompiled dump.
Checking Rule ZeroSizeFile (Rule 2 of total 93) .... done (Time = 0.00s, Memory = 0.0K)
Checking Rule PrecompileLibCheck01 (Rule 3 of total 93) .... done (Time = 0.00s, Memory = 0.0K)
Checking Rule PrecompileLibCheck02 (Rule 4 of total 93) .... done (Time = 0.00s, Memory = 0.0K)
Checking Rule PrecompileLibCheck03 (Rule 5 of total 93) .... done (Time = 0.00s, Memory = 0.0K)
Checking Rule PrecompileLibCheck04 (Rule 6 of total 93) .... done (Time = 0.00s, Memory = 0.0K)
Checking Rule ReportSglibVersionSummary (Rule 7 of total 93) .... done (Time = 0.00s, Memory = 7.5K)
Checking Rule SGDC_assume_path01 (Rule 8 of total 93) .... done (Time = 0.00s, Memory = 0.0K)
Checking Rule SGDC_sdcschema02 (Rule 9 of total 93) .... done (Time = 0.00s, Memory = 0.6K)
Checking Rule SGDC_clock05 (Rule 10 of total 93) .... done (Time = 0.00s, Memory = 0.8K)
Checking Rule SGDC_clock09 (Rule 11 of total 93) .... done (Time = 0.00s, Memory = 0.0K)
Checking Rule SGDC_force_ta05 (Rule 12 of total 93) .... done (Time = 0.00s, Memory = -6.8K)
Checking Rule SGDC_require_path03 (Rule 13 of total 93) .... done (Time = 0.00s, Memory = 8.8K)
Checking Rule SGDC_require_value03 (Rule 14 of total 93) .... done (Time = 0.00s, Memory = 32.0K)
Checking Rule SGDC_voltagedomain05 (Rule 15 of total 93) .... done (Time = 0.00s, Memory = 3.4K)
Checking Rule SGDC_voltagedomain06 (Rule 16 of total 93) .... done (Time = 0.00s, Memory = -7.8K)
Checking Rule SGDC_voltagedomain07 (Rule 17 of total 93) .... done (Time = 0.00s, Memory = 15.0K)
Checking Rule SGDC_powerdomainoutputs02 (Rule 18 of total 93) .... done (Time = 0.00s, Memory = 0.0K)
Checking Rule SGDC_supply01 (Rule 19 of total 93) .... done (Time = 0.00s, Memory = 8.8K)
Checking Rule SGDC_waive01 (Rule 20 of total 93) .... done (Time = 0.00s, Memory = 0.0K)
Checking Rule SGDC_waive02 (Rule 21 of total 93) .... done (Time = 0.00s, Memory = 0.0K)
Checking Rule SGDC_waive03 (Rule 22 of total 93) .... done (Time = 0.00s, Memory = 0.2K)
Checking Rule SGDC_waive04 (Rule 23 of total 93) .... done (Time = 0.00s, Memory = 0.0K)
Checking Rule SGDC_waive05 (Rule 24 of total 93) .... done (Time = 0.00s, Memory = 0.6K)
Checking Rule SGDC_waive06 (Rule 25 of total 93) .... done (Time = 0.00s, Memory = -32.0K)
Checking Rule SGDC_waive07 (Rule 26 of total 93) .... done (Time = 0.00s, Memory = 0.0K)
Checking Rule SGDC_waive08 (Rule 27 of total 93) .... done (Time = 0.00s, Memory = -33.5K)
Checking Rule SGDC_waive09 (Rule 28 of total 93) .... done (Time = 0.00s, Memory = 0.0K)
Checking Rule SGDC_waive10 (Rule 29 of total 93) .... done (Time = 0.00s, Memory = -1.0K)
Checking Rule SGDC_waive11 (Rule 30 of total 93) .... done (Time = 0.00s, Memory = 0.0K)
Checking Rule SGDC_waive12 (Rule 31 of total 93) .... done (Time = 0.00s, Memory = 0.2K)
Checking Rule SGDC_waive13 (Rule 32 of total 93) .... done (Time = 0.00s, Memory = -16.0K)
Checking Rule SGDC_waive21 (Rule 33 of total 93) .... done (Time = 0.00s, Memory = 0.2K)
Checking Rule SGDC_waive22 (Rule 34 of total 93) .... done (Time = 0.00s, Memory = 0.0K)
Checking Rule SGDC_waive30 (Rule 35 of total 93) .... done (Time = 0.00s, Memory = 0.0K)
Checking Rule SGDC_waive32 (Rule 36 of total 93) .... done (Time = 0.00s, Memory = 0.0K)
Checking Rule SGDC_waive33 (Rule 37 of total 93) .... done (Time = 0.00s, Memory = 0.0K)
Checking Rule SGDC_waive36 (Rule 38 of total 93) .... done (Time = 0.00s, Memory = 0.0K)
Checking Rule SGDC_waive38 (Rule 39 of total 93) .... done (Time = 0.00s, Memory = 0.0K)
Checking Rule SGDC_fifo01 (Rule 40 of total 93) .... done (Time = 0.00s, Memory = -21.0K)
Checking Rule SGDC_libgroup01 (Rule 41 of total 93) .... done (Time = 0.00s, Memory = 0.0K)
Checking Rule SGDC_libgroup02 (Rule 42 of total 93) .... done (Time = 0.00s, Memory = 0.0K)
Checking Rule SGDC_libgroup04 (Rule 43 of total 93) .... done (Time = 0.00s, Memory = 4.0K)
Checking Rule SGDC_power_data01 (Rule 44 of total 93) .... done (Time = 0.00s, Memory = 32.5K)
Checking Rule SGDC_ungroup01 (Rule 45 of total 93) .... done (Time = 0.00s, Memory = 0.0K)
Checking Rule SGDC_abstract_port06 (Rule 46 of total 93) .... done (Time = 0.00s, Memory = 0.4K)
Checking Rule SGDC_abstract_port14 (Rule 47 of total 93) .... done (Time = 0.00s, Memory = 24.0K)
Checking Rule SGDC_abstract_port15 (Rule 48 of total 93) .... done (Time = 0.00s, Memory = 19.1K)
Checking Rule SGDC_abstract_port18 (Rule 49 of total 93) .... done (Time = 0.00s, Memory = 0.0K)
Checking Rule sdc_init_rule (Rule 50 of total 93) .... done (Time = 0.00s, Memory = 80.0K)
Checking Rule CMD_ignorelibs01 (Rule 51 of total 93) .... done (Time = 0.00s, Memory = 0.0K)
Checking Rule ReportRuleNotRun (Rule 52 of total 93) .... done (Time = 0.00s, Memory = 1.6K)
Checking Rule ReportStopSummary (Rule 53 of total 93) .... done (Time = 0.00s, Memory = -24.0K)
Checking Rule ReportIgnoreSummary (Rule 54 of total 93) .... done (Time = 0.00s, Memory = 32.0K)
##SGDEBUG [BENCHMARK_ABSOLUTE]: Analysis started: 1 sec, 563294 KB, 2350212 KB
##SGDEBUG [BENCHMARK_INCR]: Analysis started: 1 sec, 563294 KB, 2350212 KB
 Analyzing source file "/home/ICer/IC/Projects/System/rtl/ALU.v" ....
 Analyzing source file "/home/ICer/IC/Projects/System/rtl/ASYNC_FIFO.v" ....
 Analyzing source file "/home/ICer/IC/Projects/System/rtl/Clk_Div.v" ....
 Analyzing source file "/home/ICer/IC/Projects/System/rtl/CLK_GATE.v" ....
 Analyzing source file "/home/ICer/IC/Projects/System/rtl/data_sampling.v" ....
 Analyzing source file "/home/ICer/IC/Projects/System/rtl/DATA_SYNC.v" ....
 Analyzing source file "/home/ICer/IC/Projects/System/rtl/deserializer.v" ....
 Analyzing source file "/home/ICer/IC/Projects/System/rtl/DF_SYNC.v" ....
 Analyzing source file "/home/ICer/IC/Projects/System/rtl/edge_bit_counter.v" ....
 Analyzing source file "/home/ICer/IC/Projects/System/rtl/FIFO_MEM_CNTRL.v" ....
 Analyzing source file "/home/ICer/IC/Projects/System/rtl/FIFO_RD.v" ....
 Analyzing source file "/home/ICer/IC/Projects/System/rtl/FIFO_WR.v" ....
 Analyzing source file "/home/ICer/IC/Projects/System/rtl/FSM_RX.v" ....
 Analyzing source file "/home/ICer/IC/Projects/System/rtl/FSM_TX.sv" ....
 Analyzing source file "/home/ICer/IC/Projects/System/rtl/MUX.v" ....
 Analyzing source file "/home/ICer/IC/Projects/System/rtl/Parity_Calc.v" ....
 Analyzing source file "/home/ICer/IC/Projects/System/rtl/parity_checker.v" ....
 Analyzing source file "/home/ICer/IC/Projects/System/rtl/prescale_mux.v" ....
 Analyzing source file "/home/ICer/IC/Projects/System/rtl/Pulse_Gen.v" ....
 Analyzing source file "/home/ICer/IC/Projects/System/rtl/regfile.v" ....
 Analyzing source file "/home/ICer/IC/Projects/System/rtl/RST_SYNC.v" ....
 Analyzing source file "/home/ICer/IC/Projects/System/rtl/Serializer.v" ....
 Analyzing source file "/home/ICer/IC/Projects/System/rtl/stop_checker.v" ....
 Analyzing source file "/home/ICer/IC/Projects/System/rtl/strt_checker.v" ....
 Analyzing source file "/home/ICer/IC/Projects/System/rtl/SYS_CTRL.v" ....
 Analyzing source file "/home/ICer/IC/Projects/System/rtl/SYSTEM_TOP.v" ....
 Analyzing source file "/home/ICer/IC/Projects/System/rtl/UART.v" ....
 Analyzing source file "/home/ICer/IC/Projects/System/rtl/UART_RX.v" ....
 Analyzing source file "/home/ICer/IC/Projects/System/rtl/UART_TX.v" ....
##SGDEBUG [BENCHMARK_ABSOLUTE]: Analysis finished: 1 sec, 632346 KB, 2419076 KB
##SGDEBUG [BENCHMARK_INCR]: Analysis finished: 0 sec, 69052 KB, 68864 KB
##SGDEBUG [BENCHMARK_ABSOLUTE]: Elaboration started: 1 sec, 632356 KB, 2419076 KB
##SGDEBUG [BENCHMARK_INCR]: Elaboration started: 0 sec, 10 KB, 0 KB
 Elaborating Top Verilog Design Unit 'SYSTEM_TOP' .....
 done
##SGDEBUG [BENCHMARK_ABSOLUTE]: Elaboration finished: 1 sec, 698328 KB, 2484868 KB
##SGDEBUG [BENCHMARK_INCR]: Elaboration finished: 0 sec, 65972 KB, 65792 KB
##SGDEBUG [BENCHMARK_ABSOLUTE]: RTL Semantic Checker started: 1 sec, 698328 KB, 2484868 KB
##SGDEBUG [BENCHMARK_INCR]: RTL Semantic Checker started: 0 sec, 0 KB, 0 KB
##SGDEBUG [BENCHMARK_ABSOLUTE]: RTL Semantic Checker finished: 1 sec, 698325 KB, 2484868 KB
##SGDEBUG [BENCHMARK_INCR]: RTL Semantic Checker finished: 0 sec, -3 KB, 0 KB
Checking Rule ElabSummary (Rule 55 of total 93)##FILEDEBUG[sgOpenFile]: Opening File './spyglass-1/Design_Read/spyglass_reports/SpyGlass/elab_summary.rpt' in "w" mode ...
##FILEDEBUG[sgCloseFile]: File './spyglass-1/Design_Read/spyglass_reports/SpyGlass/elab_summary.rpt' closed.
 .... done (Time = 0.00s, Memory = -22.5K)
Checking Rule ReportCheckDataSummary (Rule 56 of total 93) .... done (Time = 0.00s, Memory = 0.0K)
Checking Rule IgnoredLibCells (Rule 57 of total 93)##FILEDEBUG[sgOpenFile]: Opening File './spyglass-1/Design_Read/spyglass_reports/SpyGlass/ignored_libcells.rpt' in "w" mode ...
##FILEDEBUG[sgCloseFile]: File './spyglass-1/Design_Read/spyglass_reports/SpyGlass/ignored_libcells.rpt' closed.
 .... done (Time = 0.03s, Memory = 13.4K)
Checking Rule ReportSglibSummary (Rule 58 of total 93) .... done (Time = 0.00s, Memory = 0.0K)
 Reading waiver file "./spyglass-1/Design_Read/spyglass_spysch/constraint/spg_autogenerated_waivers.sgdc" ...
 Generating SGDC file "./spyglass-1/Design_Read/spyglass_spysch/constraint/pragma2Constraint.sgdc" from pragmas in HDL source files ....
 Generating WAIVER file "./spyglass-1/Design_Read/spyglass_spysch/waiver/pragma2Waiver.swl" from pragmas in HDL source files ....
Checking Rule SGDC_waive37 (Rule 59 of total 93) .... done (Time = 0.00s, Memory = 0.6K)
Checking Rule SGDC_waive35 (Rule 60 of total 93) .... done (Time = 0.00s, Memory = 0.0K)
Checking Rule DetectTopDesignUnits (Rule 61 of total 93) Detected 1 top level design units: 
     SYSTEM_TOP
 .... done (Time = 0.00s, Memory = 3.8K)
Performing semantic checks on SGDC contents
..... SGDC semantic checks completed. (Time = 0.00s, Memory = 45.0K)
Checking Rule SGDC_testmode03 (Rule 62 of total 93) .... done (Time = 0.00s, Memory = 0.0K)
Checking Rule ReportObsoletePragmas (Rule 63 of total 93) .... done (Time = 0.00s, Memory = 0.0K)
Checking Rule GenerateConfMap (Rule 64 of total 93) .... done (Time = 0.00s, Memory = 0.0K)
Checking Rule HdlLibDuCheck (Rule 65 of total 93) .... done (Time = 0.00s, Memory = 4.7K)
Checking Rule RtlDesignInfo (Rule 66 of total 93)
##SGDEBUG [BENCHMARK_DATA]: Number of RTL Design Units = 31
##SGDEBUG: RTL statistics for Verilog design units:
##SGDEBUG[BENCHMARK_DATA]: RTL Ports = 222 548 59
##SGDEBUG[BENCHMARK_DATA]: RTL Insts = 55
##SGDEBUG[BENCHMARK_DATA]: RTL Nets = 97 332 51
##SGDEBUG[BENCHMARK_DATA]: RTL Terms = 273 574 62

##SGDEBUG: NOTE: Following estimated data is applicable for structural designs only.
##SGDEBUG:     In case of RTL designs, this data may differ significantly from the actual figure.
##SGDEBUG[BENCHMARK_DATA]: Estimated Flat Insts = 27
##SGDEBUG[BENCHMARK_DATA]: Estimated Flat Nets = 171
##SGDEBUG[BENCHMARK_DATA]: Estimated Flat Terms = 465
##SGDEBUG[BENCHMARK_DATA]: Estimated Flat Paths = 6
 .... done (Time = 0.00s, Memory = 1.9K)
Checking Rule CheckCelldefine (Rule 67 of total 93) .... done (Time = 0.00s, Memory = 0.0K)
Checking Rule AnalyzeBBox (Rule 68 of total 93) .... done (Time = 0.00s, Memory = 0.0K)
Checking Rule ReportCheckDataSummary (Rule 56 of total 93) .... done (Time = 0.00s, Memory = 0.0K)
Checking Rule SGDC_waive24 (Rule 69 of total 93) .... done (Time = 0.00s, Memory = 0.0K)
Checking Rule SGDC_waive25 (Rule 70 of total 93) .... done (Time = 0.00s, Memory = 0.0K)
Checking Rule SGDC_waive31 (Rule 71 of total 93) .... done (Time = 0.00s, Memory = 0.0K)

Generating data for Console...
##SGDEBUG [PEAK_MEMORY]: 2487400 KB for entire run at 'End of rule checking' stage
##SGDEBUG [VMPEAK_MEMORY]: 2487652 KB for entire run
##SGDEBUG [BENCHMARK_ABSOLUTE]: Rule checking finished: 1 sec, 700093 KB, 2487400 KB
##SGDEBUG [BENCHMARK_INCR]: Rule checking finished: 0 sec, 1768 KB, 2532 KB


=====================================================================================
							Rule Parameter Table
=====================================================================================

	PARAMETER-NAME                                     VALUE
-------------------------------------------------------------------------------------
	-allow_clock_on_output_port                        no
	-check_clock_group_violations                      no
	-debug_proc                                        no
	-force_genclk_for_txv                              no
	-library_gen_clock_naming                          yes
	-netlist_clock_polarity                            yes
	-populate_comboelements_for_minmax_in_fromto       no
	-preserve_path                                     no
	-pt                                                no
	-show_all_sdc_violations                           no
	-show_sdc_progress                                 no
	-suppress_sdc_violation_in_abstract                no
	-tc_disable_caching                                no
	-tc_stop_parsing_ignored_commands                  no
	-truncate_through                                  yes
	-write_sdc                                         no
=====================================================================================



=====================================================================================
                               Rule Status Table

 RULE-NAME                      POLICY-NAME     ENABLED VIOL-CNT RULE-TYPE   ERROR-MSG         
=====================================================================================
 AutoGenerateSglib              SpyGlass        Yes            1 SETUP          -               
 ElabSummary                    SpyGlass        Yes            1 SETUP          -               
 DetectTopDesignUnits           SpyGlass        Yes            1 RTLALLDULIST   -               
-------------------------------------------------------------------------------------
Note: VSDU type of rules (as seen in the above table) are not run on
      unsynthesized modules reported by 'ErrorAnalyzeBBox/InfoAnalyzeBBox' messages
      (Please see messages starting with keyword 'UnsynthesizedDU')

##status : SpyGlass Rule Checking Complete.

---------------------------------------------------------------------------------------------
Results Summary:
---------------------------------------------------------------------------------------------
   Goal Run           :      Design_Read
   Command-line read  :      0 error,      0 warning,      0 information message 
   Design Read        :      0 error,      0 warning,      3 information messages
      Found 1 top module:
         SYSTEM_TOP   (file: /home/ICer/IC/Projects/System/rtl/SYSTEM_TOP.v)

   Blackbox Resolution:      0 error,      0 warning,      0 information message 
   SGDC Checks        :      0 error,      0 warning,      0 information message 
   -------------------------------------------------------------------------------------
   Total              :      0 error,      0 warning,      3 information messages

  Total Number of Generated Messages     :         3 (0 error, 0 warning, 3 Infos)
  Number of Reported Messages            :         3 (0 error, 0 warning, 3 Infos)

---------------------------------------------------------------------------------------------



SpyGlass Rule Checking Complete.

Generating moresimple report from './spyglass-1/Design_Read/spyglass.vdb' to './spyglass-1/Design_Read/spyglass_reports/moresimple.rpt' ....

Generating runsummary report from './spyglass-1/Design_Read/spyglass.vdb' ....

Generating no_msg_reporting_rules report from './spyglass-1/Design_Read/spyglass.vdb' to './spyglass-1/Design_Read/spyglass_reports/no_msg_reporting_rules.rpt' ....

Policy specific data (reports) are present in the directory './spyglass-1/Design_Read/spyglass_reports'.

SpyGlass critical reports for the current run are present in directory './spyglass-1/consolidated_reports/Design_Read/'.


---------------------------------------------------------------------------------------------------
Results Summary:
---------------------------------------------------------------------------------------------------
   Goal Run           :      Design_Read
   Top Module         :      SYSTEM_TOP
---------------------------------------------------------------------------------------------------
   Reports Directory: 
   /home/ICer/IC/Projects/System/lint/spyglass-1/consolidated_reports/Design_Read/ 

   SpyGlass LogFile: 
    /home/ICer/IC/Projects/System/lint/spyglass-1/Design_Read/spyglass.log 

   Standard Reports: 
     moresimple.rpt          no_msg_reporting_rules.rpt       

   HTML report:
    /home/ICer/IC/Projects/System/lint/spyglass-1/html_reports/goals_summary.html
  

   Technology Reports:  
     <Not Available>
   
   
---------------------------------------------------------------------------------------------------
   Goal Violation Summary:
       Waived   Messages:                      0 Errors,      0 Warnings,      0 Infos
       Reported Messages:         0 Fatals,    0 Errors,      0 Warnings,      3 Infos
---------------------------------------------------------------------------------------------------
   
---------------------------------------------------------------------------------------------------
 
SpyGlass Exit Code 0 (Rule-checking completed without errors or warnings)
SpyGlass total run-time is 0:0:1 (1 secs)
SpyGlass run completed at 05:52:51 AM on Oct 01 2026
