
################################################################################
#
# This file has been generated by SpyGlass:
#     Report Name      : moresimple
#     Report Created by: ICer
#     Report Created on:  Thu Oct  1 05:52:50 2026
#     Working Directory: /home/ICer/IC/Projects/System/lint
#     SpyGlass Version : SpyGlass_vL-2016.06
#     Policy Name      : SpyGlass(SpyGlass_vL-2016.06)
#
#     Total Number of Generated Messages :          3
#     Number of Waived Messages          :          0
#     Number of Reported Messages        :          3
#     Number of Overlimit Messages       :          0
#
#
################################################################################

+++++++++++++++++++++++++++++++++++++++++++++++++++++++++++++++++++++++
MORESIMPLE REPORT:


############### BuiltIn -> RuleGroup=Design Read ###############
+++++++++++++++++++++++++++++++++++++++++++++++++++++++++++++++++++++++++++++++++++++++
ID       Rule                    Alias                   Severity    File                                                                                               Line    Wt    Message
======================================================================================
[2]      DetectTopDesignUnits    DetectTopDesignUnits    Info        /home/ICer/IC/Projects/System/rtl/SYSTEM_TOP.v                                                     1       2     Module SYSTEM_TOP is a top level design unit
[0]      AutoGenerateSglib       AutoGenerateSglib       Info        ./spyglass-1/spyglass_cache/autogenerated_sglib/lc/spyglass_lc_aggregate_reports/moresimple.rpt    0       2     Sglib './spyglass-1/spyglass_cache/autogenerated_sglib/aggregate.sglib' has been auto-generated successfully
[1]      ElabSummary             ElabSummary             Info        ./spyglass-1/Design_Read/spyglass_reports/SpyGlass/elab_summary.rpt                                0       2     Please refer file './spyglass-1/Design_Read/spyglass_reports/SpyGlass/elab_summary.rpt' for elab summary report
+++++++++++++++++++++++++++++++++++++++++++++++++++++++++++++++++++++++++++++++++++++++
