Loading db file '/home/ICer/IC/Projects/System/std_cells/scmetro_tsmc_cl013g_rvt_ss_1p08v_125c.db'
Information: Propagating switching activity (low effort zero delay simulation). (PWR-6)
Warning: Design has unannotated primary inputs. (PWR-414)
Warning: Design has unannotated sequential cell outputs. (PWR-415)
 
****************************************
Report : power
        -hier
        -analysis_effort low
Design : SYSTEM_TOP
Version: O-2018.06-SP1
Date   : Thu Oct  1 07:33:04 2026
****************************************


Library(s) Used:

    scmetro_tsmc_cl013g_rvt_ss_1p08v_125c (File: /home/ICer/IC/Projects/System/std_cells/scmetro_tsmc_cl013g_rvt_ss_1p08v_125c.db)


Operating Conditions: scmetro_tsmc_cl013g_rvt_ss_1p08v_125c   Library: scmetro_tsmc_cl013g_rvt_ss_1p08v_125c
Wire Load Model Mode: top

Design        Wire Load Model            Library
------------------------------------------------
SYSTEM_TOP             tsmc13_wl10       scmetro_tsmc_cl013g_rvt_ss_1p08v_125c


Global Operating Voltage = 1.08 
Power-specific unit information :
    Voltage Units = 1V
    Capacitance Units = 1.000000pf
    Time Units = 1ns
    Dynamic Power Units = 1mW    (derived from V,C,T units)
    Leakage Power Units = 1pW


--------------------------------------------------------------------------------
                                       Switch   Int      Leak     Total
Hierarchy                              Power    Power    Power    Power    %
--------------------------------------------------------------------------------
SYSTEM_TOP                             5.47e-02    0.412 1.82e+07    0.484 100.0
  U0_Pulse_Gen (Pulse_Gen)                0.000 2.46e-05 3.79e+04 6.25e-05   0.0
  U0_ASYNC_FIFO (ASYNC_FIFO)           8.17e-03    0.118 2.04e+06    0.128  26.5
    U4 (DF_SYNC_1)                     7.51e-04 1.16e-02 8.78e+04 1.25e-02   2.6
    U3 (DF_SYNC_0)                        0.000 4.93e-05 6.68e+04 1.16e-04   0.0
    U2 (FIFO_MEM_CNTRL)                5.70e-03 9.31e-02 1.31e+06    0.100  20.7
    U1 (FIFO_WR)                       8.35e-04 1.31e-02 2.41e+05 1.42e-02   2.9
    U0 (FIFO_RD)                       2.53e-04 7.57e-05 3.19e+05 6.48e-04   0.1
  U0_ALU (ALU)                         1.52e-03 2.49e-02 8.38e+06 3.48e-02   7.2
    div_46 (ALU_DW_div_uns_1)             0.000    0.000 5.06e+06 5.06e-03   1.0
    mult_41 (ALU_DW02_mult_0)             0.000    0.000 1.62e+06 1.62e-03   0.3
    add_33 (ALU_DW01_add_0)               0.000    0.000 2.02e+05 2.02e-04   0.0
    sub_37 (ALU_DW01_sub_0)               0.000    0.000 2.33e+05 2.33e-04   0.0
  U0_REGFILE (regfile)                 1.24e-02    0.211 3.03e+06    0.227  46.8
  U0_SYS_CTRL (SYS_CTRL)               1.48e-03 2.41e-02 6.00e+05 2.62e-02   5.4
  U0_DATA_SYNC (DATA_SYNC)             1.11e-03 1.74e-02 1.80e+05 1.87e-02   3.9
  U0_UART (UART)                       1.92e-03 2.58e-03 2.13e+06 6.63e-03   1.4
    U0_UART_RX (UART_RX)               1.36e-03 2.40e-03 1.68e+06 5.44e-03   1.1
      U6 (FSM_RX)                      3.56e-04 5.84e-04 3.01e+05 1.24e-03   0.3
      U5 (edge_bit_counter)            2.39e-04 3.80e-04 2.92e+05 9.11e-04   0.2
      U4 (deserializer)                4.44e-04 1.07e-03 2.89e+05 1.80e-03   0.4
      U3 (data_sampling)               1.28e-05 1.80e-04 3.96e+05 5.88e-04   0.1
      U2 (stop_checker)                1.40e-06 5.80e-05 1.42e+05 2.01e-04   0.0
      U1 (strt_checker)                   0.000 5.80e-05 1.12e+04 6.92e-05   0.0
      U0 (parity_checker)              8.44e-06 5.94e-05 2.45e+05 3.13e-04   0.1
    U0_UART_TX (UART_TX)               4.88e-04 1.53e-04 4.47e+05 1.09e-03   0.2
      U3 (FSM_TX)                         0.000 1.85e-05 6.67e+04 8.51e-05   0.0
      U2 (Serializer)                  3.12e-04 1.13e-04 2.44e+05 6.68e-04   0.1
      U1 (Parity_Calc)                    0.000 6.16e-06 1.09e+05 1.15e-04   0.0
      U0 (MUX)                            0.000    0.000 2.34e+04 2.34e-05   0.0
  U1_RST_SYNC (RST_SYNC_1)             6.31e-05 4.03e-04 3.46e+04 5.01e-04   0.1
  U0_RST_SYNC (RST_SYNC_0)             2.03e-04 6.80e-03 3.79e+04 7.04e-03   1.5
  U1_RX_CLK_DIV (CLK_DIV_1)            2.77e-03 1.40e-03 8.27e+05 5.00e-03   1.0
    r80 (CLK_DIV_1_DW01_inc_0)            0.000    0.000 9.76e+04 9.76e-05   0.0
  U0_TX_CLK_DIV (CLK_DIV_0)            1.40e-03 1.49e-03 8.00e+05 3.69e-03   0.8
    r80 (CLK_DIV_0_DW01_inc_0)         6.60e-06 3.18e-06 9.76e+04 1.07e-04   0.0
  U0_prescale_mux (prescale_mux)          0.000    0.000 3.68e+04 3.68e-05   0.0
  U0_CLK_GATE (CLK_GATE)               2.28e-02 3.01e-03 1.12e+04 2.58e-02   5.3
1
