
                           Design Compiler Graphical 
                                 DC Ultra (TM)
                                  DFTMAX (TM)
                              Power Compiler (TM)
                                 DesignWare (R)
                                 DC Expert (TM)
                               Design Vision (TM)
                               HDL Compiler (TM)
                               VHDL Compiler (TM)
                                  DFT Compiler
                               Design Compiler(R)

               Version O-2018.06-SP1 for linux64 - Jul 19, 2018 

                    Copyright (c) 1988 - 2018 Synopsys, Inc.
   This software and the associated documentation are proprietary to Synopsys,
 Inc. This software may only be used in accordance with the terms and conditions
 of a written license agreement with Synopsys, Inc. All other use, reproduction,
            or distribution of this software is strictly prohibited.
Initializing...
Initializing gui preferences from file  /home/ICer/.synopsys_dv_prefs.tcl
########################### Define Top Module ############################
set top_module SYSTEM_TOP
SYSTEM_TOP
##################### Define Working Library Directory ######################
define_design_lib work -path ./work
1
############################# Formality Setup File ##########################
set_svf $top_module.svf
1
################## Design Compiler Library Files #setup ######################
puts "###########################################"
###########################################
puts "#      #setting Design Libraries          #"
#      #setting Design Libraries          #
puts "###########################################"
###########################################
#Add the path of the libraries to the search_path variable
lappend search_path /home/ICer/IC/Projects/System/std_cells
. /home/synopsys/syn/O-2018.06-SP1/libraries/syn /home/synopsys/syn/O-2018.06-SP1/minpower/syn /home/synopsys/syn/O-2018.06-SP1/dw/syn_ver /home/synopsys/syn/O-2018.06-SP1/dw/sim_ver /home/ICer/IC/Projects/System/std_cells
set SSLIB "scmetro_tsmc_cl013g_rvt_ss_1p08v_125c.db"
scmetro_tsmc_cl013g_rvt_ss_1p08v_125c.db
set TTLIB "scmetro_tsmc_cl013g_rvt_tt_1p2v_25c.db"
scmetro_tsmc_cl013g_rvt_tt_1p2v_25c.db
set FFLIB "scmetro_tsmc_cl013g_rvt_ff_1p32v_m40c.db"
scmetro_tsmc_cl013g_rvt_ff_1p32v_m40c.db
## Standard Cell libraries 
set target_library [list $SSLIB $TTLIB $FFLIB]
scmetro_tsmc_cl013g_rvt_ss_1p08v_125c.db scmetro_tsmc_cl013g_rvt_tt_1p2v_25c.db scmetro_tsmc_cl013g_rvt_ff_1p32v_m40c.db
## Standard Cell & Hard Macros libraries 
set link_library [list * $SSLIB $TTLIB $FFLIB]  
* scmetro_tsmc_cl013g_rvt_ss_1p08v_125c.db scmetro_tsmc_cl013g_rvt_tt_1p2v_25c.db scmetro_tsmc_cl013g_rvt_ff_1p32v_m40c.db
######################## Reading RTL Files #################################
puts "###########################################"
###########################################
puts "#             Reading RTL Files           #"
#             Reading RTL Files           #
puts "###########################################"
###########################################
set file_format sverilog
sverilog
set fh [open system.lst r+]
file11
set rtl [read $fh]
/home/ICer/IC/Projects/System/rtl/ALU.v
/home/ICer/IC/Projects/System/rtl/ASYNC_FIFO.v
/home/ICer/IC/Projects/System/rtl/Clk_Div.v
/home/ICer/IC/Projects/System/rtl/CLK_GATE.v
/home/ICer/IC/Projects/System/rtl/data_sampling.v
/home/ICer/IC/Projects/System/rtl/DATA_SYNC.v
/home/ICer/IC/Projects/System/rtl/deserializer.v
/home/ICer/IC/Projects/System/rtl/DF_SYNC.v
/home/ICer/IC/Projects/System/rtl/edge_bit_counter.v
/home/ICer/IC/Projects/System/rtl/FIFO_MEM_CNTRL.v
/home/ICer/IC/Projects/System/rtl/FIFO_RD.v
/home/ICer/IC/Projects/System/rtl/FIFO_WR.v
/home/ICer/IC/Projects/System/rtl/FSM_RX.v
/home/ICer/IC/Projects/System/rtl/FSM_TX.sv
/home/ICer/IC/Projects/System/rtl/MUX.v
/home/ICer/IC/Projects/System/rtl/Parity_Calc.v
/home/ICer/IC/Projects/System/rtl/parity_checker.v
/home/ICer/IC/Projects/System/rtl/prescale_mux.v
/home/ICer/IC/Projects/System/rtl/Pulse_Gen.v
/home/ICer/IC/Projects/System/rtl/regfile.v
/home/ICer/IC/Projects/System/rtl/RST_SYNC.v
/home/ICer/IC/Projects/System/rtl/Serializer.v
/home/ICer/IC/Projects/System/rtl/stop_checker.v
/home/ICer/IC/Projects/System/rtl/strt_checker.v
/home/ICer/IC/Projects/System/rtl/SYS_CTRL.v
/home/ICer/IC/Projects/System/rtl/SYSTEM_TOP.v
/home/ICer/IC/Projects/System/rtl/UART.v
/home/ICer/IC/Projects/System/rtl/UART_RX.v
/home/ICer/IC/Projects/System/rtl/UART_TX.v

set designs ""
regsub -all "\n" $rtl " " designs
29
read_file -format $file_format $designs
Loading db file '/home/ICer/IC/Projects/System/std_cells/scmetro_tsmc_cl013g_rvt_ss_1p08v_125c.db'
Loading db file '/home/ICer/IC/Projects/System/std_cells/scmetro_tsmc_cl013g_rvt_tt_1p2v_25c.db'
Loading db file '/home/ICer/IC/Projects/System/std_cells/scmetro_tsmc_cl013g_rvt_ff_1p32v_m40c.db'
Loading db file '/home/synopsys/syn/O-2018.06-SP1/libraries/syn/gtech.db'
Loading db file '/home/synopsys/syn/O-2018.06-SP1/libraries/syn/standard.sldb'
  Loading link library 'scmetro_tsmc_cl013g_rvt_ss_1p08v_125c'
  Loading link library 'scmetro_tsmc_cl013g_rvt_tt_1p2v_25c'
  Loading link library 'scmetro_tsmc_cl013g_rvt_ff_1p32v_m40c'
  Loading link library 'gtech'
Loading sverilog files: '/home/ICer/IC/Projects/System/rtl/ALU.v' '/home/ICer/IC/Projects/System/rtl/ASYNC_FIFO.v' '/home/ICer/IC/Projects/System/rtl/Clk_Div.v' '/home/ICer/IC/Projects/System/rtl/CLK_GATE.v' '/home/ICer/IC/Projects/System/rtl/data_sampling.v' '/home/ICer/IC/Projects/System/rtl/DATA_SYNC.v' '/home/ICer/IC/Projects/System/rtl/deserializer.v' '/home/ICer/IC/Projects/System/rtl/DF_SYNC.v' '/home/ICer/IC/Projects/System/rtl/edge_bit_counter.v' '/home/ICer/IC/Projects/System/rtl/FIFO_MEM_CNTRL.v' '/home/ICer/IC/Projects/System/rtl/FIFO_RD.v' '/home/ICer/IC/Projects/System/rtl/FIFO_WR.v' '/home/ICer/IC/Projects/System/rtl/FSM_RX.v' '/home/ICer/IC/Projects/System/rtl/FSM_TX.sv' '/home/ICer/IC/Projects/System/rtl/MUX.v' '/home/ICer/IC/Projects/System/rtl/Parity_Calc.v' '/home/ICer/IC/Projects/System/rtl/parity_checker.v' '/home/ICer/IC/Projects/System/rtl/prescale_mux.v' '/home/ICer/IC/Projects/System/rtl/Pulse_Gen.v' '/home/ICer/IC/Projects/System/rtl/regfile.v' '/home/ICer/IC/Projects/System/rtl/RST_SYNC.v' '/home/ICer/IC/Projects/System/rtl/Serializer.v' '/home/ICer/IC/Projects/System/rtl/stop_checker.v' '/home/ICer/IC/Projects/System/rtl/strt_checker.v' '/home/ICer/IC/Projects/System/rtl/SYS_CTRL.v' '/home/ICer/IC/Projects/System/rtl/SYSTEM_TOP.v' '/home/ICer/IC/Projects/System/rtl/UART.v' '/home/ICer/IC/Projects/System/rtl/UART_RX.v' '/home/ICer/IC/Projects/System/rtl/UART_TX.v' 
Detecting input file type automatically (-rtl or -netlist).
Reading with Presto HDL Compiler (equivalent to -rtl option).
Running PRESTO HDLC
Compiling source file /home/ICer/IC/Projects/System/rtl/ALU.v
Compiling source file /home/ICer/IC/Projects/System/rtl/ASYNC_FIFO.v
Compiling source file /home/ICer/IC/Projects/System/rtl/Clk_Div.v
Compiling source file /home/ICer/IC/Projects/System/rtl/CLK_GATE.v
Compiling source file /home/ICer/IC/Projects/System/rtl/data_sampling.v
Compiling source file /home/ICer/IC/Projects/System/rtl/DATA_SYNC.v
Compiling source file /home/ICer/IC/Projects/System/rtl/deserializer.v
Compiling source file /home/ICer/IC/Projects/System/rtl/DF_SYNC.v
Compiling source file /home/ICer/IC/Projects/System/rtl/edge_bit_counter.v
Compiling source file /home/ICer/IC/Projects/System/rtl/FIFO_MEM_CNTRL.v
Compiling source file /home/ICer/IC/Projects/System/rtl/FIFO_RD.v
Compiling source file /home/ICer/IC/Projects/System/rtl/FIFO_WR.v
Compiling source file /home/ICer/IC/Projects/System/rtl/FSM_RX.v
Compiling source file /home/ICer/IC/Projects/System/rtl/FSM_TX.sv
Compiling source file /home/ICer/IC/Projects/System/rtl/MUX.v
Compiling source file /home/ICer/IC/Projects/System/rtl/Parity_Calc.v
Compiling source file /home/ICer/IC/Projects/System/rtl/parity_checker.v
Compiling source file /home/ICer/IC/Projects/System/rtl/prescale_mux.v
Compiling source file /home/ICer/IC/Projects/System/rtl/Pulse_Gen.v
Compiling source file /home/ICer/IC/Projects/System/rtl/regfile.v
Compiling source file /home/ICer/IC/Projects/System/rtl/RST_SYNC.v
Compiling source file /home/ICer/IC/Projects/System/rtl/Serializer.v
Compiling source file /home/ICer/IC/Projects/System/rtl/stop_checker.v
Compiling source file /home/ICer/IC/Projects/System/rtl/strt_checker.v
Compiling source file /home/ICer/IC/Projects/System/rtl/SYS_CTRL.v
Compiling source file /home/ICer/IC/Projects/System/rtl/SYSTEM_TOP.v
Compiling source file /home/ICer/IC/Projects/System/rtl/UART.v
Compiling source file /home/ICer/IC/Projects/System/rtl/UART_RX.v
Compiling source file /home/ICer/IC/Projects/System/rtl/UART_TX.v

Statistics for case statements in always block at line 23 in file
	'/home/ICer/IC/Projects/System/rtl/ALU.v'
===============================================
|           Line           |  full/ parallel  |
===============================================
|            30            |    auto/auto     |
===============================================

Inferred memory devices in process
	in routine ALU line 12 in file
		'/home/ICer/IC/Projects/System/rtl/ALU.v'.
===============================================================================
|    Register Name    |   Type    | Width | Bus | MB | AR | AS | SR | SS | ST |
===============================================================================
|    out_valid_reg    | Flip-flop |   1   |  N  | N  | Y  | N  | N  | N  | N  |
|     ALU_OUT_reg     | Flip-flop |  16   |  Y  | N  | Y  | N  | N  | N  | N  |
===============================================================================

Inferred memory devices in process
	in routine CLK_DIV line 11 in file
		'/home/ICer/IC/Projects/System/rtl/Clk_Div.v'.
===============================================================================
|    Register Name    |   Type    | Width | Bus | MB | AR | AS | SR | SS | ST |
===============================================================================
|   clk_div_en_reg    | Flip-flop |   1   |  N  | N  | Y  | N  | N  | N  | N  |
|   edge_count_reg    | Flip-flop |   8   |  Y  | N  | Y  | N  | N  | N  | N  |
| prev_div_ratio_reg  | Flip-flop |   8   |  Y  | N  | Y  | N  | N  | N  | N  |
|   divided_clk_reg   | Flip-flop |   1   |  N  | N  | N  | Y  | N  | N  | N  |
===============================================================================

Statistics for case statements in always block at line 14 in file
	'/home/ICer/IC/Projects/System/rtl/data_sampling.v'
===============================================
|           Line           |  full/ parallel  |
===============================================
|            21            |      no/no       |
===============================================

Inferred memory devices in process
	in routine data_sampling line 14 in file
		'/home/ICer/IC/Projects/System/rtl/data_sampling.v'.
===============================================================================
|    Register Name    |   Type    | Width | Bus | MB | AR | AS | SR | SS | ST |
===============================================================================
|  third_sample_reg   | Flip-flop |   1   |  N  | N  | Y  | N  | N  | N  | N  |
|  first_sample_reg   | Flip-flop |   1   |  N  | N  | Y  | N  | N  | N  | N  |
|  second_sample_reg  | Flip-flop |   1   |  N  | N  | Y  | N  | N  | N  | N  |
===============================================================================

Inferred memory devices in process
	in routine DATA_SYNC line 13 in file
		'/home/ICer/IC/Projects/System/rtl/DATA_SYNC.v'.
===============================================================================
|    Register Name    |   Type    | Width | Bus | MB | AR | AS | SR | SS | ST |
===============================================================================
|   multi_flops_reg   | Flip-flop |   2   |  Y  | N  | Y  | N  | N  | N  | N  |
===============================================================================

Inferred memory devices in process
	in routine DATA_SYNC line 22 in file
		'/home/ICer/IC/Projects/System/rtl/DATA_SYNC.v'.
===============================================================================
|    Register Name    |   Type    | Width | Bus | MB | AR | AS | SR | SS | ST |
===============================================================================
|   enable_flop_reg   | Flip-flop |   1   |  N  | N  | Y  | N  | N  | N  | N  |
===============================================================================

Inferred memory devices in process
	in routine DATA_SYNC line 34 in file
		'/home/ICer/IC/Projects/System/rtl/DATA_SYNC.v'.
===============================================================================
|    Register Name    |   Type    | Width | Bus | MB | AR | AS | SR | SS | ST |
===============================================================================
|  enable_pulse_reg   | Flip-flop |   1   |  N  | N  | Y  | N  | N  | N  | N  |
|    sync_bus_reg     | Flip-flop |   8   |  Y  | N  | Y  | N  | N  | N  | N  |
===============================================================================

Inferred memory devices in process
	in routine deserializer line 12 in file
		'/home/ICer/IC/Projects/System/rtl/deserializer.v'.
===============================================================================
|    Register Name    |   Type    | Width | Bus | MB | AR | AS | SR | SS | ST |
===============================================================================
|      data_reg       | Flip-flop |   7   |  Y  | N  | Y  | N  | N  | N  | N  |
|     P_DATA_reg      | Flip-flop |   8   |  Y  | N  | Y  | N  | N  | N  | N  |
|     counter_reg     | Flip-flop |   4   |  Y  | N  | Y  | N  | N  | N  | N  |
===============================================================================

Inferred memory devices in process
	in routine DF_SYNC line 9 in file
		'/home/ICer/IC/Projects/System/rtl/DF_SYNC.v'.
===============================================================================
|    Register Name    |   Type    | Width | Bus | MB | AR | AS | SR | SS | ST |
===============================================================================
|    sync_out_reg     | Flip-flop |   4   |  Y  | N  | Y  | N  | N  | N  | N  |
|    sync_reg_reg     | Flip-flop |   4   |  Y  | N  | Y  | N  | N  | N  | N  |
===============================================================================

Inferred memory devices in process
	in routine edge_bit_counter line 9 in file
		'/home/ICer/IC/Projects/System/rtl/edge_bit_counter.v'.
===============================================================================
|    Register Name    |   Type    | Width | Bus | MB | AR | AS | SR | SS | ST |
===============================================================================
|  edges_counter_reg  | Flip-flop |   6   |  Y  | N  | Y  | N  | N  | N  | N  |
===============================================================================

Inferred memory devices in process
	in routine FIFO_MEM_CNTRL line 13 in file
		'/home/ICer/IC/Projects/System/rtl/FIFO_MEM_CNTRL.v'.
===============================================================================
|    Register Name    |   Type    | Width | Bus | MB | AR | AS | SR | SS | ST |
===============================================================================
|    fifo_mem_reg     | Flip-flop |  64   |  Y  | N  | Y  | N  | N  | N  | N  |
===============================================================================
Statistics for MUX_OPs
=======================================================
| block name/line   | Inputs | Outputs | # sel inputs |
=======================================================
| FIFO_MEM_CNTRL/11 |   8    |    8    |      3       |
=======================================================

Inferred memory devices in process
	in routine FIFO_RD line 21 in file
		'/home/ICer/IC/Projects/System/rtl/FIFO_RD.v'.
===============================================================================
|    Register Name    |   Type    | Width | Bus | MB | AR | AS | SR | SS | ST |
===============================================================================
|   rempty_reg_reg    | Flip-flop |   1   |  N  | N  | N  | Y  | N  | N  | N  |
|    rcounter_reg     | Flip-flop |   4   |  Y  | N  | Y  | N  | N  | N  | N  |
|  rptr_gray_reg_reg  | Flip-flop |   4   |  Y  | N  | Y  | N  | N  | N  | N  |
===============================================================================

Inferred memory devices in process
	in routine FIFO_WR line 25 in file
		'/home/ICer/IC/Projects/System/rtl/FIFO_WR.v'.
===============================================================================
|    Register Name    |   Type    | Width | Bus | MB | AR | AS | SR | SS | ST |
===============================================================================
|    wfull_reg_reg    | Flip-flop |   1   |  N  | N  | Y  | N  | N  | N  | N  |
|    wcounter_reg     | Flip-flop |   4   |  Y  | N  | Y  | N  | N  | N  | N  |
|  wptr_gray_reg_reg  | Flip-flop |   4   |  Y  | N  | Y  | N  | N  | N  | N  |
===============================================================================

Statistics for case statements in always block at line 74 in file
	'/home/ICer/IC/Projects/System/rtl/FSM_RX.v'
===============================================
|           Line           |  full/ parallel  |
===============================================
|            85            |    auto/auto     |
===============================================

Inferred memory devices in process
	in routine FSM_RX line 29 in file
		'/home/ICer/IC/Projects/System/rtl/FSM_RX.v'.
===============================================================================
|    Register Name    |   Type    | Width | Bus | MB | AR | AS | SR | SS | ST |
===============================================================================
|  current_state_reg  | Flip-flop |   3   |  Y  | N  | Y  | N  | N  | N  | N  |
===============================================================================

Inferred memory devices in process
	in routine FSM_RX line 37 in file
		'/home/ICer/IC/Projects/System/rtl/FSM_RX.v'.
===============================================================================
|    Register Name    |   Type    | Width | Bus | MB | AR | AS | SR | SS | ST |
===============================================================================
|  data_counter_reg   | Flip-flop |   3   |  Y  | N  | Y  | N  | N  | N  | N  |
===============================================================================

Inferred memory devices in process
	in routine FSM_RX line 58 in file
		'/home/ICer/IC/Projects/System/rtl/FSM_RX.v'.
===============================================================================
|    Register Name    |   Type    | Width | Bus | MB | AR | AS | SR | SS | ST |
===============================================================================
|   data_valid_reg    | Flip-flop |   1   |  N  | N  | Y  | N  | N  | N  | N  |
===============================================================================

Statistics for case statements in always block at line 25 in file
	'/home/ICer/IC/Projects/System/rtl/FSM_TX.sv'
===============================================
|           Line           |  full/ parallel  |
===============================================
|            32            |    auto/auto     |
===============================================

Statistics for case statements in always block at line 87 in file
	'/home/ICer/IC/Projects/System/rtl/FSM_TX.sv'
===============================================
|           Line           |  full/ parallel  |
===============================================
|            88            |    auto/auto     |
===============================================

Inferred memory devices in process
	in routine FSM_TX line 14 in file
		'/home/ICer/IC/Projects/System/rtl/FSM_TX.sv'.
===============================================================================
|    Register Name    |   Type    | Width | Bus | MB | AR | AS | SR | SS | ST |
===============================================================================
|  current_state_reg  | Flip-flop |   3   |  Y  | N  | Y  | N  | N  | N  | N  |
===============================================================================

Statistics for case statements in always block at line 9 in file
	'/home/ICer/IC/Projects/System/rtl/MUX.v'
===============================================
|           Line           |  full/ parallel  |
===============================================
|            12            |    auto/auto     |
===============================================

Statistics for case statements in always block at line 7 in file
	'/home/ICer/IC/Projects/System/rtl/Parity_Calc.v'
===============================================
|           Line           |  full/ parallel  |
===============================================
|            16            |    auto/auto     |
===============================================

Inferred memory devices in process
	in routine Parity_Calc line 7 in file
		'/home/ICer/IC/Projects/System/rtl/Parity_Calc.v'.
===============================================================================
|    Register Name    |   Type    | Width | Bus | MB | AR | AS | SR | SS | ST |
===============================================================================
|     par_bit_reg     | Flip-flop |   1   |  N  | N  | Y  | N  | N  | N  | N  |
===============================================================================

Inferred memory devices in process
	in routine parity_checker line 9 in file
		'/home/ICer/IC/Projects/System/rtl/parity_checker.v'.
===============================================================================
|    Register Name    |   Type    | Width | Bus | MB | AR | AS | SR | SS | ST |
===============================================================================
|     par_err_reg     | Flip-flop |   1   |  N  | N  | Y  | N  | N  | N  | N  |
===============================================================================

Statistics for case statements in always block at line 6 in file
	'/home/ICer/IC/Projects/System/rtl/prescale_mux.v'
===============================================
|           Line           |  full/ parallel  |
===============================================
|            7             |    auto/auto     |
===============================================

Inferred memory devices in process
	in routine Pulse_Gen line 10 in file
		'/home/ICer/IC/Projects/System/rtl/Pulse_Gen.v'.
===============================================================================
|    Register Name    |   Type    | Width | Bus | MB | AR | AS | SR | SS | ST |
===============================================================================
|      sync_reg       | Flip-flop |   1   |  N  | N  | Y  | N  | N  | N  | N  |
|    sync_reg_reg     | Flip-flop |   2   |  Y  | N  | Y  | N  | N  | N  | N  |
|     sync_d_reg      | Flip-flop |   1   |  N  | N  | Y  | N  | N  | N  | N  |
===============================================================================

Inferred memory devices in process
	in routine regfile line 13 in file
		'/home/ICer/IC/Projects/System/rtl/regfile.v'.
===============================================================================
|    Register Name    |   Type    | Width | Bus | MB | AR | AS | SR | SS | ST |
===============================================================================
|    Registers_reg    | Flip-flop |  125  |  Y  | N  | Y  | N  | N  | N  | N  |
|    Registers_reg    | Flip-flop |   3   |  Y  | N  | N  | Y  | N  | N  | N  |
|  Rd_Data_Valid_reg  | Flip-flop |   1   |  N  | N  | Y  | N  | N  | N  | N  |
|     RdData_reg      | Flip-flop |   8   |  Y  | N  | Y  | N  | N  | N  | N  |
===============================================================================
Statistics for MUX_OPs
======================================================
| block name/line  | Inputs | Outputs | # sel inputs |
======================================================
|    regfile/33    |   16   |    8    |      4       |
======================================================

Inferred memory devices in process
	in routine RST_SYNC line 8 in file
		'/home/ICer/IC/Projects/System/rtl/RST_SYNC.v'.
===============================================================================
|    Register Name    |   Type    | Width | Bus | MB | AR | AS | SR | SS | ST |
===============================================================================
|      flops_reg      | Flip-flop |   3   |  Y  | N  | Y  | N  | N  | N  | N  |
===============================================================================

Inferred memory devices in process
	in routine Serializer line 11 in file
		'/home/ICer/IC/Projects/System/rtl/Serializer.v'.
===============================================================================
|    Register Name    |   Type    | Width | Bus | MB | AR | AS | SR | SS | ST |
===============================================================================
|    ser_done_reg     | Flip-flop |   1   |  N  | N  | Y  | N  | N  | N  | N  |
|     Data_In_reg     | Flip-flop |   8   |  Y  | N  | Y  | N  | N  | N  | N  |
|      count_reg      | Flip-flop |   3   |  Y  | N  | Y  | N  | N  | N  | N  |
|    ser_data_reg     | Flip-flop |   1   |  N  | N  | Y  | N  | N  | N  | N  |
===============================================================================
Statistics for MUX_OPs
======================================================
| block name/line  | Inputs | Outputs | # sel inputs |
======================================================
|  Serializer/32   |   8    |    1    |      3       |
======================================================

Inferred memory devices in process
	in routine stop_checker line 8 in file
		'/home/ICer/IC/Projects/System/rtl/stop_checker.v'.
===============================================================================
|    Register Name    |   Type    | Width | Bus | MB | AR | AS | SR | SS | ST |
===============================================================================
|     stp_err_reg     | Flip-flop |   1   |  N  | N  | Y  | N  | N  | N  | N  |
===============================================================================

Inferred memory devices in process
	in routine strt_checker line 6 in file
		'/home/ICer/IC/Projects/System/rtl/strt_checker.v'.
===============================================================================
|    Register Name    |   Type    | Width | Bus | MB | AR | AS | SR | SS | ST |
===============================================================================
|   strt_glitch_reg   | Flip-flop |   1   |  N  | N  | Y  | N  | N  | N  | N  |
===============================================================================

Statistics for case statements in always block at line 48 in file
	'/home/ICer/IC/Projects/System/rtl/SYS_CTRL.v'
===============================================
|           Line           |  full/ parallel  |
===============================================
|            62            |    auto/auto     |
|            66            |    auto/auto     |
===============================================

Inferred memory devices in process
	in routine SYS_CTRL line 26 in file
		'/home/ICer/IC/Projects/System/rtl/SYS_CTRL.v'.
===============================================================================
|    Register Name    |   Type    | Width | Bus | MB | AR | AS | SR | SS | ST |
===============================================================================
|    addr_reg_reg     | Flip-flop |   4   |  Y  | N  | Y  | N  | N  | N  | N  |
|  current_state_reg  | Flip-flop |   4   |  Y  | N  | Y  | N  | N  | N  | N  |
|     command_reg     | Flip-flop |   8   |  Y  | N  | Y  | N  | N  | N  | N  |
===============================================================================
Presto compilation completed successfully.
Current design is now '/home/ICer/IC/Projects/System/rtl/ALU.db:ALU'
Loaded 29 designs.
Current design is 'ALU'.
ALU ASYNC_FIFO CLK_DIV CLK_GATE data_sampling DATA_SYNC deserializer DF_SYNC edge_bit_counter FIFO_MEM_CNTRL FIFO_RD FIFO_WR FSM_RX FSM_TX MUX Parity_Calc parity_checker prescale_mux Pulse_Gen regfile RST_SYNC Serializer stop_checker strt_checker SYS_CTRL SYSTEM_TOP UART UART_RX UART_TX
###################### Defining toplevel ###################################
current_design $top_module
Current design is 'SYSTEM_TOP'.
{SYSTEM_TOP}
#################### Liniking All The Design Parts #########################
puts "###############################################"
###############################################
puts "######## Liniking All The Design Parts ########"
######## Liniking All The Design Parts ########
puts "###############################################"
###############################################
link 

  Linking design 'SYSTEM_TOP'
  Using the following designs and libraries:
  --------------------------------------------------------------------------
  * (29 designs)              /home/ICer/IC/Projects/System/rtl/SYSTEM_TOP.db, etc
  scmetro_tsmc_cl013g_rvt_ss_1p08v_125c (library) /home/ICer/IC/Projects/System/std_cells/scmetro_tsmc_cl013g_rvt_ss_1p08v_125c.db
  scmetro_tsmc_cl013g_rvt_tt_1p2v_25c (library) /home/ICer/IC/Projects/System/std_cells/scmetro_tsmc_cl013g_rvt_tt_1p2v_25c.db
  scmetro_tsmc_cl013g_rvt_ff_1p32v_m40c (library) /home/ICer/IC/Projects/System/std_cells/scmetro_tsmc_cl013g_rvt_ff_1p32v_m40c.db

1
#################### Liniking All The Design Parts #########################
puts "###############################################"
###############################################
puts "######## checking design consistency ##########"
######## checking design consistency ##########
puts "###############################################"
###############################################
check_design
 
****************************************
check_design summary:
Version:     O-2018.06-SP1
Date:        Thu Oct  1 07:32:48 2026
****************************************

                   Name                                            Total
--------------------------------------------------------------------------------
Inputs/Outputs                                                      2
    Unconnected ports (LINT-28)                                     1
    Constant outputs (LINT-52)                                      1

Cells                                                              32
    Cells do not drive (LINT-1)                                    26
    Connected to power or ground (LINT-32)                          5
    Nets connected to multiple pins on same cell (LINT-33)          1
--------------------------------------------------------------------------------

Warning: In design 'CLK_DIV', cell 'C237' does not drive any nets. (LINT-1)
Warning: In design 'CLK_DIV', cell 'C241' does not drive any nets. (LINT-1)
Warning: In design 'CLK_DIV', cell 'C242' does not drive any nets. (LINT-1)
Warning: In design 'CLK_DIV', cell 'C253' does not drive any nets. (LINT-1)
Warning: In design 'CLK_DIV', cell 'C257' does not drive any nets. (LINT-1)
Warning: In design 'ALU', cell 'C344' does not drive any nets. (LINT-1)
Warning: In design 'ALU', cell 'C345' does not drive any nets. (LINT-1)
Warning: In design 'ALU', cell 'C346' does not drive any nets. (LINT-1)
Warning: In design 'ALU', cell 'C350' does not drive any nets. (LINT-1)
Warning: In design 'ALU', cell 'C423' does not drive any nets. (LINT-1)
Warning: In design 'ALU', cell 'C425' does not drive any nets. (LINT-1)
Warning: In design 'ALU', cell 'C427' does not drive any nets. (LINT-1)
Warning: In design 'FIFO_RD', cell 'B_1' does not drive any nets. (LINT-1)
Warning: In design 'FIFO_WR', cell 'B_1' does not drive any nets. (LINT-1)
Warning: In design 'FIFO_WR', cell 'B_2' does not drive any nets. (LINT-1)
Warning: In design 'Serializer', cell 'C124' does not drive any nets. (LINT-1)
Warning: In design 'parity_checker', cell 'B_3' does not drive any nets. (LINT-1)
Warning: In design 'stop_checker', cell 'B_1' does not drive any nets. (LINT-1)
Warning: In design 'data_sampling', cell 'C70' does not drive any nets. (LINT-1)
Warning: In design 'deserializer', cell 'C186' does not drive any nets. (LINT-1)
Warning: In design 'edge_bit_counter', cell 'C60' does not drive any nets. (LINT-1)
Warning: In design 'FSM_RX', cell 'C225' does not drive any nets. (LINT-1)
Warning: In design 'FSM_RX', cell 'B_14' does not drive any nets. (LINT-1)
Warning: In design 'FSM_RX', cell 'B_15' does not drive any nets. (LINT-1)
Warning: In design 'FSM_RX', cell 'B_16' does not drive any nets. (LINT-1)
Warning: In design 'FSM_RX', cell 'B_17' does not drive any nets. (LINT-1)
Warning: In design 'data_sampling', port 'prescale[0]' is not connected to any nets. (LINT-28)
Warning: In design 'SYSTEM_TOP', a pin on submodule 'U1_RX_CLK_DIV' is connected to logic 1 or logic 0. (LINT-32)
   Pin 'i_div_ratio[7]' is connected to logic 0. 
Warning: In design 'SYSTEM_TOP', a pin on submodule 'U1_RX_CLK_DIV' is connected to logic 1 or logic 0. (LINT-32)
   Pin 'i_div_ratio[6]' is connected to logic 0. 
Warning: In design 'SYSTEM_TOP', a pin on submodule 'U1_RX_CLK_DIV' is connected to logic 1 or logic 0. (LINT-32)
   Pin 'i_div_ratio[5]' is connected to logic 0. 
Warning: In design 'SYSTEM_TOP', a pin on submodule 'U1_RX_CLK_DIV' is connected to logic 1 or logic 0. (LINT-32)
   Pin 'i_div_ratio[4]' is connected to logic 0. 
Warning: In design 'SYSTEM_TOP', a pin on submodule 'U1_RX_CLK_DIV' is connected to logic 1 or logic 0. (LINT-32)
   Pin 'i_div_ratio[3]' is connected to logic 0. 
Warning: In design 'SYSTEM_TOP', the same net is connected to more than one pin on submodule 'U1_RX_CLK_DIV'. (LINT-33)
   Net '*Logic0*' is connected to pins 'i_div_ratio[7]', 'i_div_ratio[6]'', 'i_div_ratio[5]', 'i_div_ratio[4]', 'i_div_ratio[3]'.
Warning: In design 'SYS_CTRL', output port 'clk_div_en' is connected directly to 'logic 1'. (LINT-52)
1
############################### Path groups ################################
puts "###############################################"
###############################################
puts "################ Path groups ##################"
################ Path groups ##################
puts "###############################################"
###############################################
group_path -name INREG -from [all_inputs]
1
group_path -name REGOUT -to [all_outputs]
1
group_path -name INOUT -from [all_inputs] -to [all_outputs]
1
#################### Define Design Constraints #########################
puts "###############################################"
###############################################
puts "############ Design Constraints #### ##########"
############ Design Constraints #### ##########
puts "###############################################"
###############################################
source ./cons.tcl
Warning: Design rule attributes from the driving cell will be
	set on the port. (UID-401)
Using operating conditions 'scmetro_tsmc_cl013g_rvt_ss_1p08v_125c' found in library 'scmetro_tsmc_cl013g_rvt_ss_1p08v_125c'.
Using operating conditions 'scmetro_tsmc_cl013g_rvt_ff_1p32v_m40c' found in library 'scmetro_tsmc_cl013g_rvt_ff_1p32v_m40c'.
1
###################### Mapping and optimization ########################
puts "###############################################"
###############################################
puts "########## Mapping & Optimization #############"
########## Mapping & Optimization #############
puts "###############################################"
###############################################
compile
Information: Evaluating DesignWare library utilization. (UISN-27)

============================================================================
| DesignWare Building Block Library  |         Version         | Available |
============================================================================
| Basic DW Building Blocks           | O-2018.06-DWBB_201806.1 |     *     |
| Licensed DW Building Blocks        |                         |           |
============================================================================


Information: There are 34 potential problems in your design. Please run 'check_design' for more information. (LINT-99)


Warning: Operating condition scmetro_tsmc_cl013g_rvt_ss_1p08v_125c set on design SYSTEM_TOP has different process,
voltage and temperatures parameters than the parameters at which target library 
scmetro_tsmc_cl013g_rvt_tt_1p2v_25c is characterized. Delays may be inaccurate as a result. (OPT-998)

  Beginning Pass 1 Mapping
  ------------------------
  Processing 'Pulse_Gen'
  Processing 'DF_SYNC_0'
  Processing 'FIFO_MEM_CNTRL'
  Processing 'FIFO_WR'
  Processing 'FIFO_RD'
  Processing 'ASYNC_FIFO'
  Processing 'ALU'
  Processing 'regfile'
  Processing 'SYS_CTRL'
  Processing 'DATA_SYNC'
  Processing 'FSM_RX'
  Processing 'edge_bit_counter'
  Processing 'deserializer'
Information: The register 'counter_reg[3]' is a constant and will be removed. (OPT-1206)
  Processing 'data_sampling'
  Processing 'stop_checker'
  Processing 'strt_checker'
  Processing 'parity_checker'
  Processing 'UART_RX'
  Processing 'FSM_TX'
  Processing 'Serializer'
  Processing 'Parity_Calc'
  Processing 'MUX'
  Processing 'UART_TX'
  Processing 'UART'
  Processing 'RST_SYNC_0'
  Processing 'CLK_DIV_0'
  Processing 'prescale_mux'
  Processing 'SYSTEM_TOP'

  Updating timing information
Information: Updating design information... (UID-85)

  Beginning Implementation Selection
  ----------------------------------
  Processing 'ALU_DW_div_uns_0'
  Processing 'ALU_DW01_sub_0'
  Processing 'ALU_DW01_add_0'
  Processing 'ALU_DW01_cmp6_0'
  Processing 'FSM_RX_DW01_cmp6_0'
  Processing 'FSM_RX_DW01_dec_0'
  Processing 'edge_bit_counter_DW01_inc_0'
  Processing 'edge_bit_counter_DW01_cmp6_0'
  Processing 'edge_bit_counter_DW01_dec_0'
  Processing 'data_sampling_DW01_cmp6_0'
  Processing 'data_sampling_DW01_inc_0'
  Processing 'data_sampling_DW01_cmp6_1'
  Processing 'data_sampling_DW01_cmp6_2'
  Processing 'data_sampling_DW01_dec_0'
  Processing 'stop_checker_DW01_cmp6_0'
  Processing 'stop_checker_DW01_sub_0'
  Processing 'parity_checker_DW01_cmp6_0'
  Processing 'parity_checker_DW01_dec_0'
  Processing 'CLK_DIV_1_DW01_inc_0'
  Processing 'CLK_DIV_1_DW01_cmp6_0'
  Processing 'CLK_DIV_1_DW01_cmp6_1'
  Processing 'CLK_DIV_1_DW01_dec_0'
  Processing 'CLK_DIV_1_DW01_cmp6_2'
  Processing 'CLK_DIV_0_DW01_inc_0'
  Processing 'CLK_DIV_0_DW01_cmp6_0'
  Processing 'CLK_DIV_0_DW01_cmp6_1'
  Processing 'CLK_DIV_0_DW01_dec_0'
  Processing 'CLK_DIV_0_DW01_cmp6_2'
  Processing 'ALU_DW02_mult_0'
  Processing 'ALU_DW01_add_1'

  Beginning Mapping Optimizations  (Medium effort)
  -------------------------------
Loading db file '/home/ICer/IC/Projects/System/std_cells/scmetro_tsmc_cl013g_rvt_tt_1p2v_25c.db'
Loading db file '/home/ICer/IC/Projects/System/std_cells/scmetro_tsmc_cl013g_rvt_ff_1p32v_m40c.db'
  Mapping Optimization (Phase 1)
  Mapping Optimization (Phase 2)

                                  TOTAL                                      
   ELAPSED            WORST NEG   SETUP    DESIGN                            
    TIME      AREA      SLACK     COST    RULE COST         ENDPOINT         
  --------- --------- --------- --------- --------- -------------------------
    0:00:08   43843.8      1.83       2.8       4.7                          
    0:00:08   43836.8      1.79       2.7       4.7                          
    0:00:08   43836.8      1.79       2.7       4.7                          
    0:00:08   43822.7      1.79       2.7       4.7                          
    0:00:08   43822.7      1.79       2.7       4.7                          
    0:00:08   26754.6      3.16       6.5       2.7                          
    0:00:08   26687.6      3.15       5.4       2.6                          
    0:00:08   26627.5      3.14       7.2       2.6                          
    0:00:08   26655.8      3.15       5.4       2.6                          
    0:00:08   26653.4      3.51       6.5       2.6                          
    0:00:08   26647.5      3.35       6.5       2.6                          
    0:00:09   26740.5      3.08       5.2       2.6                          
    0:00:09   26702.9      3.08       5.2       2.6                          
    0:00:09   26702.9      3.03       5.1       2.6                          
    0:00:09   26702.9      3.03       5.1       2.6                          
    0:00:09   26702.9      3.03       5.1       2.6                          
    0:00:09   26674.6      3.03       5.1       2.6                          
    0:00:09   26674.6      3.03       5.1       2.6                          
    0:00:09   26689.9      3.03       5.1       0.0                          
    0:00:09   26674.6      3.04       5.1       0.0                          
    0:00:09   26674.6      3.04       5.1       0.0                          
    0:00:09   26674.6      3.04       5.1       0.0                          
    0:00:09   26674.6      3.04       5.1       0.0                          
    0:00:09   26917.0      1.97       3.0       0.8 U0_ALU/ALU_OUT_reg[0]/D  
    0:00:09   26932.3      1.89       2.8       0.8 U0_ALU/ALU_OUT_reg[0]/D  
    0:00:09   27125.3      1.50       2.2       1.0                          



  Beginning Delay Optimization Phase
  ----------------------------------

                                  TOTAL                                      
   ELAPSED            WORST NEG   SETUP    DESIGN                            
    TIME      AREA      SLACK     COST    RULE COST         ENDPOINT         
  --------- --------- --------- --------- --------- -------------------------
    0:00:09   27125.3      1.50       2.2       1.0                          
    0:00:09   27281.8      1.25       1.7       1.0 U0_ALU/ALU_OUT_reg[0]/D  
    0:00:09   27273.6      1.11       1.5       0.8 U0_ALU/ALU_OUT_reg[0]/D  
    0:00:09   27378.3      1.00       1.3       0.8 U0_ALU/ALU_OUT_reg[0]/D  
    0:00:09   27361.8      0.98       1.2       0.8 U0_ALU/ALU_OUT_reg[0]/D  
    0:00:09   27440.6      0.93       1.1       0.8 U0_ALU/ALU_OUT_reg[0]/D  
    0:00:10   27430.1      0.88       1.0       0.8 U0_ALU/ALU_OUT_reg[0]/D  
    0:00:10   27437.1      0.87       1.0       0.8 U0_ALU/ALU_OUT_reg[0]/D  
    0:00:10   27441.8      0.86       1.7       0.8 U0_ALU/ALU_OUT_reg[0]/D  
    0:00:10   27444.2      0.86       1.0       0.8 U0_ALU/ALU_OUT_reg[0]/D  
    0:00:10   27440.6      0.86       1.0       0.8 U0_ALU/ALU_OUT_reg[0]/D  
    0:00:10   27440.6      0.85       1.0       0.8 U0_ALU/ALU_OUT_reg[0]/D  
    0:00:10   27434.8      0.84       0.9       0.8 U0_ALU/ALU_OUT_reg[0]/D  
    0:00:10   27466.5      0.82       0.9       0.8 U0_ALU/ALU_OUT_reg[0]/D  
    0:00:10   27474.8      0.80       0.9       0.8 U0_ALU/ALU_OUT_reg[0]/D  
    0:00:10   27479.5      0.68       0.8       0.8 U0_ALU/ALU_OUT_reg[0]/D  
    0:00:10   27497.1      0.68       0.8       1.7 U0_ALU/ALU_OUT_reg[0]/D  
    0:00:10   27490.1      0.67       0.8       1.7 U0_ALU/ALU_OUT_reg[0]/D  
    0:00:11   27494.8      0.66       0.8       1.7 U0_ALU/ALU_OUT_reg[0]/D  
    0:00:11   27525.4      0.65       0.7       1.7 U0_ALU/ALU_OUT_reg[0]/D  
    0:00:11   27518.3      0.64       0.7       1.7 U0_ALU/ALU_OUT_reg[0]/D  
    0:00:11   27538.3      0.59       0.7       1.7 U0_ALU/ALU_OUT_reg[0]/D  
    0:00:11   27565.4      0.56       0.7       1.7 U0_ALU/ALU_OUT_reg[0]/D  
    0:00:11   27797.2      0.51       0.6       2.1 U0_ALU/ALU_OUT_reg[0]/D  
    0:00:11   27809.0      0.50       0.6       2.1 U0_ALU/ALU_OUT_reg[0]/D  
    0:00:11   27844.3      0.44       0.5       2.1 U0_ALU/ALU_OUT_reg[0]/D  
    0:00:11   27834.8      0.42       0.5       2.1 U0_ALU/ALU_OUT_reg[0]/D  
    0:00:11   27806.6      0.42       0.5       2.1 U0_ALU/ALU_OUT_reg[0]/D  
    0:00:11   27825.4      0.40       0.5       2.1 U0_ALU/ALU_OUT_reg[0]/D  
    0:00:11   27801.9      0.36       0.5       2.1 U0_ALU/ALU_OUT_reg[0]/D  
    0:00:11   27787.8      0.33       0.4       2.1 U0_ALU/ALU_OUT_reg[0]/D  
    0:00:11   27786.6      0.32       0.4       2.1 U0_ALU/ALU_OUT_reg[0]/D  
    0:00:11   27739.5      0.31       0.4       2.1 U0_ALU/ALU_OUT_reg[0]/D  
    0:00:11   27768.9      0.30       0.4       2.1 U0_ALU/ALU_OUT_reg[0]/D  
    0:00:11   27765.4      0.30       0.4       2.1 U0_ALU/ALU_OUT_reg[0]/D  
    0:00:11   27811.3      0.24       0.3       2.1 U0_ALU/ALU_OUT_reg[0]/D  
    0:00:11   27800.7      0.23       0.3       2.1 U0_ALU/ALU_OUT_reg[0]/D  
    0:00:11   27831.3      0.23       0.3       2.1 U0_ALU/ALU_OUT_reg[0]/D  
    0:00:11   27844.3      0.22       0.3       2.1 U0_ALU/ALU_OUT_reg[0]/D  
    0:00:11   27880.7      0.19       0.3       2.1 U0_ALU/ALU_OUT_reg[0]/D  
    0:00:11   27940.7      0.11       0.2       2.1 U0_ALU/ALU_OUT_reg[0]/D  
    0:00:11   27921.9      0.11       0.2       2.1 U0_ALU/ALU_OUT_reg[0]/D  
    0:00:11   27985.5      0.10       0.2       2.1 U0_ALU/ALU_OUT_reg[0]/D  
    0:00:12   27977.2      0.10       0.2       2.1 U0_ALU/ALU_OUT_reg[0]/D  
    0:00:12   27986.6      0.10       0.2       2.1 U0_ALU/ALU_OUT_reg[0]/D  
    0:00:12   28012.5      0.09       0.1       1.3 U0_ALU/ALU_OUT_reg[0]/D  
    0:00:12   27998.4      0.09       0.1       1.3 U0_ALU/ALU_OUT_reg[0]/D  
    0:00:12   27997.2      0.09       0.1       1.3 U0_ALU/ALU_OUT_reg[0]/D  
    0:00:12   27994.9      0.09       0.1       1.3 U0_ALU/ALU_OUT_reg[0]/D  
    0:00:12   27999.6      0.09       0.1       1.3 U0_ALU/ALU_OUT_reg[0]/D  
    0:00:13   28034.9      0.05       0.1       1.3 U0_ALU/ALU_OUT_reg[0]/D  
    0:00:13   28041.9      0.03       0.0       1.3 U0_ALU/ALU_OUT_reg[0]/D  
    0:00:13   28072.5      0.03       0.0       1.3                          
    0:00:13   28070.2      0.03       0.0       1.3                          
    0:00:13   28067.8      0.03       0.0       1.3                          


  Beginning Design Rule Fixing  (max_transition)  (max_capacitance)
  ----------------------------

                                  TOTAL                                      
   ELAPSED            WORST NEG   SETUP    DESIGN                            
    TIME      AREA      SLACK     COST    RULE COST         ENDPOINT         
  --------- --------- --------- --------- --------- -------------------------
    0:00:13   28067.8      0.03       0.0       1.3                          
    0:00:13   28079.6      0.00       0.0       0.8 U0_ALU/ALU_OUT_reg[0]/D  
    0:00:13   28081.9      0.00       0.0       0.0 U0_ALU/mult_41/net7003   
    0:00:13   28081.9      0.00       0.0       0.0                          


  Beginning Area-Recovery Phase  (cleanup)
  -----------------------------

                                  TOTAL                                      
   ELAPSED            WORST NEG   SETUP    DESIGN                            
    TIME      AREA      SLACK     COST    RULE COST         ENDPOINT         
  --------- --------- --------- --------- --------- -------------------------
    0:00:13   28081.9      0.00       0.0       0.0                          
    0:00:13   28081.9      0.00       0.0       0.0                          
    0:00:13   27561.8      0.10       0.1       0.0                          
    0:00:13   27466.5      0.22       0.2       0.0                          
    0:00:13   27410.0      0.39       0.4       0.0                          
    0:00:13   27400.6      0.39       0.4       0.0                          
    0:00:13   27390.0      0.39       0.4       0.0                          
    0:00:13   27390.0      0.39       0.4       0.0                          
    0:00:13   27484.2      0.03       0.0       0.0 U0_ALU/ALU_OUT_reg[0]/D  
    0:00:14   27473.6      0.00       0.0       0.0                          
    0:00:14   27099.4      0.90       1.1       0.0                          
    0:00:14   27019.4      0.84       1.0       0.0                          
    0:00:14   26999.4      0.87       1.0       0.0                          
    0:00:14   26999.4      0.87       1.0       0.0                          
    0:00:14   26999.4      0.87       1.0       0.0                          
    0:00:14   26999.4      0.87       1.0       0.0                          
    0:00:14   26999.4      0.87       1.0       0.0                          
    0:00:14   26999.4      0.87       1.0       0.0                          
    0:00:14   27190.0      0.08       0.1       0.0 U0_ALU/ALU_OUT_reg[0]/D  
    0:00:14   27188.8      0.06       0.1       0.0 U0_ALU/ALU_OUT_reg[0]/D  
    0:00:14   27148.8      0.06       0.1       0.0 U0_ALU/ALU_OUT_reg[0]/D  
    0:00:14   27145.3      0.06       0.1       0.0 U0_ALU/ALU_OUT_reg[0]/D  
    0:00:14   27157.1      0.05       0.1       0.0 U0_ALU/ALU_OUT_reg[0]/D  
    0:00:14   27182.9      0.03       0.0       0.0 U0_ALU/ALU_OUT_reg[0]/D  
    0:00:14   27225.3      0.03       0.0       0.0 U0_ALU/ALU_OUT_reg[0]/D  
    0:00:14   27239.4      0.01       0.0       0.0 U0_ALU/ALU_OUT_reg[0]/D  
    0:00:14   27241.8      0.00       0.0       0.0 U0_ALU/ALU_OUT_reg[0]/D  
    0:00:15   27225.3      0.00       0.0       0.0                          
Loading db file '/home/ICer/IC/Projects/System/std_cells/scmetro_tsmc_cl013g_rvt_ss_1p08v_125c.db'


Note: Symbol # after min delay cost means estimated hold TNS across all active scenarios 


  Optimization Complete
  ---------------------
1
#############################################################################
# Write out files
#############################################################################
write_file -format ddc -hierarchy -output netlists/$top_module.ddc
Writing ddc file 'netlists/SYSTEM_TOP.ddc'.
1
write_file -format verilog -hierarchy -output netlists/$top_module.v
Writing verilog file '/home/ICer/IC/Projects/System/Synthesis/netlists/SYSTEM_TOP.v'.
Warning: Verilog 'assign' or 'tran' statements are written out. (VO-4)
Warning: Changed instance name sync_reg to sync_reg_inst in module Pulse_Gen. Please use the change_names command to make the correct changes before invoking the verilog writer.   (VO-1)
1
write_sdf  sdf/$top_module.sdf
Information: Annotated 'cell' delays are assumed to include load delay. (UID-282)
Information: Writing timing information to file '/home/ICer/IC/Projects/System/Synthesis/sdf/SYSTEM_TOP.sdf'. (WT-3)
Information: Updating design information... (UID-85)
1
write_sdc  -nosplit sdc/$top_module.sdc
1
####################### reporting ##########################################
report_area -hierarchy > reports/area.rpt
report_power -hierarchy > reports/power.rpt
report_timing -sort_by slack -delay_type min > reports/hold.rpt
report_timing -sort_by slack -delay_type max > reports/setup.rpt
report_clock -attributes > reports/clocks.rpt
report_constraint -all_violators -nosplit > reports/constraints.rpt
################# starting graphical user interface #######################
#gui_start
exit

Memory usage for main task 281 Mbytes.
Memory usage for this session 281 Mbytes.
CPU usage for this session 16 seconds ( 0.00 hours ).

Thank you...
