read_file -type sourcelist ../rtl/list.f
read_file -type gateslib {../std_cells/scmetro_tsmc_cl013g_rvt_ff_1p32v_m40c.lib ../std_cells/scmetro_tsmc_cl013g_rvt_ss_1p08v_125c.lib ../std_cells/scmetro_tsmc_cl013g_rvt_tt_1p2v_25c.lib}
set_option enableSV yes



current_goal Design_Read -alltop


link_design -force




current_goal Design_Read -alltop




current_goal lint/lint_rtl -alltop
run_goal




gui_select_message -rule STARC05-1.3.1.3 -msg {Asynchronous reset signal 'SYSTEM_TOP.U0_RST_SYNC.flops[2]' (flop: 'SYSTEM_TOP.U0_ASYNC_FIFO.U1.wcounter[0]') used as non-reset/synchronous-reset at instance 'SYSTEM_TOP.U0_REGFILE.\Registers_reg[8][0] .EN' (File Name: '/home/ICer/IC/Projects/System/rtl/regfile.v' ,Line no.: '14')}
gui_open_schematic -is
gui_expand_schematic {pin U0_REGFILE.rtlc_I1136 in2 input}
run_goal

gui_select_message -rule STARC05-1.4.3.4 -msg {Clock signal 'SYSTEM_TOP.U0_TX_CLK_DIV.divided_clk' used as a non-clock (Used with name 'SYSTEM_TOP.U0_TX_CLK_DIV.divided_clk')}
gui_open_schematic -is
gui_expand_schematic {pin U0_TX_CLK_DIV.rtlc_I17 in_0 input}
read_file -type awl ./spyglass-1/lint/lint_rtl/spyglass-1_waiver_file.awl
set_goal_option default_waiver_file ./spyglass-1/lint/lint_rtl/spyglass-1_waiver_file.awl
read_file -type awl ./spyglass-1/lint/lint_rtl/spyglass-1_waiver_file.awl
set_goal_option default_waiver_file ./spyglass-1/lint/lint_rtl/spyglass-1_waiver_file.awl

set _sg_current_default_waiver_file ""; set _sg_current_default_waiver_file [get_goal_option default_waiver_file]
waive -rule STARC05-1.4.3.4 -msg {Clock signal 'SYSTEM_TOP.U0_TX_CLK_DIV.divided_clk' used as a non-clock (Used with name 'SYSTEM_TOP.U0_TX_CLK_DIV.divided_clk')} -comment {Created by ICer on 01-Oct-2026 06:15:07}
if {$_sg_current_default_waiver_file == {} || $_sg_current_default_waiver_file == {{}}} {remove_goal_option default_waiver_file } else { set_goal_option default_waiver_file $_sg_current_default_waiver_file}






gui_select_message -rule STARC05-1.4.3.4 -msg {Clock signal 'SYSTEM_TOP.U1_RX_CLK_DIV.divided_clk' used as a non-clock (Used with name 'SYSTEM_TOP.U1_RX_CLK_DIV.divided_clk')}
gui_open_schematic -is

set _sg_current_default_waiver_file ""; set _sg_current_default_waiver_file [get_goal_option default_waiver_file]
waive -rule STARC05-2.11.3.1 -comment {Created by ICer on 01-Oct-2026 06:15:36}
if {$_sg_current_default_waiver_file == {} || $_sg_current_default_waiver_file == {{}}} {remove_goal_option default_waiver_file } else { set_goal_option default_waiver_file $_sg_current_default_waiver_file}






set _sg_current_default_waiver_file ""; set _sg_current_default_waiver_file [get_goal_option default_waiver_file]; set_goal_option default_waiver_file {./spyglass-1/lint/lint_rtl/spyglass-1_waiver_file.awl}
remove_waiver -id 0
waive -disable -rule STARC05-1.4.3.4 -msg {Clock signal 'SYSTEM_TOP.U0_TX_CLK_DIV.divided_clk' used as a non-clock (Used with name 'SYSTEM_TOP.U0_TX_CLK_DIV.divided_clk')} -comment {Created by ICer on 01-Oct-2026 06:15:07} -id 0
if {$_sg_current_default_waiver_file == {} || $_sg_current_default_waiver_file == {{}}} {remove_goal_option default_waiver_file } else { set_goal_option default_waiver_file $_sg_current_default_waiver_file}



gui_select_message -rule STARC05-1.4.3.4 -msg {Clock signal 'SYSTEM_TOP.U0_TX_CLK_DIV.divided_clk' used as a non-clock (Used with name 'SYSTEM_TOP.U0_TX_CLK_DIV.divided_clk')}
gui_open_schematic -is
gui_select_message -rule STARC05-1.4.3.4 -msg {Clock signal 'SYSTEM_TOP.U1_RX_CLK_DIV.divided_clk' used as a non-clock (Used with name 'SYSTEM_TOP.U1_RX_CLK_DIV.divided_clk')}
gui_open_schematic -is
gui_select_message -rule STARC05-1.4.3.4 -msg {Clock signal 'SYSTEM_TOP.U0_TX_CLK_DIV.divided_clk' used as a non-clock (Used with name 'SYSTEM_TOP.U0_TX_CLK_DIV.divided_clk')}
gui_open_schematic -is

set _sg_current_default_waiver_file ""; set _sg_current_default_waiver_file [get_goal_option default_waiver_file]
waive -rule STARC05-1.4.3.4 -comment {Created by ICer on 01-Oct-2026 06:17:01}
if {$_sg_current_default_waiver_file == {} || $_sg_current_default_waiver_file == {{}}} {remove_goal_option default_waiver_file } else { set_goal_option default_waiver_file $_sg_current_default_waiver_file}






save_project -force /home/ICer/IC/Projects/System/lint/lint.prj
save_waiver
save_project
gui_exit
gui_exit
