################################################################################
#
# This file has been generated by SpyGlass:
#     Report Created by: ICer
#     Report Created on: Thu Oct  1 07:05:41 2026
#     Working Directory: /home/ICer/IC/Projects/System/CDC
#     Report Location  : ./spyglass-1/cdc/cdc_abstract/spyglass_reports/SpyGlass/elab_summary.rpt
#     SpyGlass Version : SpyGlass_vL-2016.06
#     Policy Name      : SpyGlass(SpyGlass_vL-2016.06)
#     Comment          : This report contains RTL and Elaborated names along with parameter values
#
################################################################################

================================================================================
Elaborated Name: 'prescale_mux'
    (RTL Design Unit name: 'prescale_mux', /home/ICer/IC/Projects/System/rtl/prescale_mux.v:1)
     Parameters (Total: 0)
     Instances (Total: 1): SYSTEM_TOP.U0_prescale_mux 

================================================================================

Elaborated Name: 'CLK_DIV'
    (RTL Design Unit name: 'CLK_DIV', /home/ICer/IC/Projects/System/rtl/Clk_Div.v:1)
     Parameters (Total: 0)
     Instances (Total: 2): SYSTEM_TOP.U1_RX_CLK_DIV, SYSTEM_TOP.U0_TX_CLK_DIV 

================================================================================

Elaborated Name: 'RST_SYNC'
    (RTL Design Unit name: 'RST_SYNC', /home/ICer/IC/Projects/System/rtl/RST_SYNC.v:1)
     Parameters (Total: 1)
         stages = 3 (default: 3)
     Instances (Total: 2): SYSTEM_TOP.U1_RST_SYNC, SYSTEM_TOP.U0_RST_SYNC 

================================================================================

Elaborated Name: 'UART'
    (RTL Design Unit name: 'UART', /home/ICer/IC/Projects/System/rtl/UART.v:1)
     Parameters (Total: 0)
     Instances (Total: 1): SYSTEM_TOP.U0_UART 

================================================================================

Elaborated Name: 'UART_TX'
    (RTL Design Unit name: 'UART_TX', /home/ICer/IC/Projects/System/rtl/UART_TX.v:1)
     Parameters (Total: 0)
     Instances (Total: 1): SYSTEM_TOP.U0_UART.U0_UART_TX 

================================================================================

Elaborated Name: 'MUX'
    (RTL Design Unit name: 'MUX', /home/ICer/IC/Projects/System/rtl/MUX.v:1)
     Parameters (Total: 2)
         start_bit = 0 (default: 1'b0)
         stop_bit  = 1 (default: 1'b1)
     Instances (Total: 1): SYSTEM_TOP.U0_UART.U0_UART_TX.U0 

================================================================================

Elaborated Name: 'Parity_Calc'
    (RTL Design Unit name: 'Parity_Calc', /home/ICer/IC/Projects/System/rtl/Parity_Calc.v:1)
     Parameters (Total: 0)
     Instances (Total: 1): SYSTEM_TOP.U0_UART.U0_UART_TX.U1 

================================================================================

Elaborated Name: 'Serializer'
    (RTL Design Unit name: 'Serializer', /home/ICer/IC/Projects/System/rtl/Serializer.v:1)
     Parameters (Total: 0)
     Instances (Total: 1): SYSTEM_TOP.U0_UART.U0_UART_TX.U2 

================================================================================

Elaborated Name: 'FSM_TX'
    (RTL Design Unit name: 'FSM_TX', /home/ICer/IC/Projects/System/rtl/FSM_TX.sv:1)
     Parameters (Total: 4)
         s0 = 0 (default: 2'b00)
         s1 = 1 (default: 2'b01)
         s2 = 2 (default: 2'b10)
         s3 = 3 (default: 2'b11)
     Instances (Total: 1): SYSTEM_TOP.U0_UART.U0_UART_TX.U3 

================================================================================

Elaborated Name: 'UART_RX'
    (RTL Design Unit name: 'UART_RX', /home/ICer/IC/Projects/System/rtl/UART_RX.v:1)
     Parameters (Total: 0)
     Instances (Total: 1): SYSTEM_TOP.U0_UART.U0_UART_RX 

================================================================================

Elaborated Name: 'parity_checker'
    (RTL Design Unit name: 'parity_checker', /home/ICer/IC/Projects/System/rtl/parity_checker.v:1)
     Parameters (Total: 0)
     Instances (Total: 1): SYSTEM_TOP.U0_UART.U0_UART_RX.U0 

================================================================================

Elaborated Name: 'strt_checker'
    (RTL Design Unit name: 'strt_checker', /home/ICer/IC/Projects/System/rtl/strt_checker.v:1)
     Parameters (Total: 0)
     Instances (Total: 1): SYSTEM_TOP.U0_UART.U0_UART_RX.U1 

================================================================================

Elaborated Name: 'stop_checker'
    (RTL Design Unit name: 'stop_checker', /home/ICer/IC/Projects/System/rtl/stop_checker.v:1)
     Parameters (Total: 0)
     Instances (Total: 1): SYSTEM_TOP.U0_UART.U0_UART_RX.U2 

================================================================================

Elaborated Name: 'data_sampling'
    (RTL Design Unit name: 'data_sampling', /home/ICer/IC/Projects/System/rtl/data_sampling.v:1)
     Parameters (Total: 0)
     Instances (Total: 1): SYSTEM_TOP.U0_UART.U0_UART_RX.U3 

================================================================================

Elaborated Name: 'deserializer'
    (RTL Design Unit name: 'deserializer', /home/ICer/IC/Projects/System/rtl/deserializer.v:1)
     Parameters (Total: 0)
     Instances (Total: 1): SYSTEM_TOP.U0_UART.U0_UART_RX.U4 

================================================================================

Elaborated Name: 'edge_bit_counter'
    (RTL Design Unit name: 'edge_bit_counter', /home/ICer/IC/Projects/System/rtl/edge_bit_counter.v:1)
     Parameters (Total: 0)
     Instances (Total: 1): SYSTEM_TOP.U0_UART.U0_UART_RX.U5 

================================================================================

Elaborated Name: 'FSM_RX'
    (RTL Design Unit name: 'FSM_RX', /home/ICer/IC/Projects/System/rtl/FSM_RX.v:1)
     Parameters (Total: 5)
         idle   = 0 (default: 3'b000)
         start  = 1 (default: 3'b001)
         data   = 3 (default: 3'b011)
         parity = 2 (default: 3'b010)
         stop   = 6 (default: 3'b110)
     Instances (Total: 1): SYSTEM_TOP.U0_UART.U0_UART_RX.U6 

================================================================================

Elaborated Name: 'DATA_SYNC'
    (RTL Design Unit name: 'DATA_SYNC', /home/ICer/IC/Projects/System/rtl/DATA_SYNC.v:1)
     Parameters (Total: 2)
         bus_width = 8 (default: 8)
         stages    = 2 (default: 2)
     Instances (Total: 1): SYSTEM_TOP.U0_DATA_SYNC 

================================================================================

Elaborated Name: 'SYS_CTRL'
    (RTL Design Unit name: 'SYS_CTRL', /home/ICer/IC/Projects/System/rtl/SYS_CTRL.v:1)
     Parameters (Total: 10)
         idle         = 0 (default: 4'b0000)
         Address      = 1 (default: 4'b0001)
         data_write   = 3 (default: 4'b0011)
         data_read    = 2 (default: 4'b0010)
         send_to_fifo = 6 (default: 4'b0110)
         ALU_state    = 4 (default: 4'b0100)
         write_A      = 5 (default: 4'b0101)
         write_B      = 7 (default: 4'b0111)
         send_MSB     = 8 (default: 4'b1000)
         send_LSB     = 9 (default: 4'b1001)
     Instances (Total: 1): SYSTEM_TOP.U0_SYS_CTRL 

================================================================================

Elaborated Name: 'regfile'
    (RTL Design Unit name: 'regfile', /home/ICer/IC/Projects/System/rtl/regfile.v:1)
     Parameters (Total: 0)
     Instances (Total: 1): SYSTEM_TOP.U0_REGFILE 

================================================================================

Elaborated Name: 'CLK_GATE'
    (RTL Design Unit name: 'CLK_GATE', /home/ICer/IC/Projects/System/rtl/CLK_GATE.v:1)
     Parameters (Total: 0)
     Instances (Total: 1): SYSTEM_TOP.U0_CLK_GATE 

================================================================================

Elaborated Name: 'ALU'
    (RTL Design Unit name: 'ALU', /home/ICer/IC/Projects/System/rtl/ALU.v:1)
     Parameters (Total: 0)
     Instances (Total: 1): SYSTEM_TOP.U0_ALU 

================================================================================

Elaborated Name: 'ASYNC_FIFO'
    (RTL Design Unit name: 'ASYNC_FIFO', /home/ICer/IC/Projects/System/rtl/ASYNC_FIFO.v:1)
     Parameters (Total: 1)
         data_width = 8 (default: 8)
     Instances (Total: 1): SYSTEM_TOP.U0_ASYNC_FIFO 

================================================================================

Elaborated Name: 'FIFO_RD'
    (RTL Design Unit name: 'FIFO_RD', /home/ICer/IC/Projects/System/rtl/FIFO_RD.v:1)
     Parameters (Total: 0)
     Instances (Total: 1): SYSTEM_TOP.U0_ASYNC_FIFO.U0 

================================================================================

Elaborated Name: 'FIFO_WR'
    (RTL Design Unit name: 'FIFO_WR', /home/ICer/IC/Projects/System/rtl/FIFO_WR.v:1)
     Parameters (Total: 0)
     Instances (Total: 1): SYSTEM_TOP.U0_ASYNC_FIFO.U1 

================================================================================

Elaborated Name: 'FIFO_MEM_CNTRL'
    (RTL Design Unit name: 'FIFO_MEM_CNTRL', /home/ICer/IC/Projects/System/rtl/FIFO_MEM_CNTRL.v:1)
     Parameters (Total: 1)
         data_width = 8 (default: 8)
     Instances (Total: 1): SYSTEM_TOP.U0_ASYNC_FIFO.U2 

================================================================================

Elaborated Name: 'DF_SYNC'
    (RTL Design Unit name: 'DF_SYNC', /home/ICer/IC/Projects/System/rtl/DF_SYNC.v:1)
     Parameters (Total: 0)
     Instances (Total: 2): SYSTEM_TOP.U0_ASYNC_FIFO.U4, SYSTEM_TOP.U0_ASYNC_FIFO.U3 

================================================================================

Elaborated Name: 'Pulse_Gen'
    (RTL Design Unit name: 'Pulse_Gen', /home/ICer/IC/Projects/System/rtl/Pulse_Gen.v:1)
     Parameters (Total: 1)
         stages = 2 (default: 2)
     Instances (Total: 1): SYSTEM_TOP.U0_Pulse_Gen 

================================================================================

Elaborated Name: 'SYSTEM_TOP'
    (RTL Design Unit name: 'SYSTEM_TOP', /home/ICer/IC/Projects/System/rtl/SYSTEM_TOP.v:1)
     Parameters (Total: 0)
================================================================================
