/home/ICer/IC/Projects/System/DFT/rtl/ALU.v
/home/ICer/IC/Projects/System/DFT/rtl/ASYNC_FIFO.v
/home/ICer/IC/Projects/System/DFT/rtl/Clk_Div.v
/home/ICer/IC/Projects/System/DFT/rtl/CLK_GATE.v
/home/ICer/IC/Projects/System/DFT/rtl/data_sampling.v
/home/ICer/IC/Projects/System/DFT/rtl/DATA_SYNC.v
/home/ICer/IC/Projects/System/DFT/rtl/deserializer.v
/home/ICer/IC/Projects/System/DFT/rtl/DF_SYNC.v
/home/ICer/IC/Projects/System/DFT/rtl/edge_bit_counter.v
/home/ICer/IC/Projects/System/DFT/rtl/FIFO_MEM_CNTRL.v
/home/ICer/IC/Projects/System/DFT/rtl/FIFO_RD.v
/home/ICer/IC/Projects/System/DFT/rtl/FIFO_WR.v
/home/ICer/IC/Projects/System/DFT/rtl/FSM_RX.v
/home/ICer/IC/Projects/System/DFT/rtl/FSM_TX.sv
/home/ICer/IC/Projects/System/DFT/rtl/MUX.v
/home/ICer/IC/Projects/System/DFT/rtl/Parity_Calc.v
/home/ICer/IC/Projects/System/DFT/rtl/parity_checker.v
/home/ICer/IC/Projects/System/DFT/rtl/prescale_mux.v
/home/ICer/IC/Projects/System/DFT/rtl/Pulse_Gen.v
/home/ICer/IC/Projects/System/DFT/rtl/regfile.v
/home/ICer/IC/Projects/System/DFT/rtl/RST_SYNC.v
/home/ICer/IC/Projects/System/DFT/rtl/Serializer.v
/home/ICer/IC/Projects/System/DFT/rtl/stop_checker.v
/home/ICer/IC/Projects/System/DFT/rtl/strt_checker.v
/home/ICer/IC/Projects/System/DFT/rtl/SYS_CTRL.v
/home/ICer/IC/Projects/System/DFT/rtl/SYSTEM_TOP.v
/home/ICer/IC/Projects/System/DFT/rtl/UART.v
/home/ICer/IC/Projects/System/DFT/rtl/UART_RX.v
/home/ICer/IC/Projects/System/DFT/rtl/UART_TX.v
