
################################################################################
#
# This file has been generated by SpyGlass:
#     Report Name      : RSTree
#     Report Created by: ICer
#     Report Created on:  Thu Oct  1 06:51:38 2026
#     Working Directory: /home/ICer/IC/Projects/System/CDC
#     SpyGlass Version : SpyGlass_vL-2016.06
#     Policy Name      : clock-reset(SpyGlass_vL-2016.06)
#     Comment          : Report Generated By Rule Reset_info02
#
################################################################################

################################################################################
# 
# Purpose: 
#     This report shows the reset trees for resets. It is generated if you have
#     enabled rule Reset_info02 and defined reset constraints or enabled parameter
#     use_inferred_resets.
#     This report is sensitive to any case analysis settings that have been set.
# 
# Format: 
#     The trees are shown in a tree-like format.(The nodes are indented according to
#     their position in hierarchy,"`--" is  used to indicate whether a net/cell is
#     the last child at a particular level,"|--" is used for rest of the nodes. The 
#     level is also printed in braces before every net/cell).
#     The (+)/(-) suffix to a leaf-level cell output net name indicates the reset
#     polarity reaching the flip-flop.
#     When (x) suffix is present, it indicates that reset polarity could not be
#     uniquely determined.
# 
#     A leaf on the tree can be one of:
#     a. A register inferred from the RTL - the hierarchical name of the registered
#                net is shown along with the polarity of the reset at that point
#     b. A black box - the hierarchical name of the black box instance is annotated
#                with its master name, the name of the pin connected to the reset, 
#                the polarity of the reset and (Black-Box) to indicate that
#                this is a black box
#     c. A latch inferred from the RTL - the hierarchical name of the latched net is
#                shown along with the polarity of the reset and (Latch) to indicate 
#                that this is latched net. For a latch to be a leaf, the data pin
#                of the latch should be connected to the reset.
#     d. A sequential leaf cell - the hierarchical name of the sequential instance, 
#                which is neither known to be a flop nor a latch, is annotated with 
#                its master name, the name of the pin connected to the reset, the polarity
#                of the reset and (Sequential Logic Cell) to indicate that this is a 
#                sequential leaf cell
# 
#     The intermediate nodes of a tree are the hierarchical name of the net found while 
#     walking along a path from the root of the tree to a leaf
#     If the same intermediate node is observed more than once on different paths
#     from root to leaves, then the sub-tree beyond this node is shown only after its
#     first occurence in the tree. For the other occurences, a reference to the sub-tree
#     is shown. This rule is recursively followed for the sub-trees also.
################################################################################

============================================
ROOT RESET: SYSTEM_TOP.RST
|-- (1)SYSTEM_TOP.U1_RST_SYNC.flops[0] (-)
|-- (1)SYSTEM_TOP.U1_RST_SYNC.flops[1] (-)
|-- (1)SYSTEM_TOP.U1_RST_SYNC.flops[2] (-)
|-- (1)SYSTEM_TOP.U1_RST_SYNC.flops[2]
|   `-- (2)SYSTEM_TOP.UART_RST
|       |-- (3)SYSTEM_TOP.FIFO_RINC (-)
|       |-- (3)SYSTEM_TOP.U0_Pulse_Gen.sync_reg[0] (-)
|       |-- (3)SYSTEM_TOP.U0_Pulse_Gen.sync_reg[1] (-)
|       |-- (3)SYSTEM_TOP.U0_Pulse_Gen.sync_d (-)
|       |-- (3)SYSTEM_TOP.U0_ASYNC_FIFO.rq2_wptr[0] (-)
|       |-- (3)SYSTEM_TOP.U0_ASYNC_FIFO.rq2_wptr[1] (-)
|       |-- (3)SYSTEM_TOP.U0_ASYNC_FIFO.rq2_wptr[2] (-)
|       |-- (3)SYSTEM_TOP.U0_ASYNC_FIFO.rq2_wptr[3] (-)
|       |-- (3)SYSTEM_TOP.U0_ASYNC_FIFO.U3.sync_reg[0] (-)
|       |-- (3)SYSTEM_TOP.U0_ASYNC_FIFO.U3.sync_reg[1] (-)
|       |-- (3)SYSTEM_TOP.U0_ASYNC_FIFO.U3.sync_reg[2] (-)
|       |-- (3)SYSTEM_TOP.U0_ASYNC_FIFO.U3.sync_reg[3] (-)
|       |-- (3)SYSTEM_TOP.U0_ASYNC_FIFO.U0.rcounter[0] (-)
|       |-- (3)SYSTEM_TOP.U0_ASYNC_FIFO.U0.rcounter[1] (-)
|       |-- (3)SYSTEM_TOP.U0_ASYNC_FIFO.U0.rcounter[2] (-)
|       |-- (3)SYSTEM_TOP.U0_ASYNC_FIFO.U0.rcounter[3] (-)
|       |-- (3)SYSTEM_TOP.U0_ASYNC_FIFO.U0.rempty_reg (-)
|       |-- (3)SYSTEM_TOP.U0_ASYNC_FIFO.U0.rptr_gray_reg[0] (-)
|       |-- (3)SYSTEM_TOP.U0_ASYNC_FIFO.U0.rptr_gray_reg[1] (-)
|       |-- (3)SYSTEM_TOP.U0_ASYNC_FIFO.U0.rptr_gray_reg[2] (-)
|       |-- (3)SYSTEM_TOP.U0_ASYNC_FIFO.U0.rptr_gray_reg[3] (-)
|       |-- (3)SYSTEM_TOP.U0_UART.U0_UART_RX.U6.current_state[0] (-)
|       |-- (3)SYSTEM_TOP.U0_UART.U0_UART_RX.U6.current_state[1] (-)
|       |-- (3)SYSTEM_TOP.U0_UART.U0_UART_RX.U6.current_state[2] (-)
|       |-- (3)SYSTEM_TOP.U0_UART.U0_UART_RX.U6.data_counter[0] (-)
|       |-- (3)SYSTEM_TOP.U0_UART.U0_UART_RX.U6.data_counter[1] (-)
|       |-- (3)SYSTEM_TOP.U0_UART.U0_UART_RX.U6.data_counter[2] (-)
|       |-- (3)SYSTEM_TOP.RX_OUT_V (-)
|       |-- (3)SYSTEM_TOP.U0_UART.U0_UART_RX.U5.edges_counter[0] (-)
|       |-- (3)SYSTEM_TOP.U0_UART.U0_UART_RX.U5.edges_counter[1] (-)
|       |-- (3)SYSTEM_TOP.U0_UART.U0_UART_RX.U5.edges_counter[2] (-)
|       |-- (3)SYSTEM_TOP.U0_UART.U0_UART_RX.U5.edges_counter[3] (-)
|       |-- (3)SYSTEM_TOP.U0_UART.U0_UART_RX.U5.edges_counter[4] (-)
|       |-- (3)SYSTEM_TOP.U0_UART.U0_UART_RX.U5.edges_counter[5] (-)
|       |-- (3)SYSTEM_TOP.RX_OUT_P[0] (-)
|       |-- (3)SYSTEM_TOP.RX_OUT_P[1] (-)
|       |-- (3)SYSTEM_TOP.RX_OUT_P[2] (-)
|       |-- (3)SYSTEM_TOP.RX_OUT_P[3] (-)
|       |-- (3)SYSTEM_TOP.RX_OUT_P[4] (-)
|       |-- (3)SYSTEM_TOP.RX_OUT_P[5] (-)
|       |-- (3)SYSTEM_TOP.RX_OUT_P[6] (-)
|       |-- (3)SYSTEM_TOP.RX_OUT_P[7] (-)
|       |-- (3)SYSTEM_TOP.U0_UART.U0_UART_RX.U4.counter[0] (-)
|       |-- (3)SYSTEM_TOP.U0_UART.U0_UART_RX.U4.counter[1] (-)
|       |-- (3)SYSTEM_TOP.U0_UART.U0_UART_RX.U4.counter[2] (-)
|       |-- (3)SYSTEM_TOP.U0_UART.U0_UART_RX.U4.counter[3] (-)
|       |-- (3)SYSTEM_TOP.U0_UART.U0_UART_RX.U4.data[0] (-)
|       |-- (3)SYSTEM_TOP.U0_UART.U0_UART_RX.U4.data[1] (-)
|       |-- (3)SYSTEM_TOP.U0_UART.U0_UART_RX.U4.data[2] (-)
|       |-- (3)SYSTEM_TOP.U0_UART.U0_UART_RX.U4.data[3] (-)
|       |-- (3)SYSTEM_TOP.U0_UART.U0_UART_RX.U4.data[4] (-)
|       |-- (3)SYSTEM_TOP.U0_UART.U0_UART_RX.U4.data[5] (-)
|       |-- (3)SYSTEM_TOP.U0_UART.U0_UART_RX.U4.data[6] (-)
|       |-- (3)SYSTEM_TOP.U0_UART.U0_UART_RX.U4.data[7] (-)
|       |-- (3)SYSTEM_TOP.U0_UART.U0_UART_RX.U3.first_sample (-)
|       |-- (3)SYSTEM_TOP.U0_UART.U0_UART_RX.U3.second_sample (-)
|       |-- (3)SYSTEM_TOP.U0_UART.U0_UART_RX.U3.third_sample (-)
|       |-- (3)SYSTEM_TOP.framing_error (-)
|       |-- (3)SYSTEM_TOP.U0_UART.U0_UART_RX.strt_glitch (-)
|       |-- (3)SYSTEM_TOP.parity_error (-)
|       |-- (3)SYSTEM_TOP.U0_UART.U0_UART_TX.U3.current_state[0] (-)
|       |-- (3)SYSTEM_TOP.U0_UART.U0_UART_TX.U3.current_state[1] (-)
|       |-- (3)SYSTEM_TOP.U0_UART.U0_UART_TX.U3.current_state[2] (-)
|       |-- (3)SYSTEM_TOP.U0_UART.U0_UART_TX.ser_data (-)
|       |-- (3)SYSTEM_TOP.U0_UART.U0_UART_TX.ser_done (-)
|       |-- (3)SYSTEM_TOP.U0_UART.U0_UART_TX.U2.Data_In[0] (-)
|       |-- (3)SYSTEM_TOP.U0_UART.U0_UART_TX.U2.Data_In[1] (-)
|       |-- (3)SYSTEM_TOP.U0_UART.U0_UART_TX.U2.Data_In[2] (-)
|       |-- (3)SYSTEM_TOP.U0_UART.U0_UART_TX.U2.Data_In[3] (-)
|       |-- (3)SYSTEM_TOP.U0_UART.U0_UART_TX.U2.Data_In[4] (-)
|       |-- (3)SYSTEM_TOP.U0_UART.U0_UART_TX.U2.Data_In[5] (-)
|       |-- (3)SYSTEM_TOP.U0_UART.U0_UART_TX.U2.Data_In[6] (-)
|       |-- (3)SYSTEM_TOP.U0_UART.U0_UART_TX.U2.Data_In[7] (-)
|       |-- (3)SYSTEM_TOP.U0_UART.U0_UART_TX.U2.count[0] (-)
|       |-- (3)SYSTEM_TOP.U0_UART.U0_UART_TX.U2.count[1] (-)
|       |-- (3)SYSTEM_TOP.U0_UART.U0_UART_TX.U2.count[2] (-)
|       |-- (3)SYSTEM_TOP.U0_UART.U0_UART_TX.par_bit (-)
|       |-- (3)SYSTEM_TOP.U1_RX_CLK_DIV.clk_div_en (-)
|       `-- (3)SYSTEM_TOP.U0_TX_CLK_DIV.clk_div_en (-)
|-- (1)SYSTEM_TOP.U0_RST_SYNC.flops[0] (-)
|-- (1)SYSTEM_TOP.U0_RST_SYNC.flops[1] (-)
|-- (1)SYSTEM_TOP.U0_RST_SYNC.flops[2] (-)
`-- (1)SYSTEM_TOP.U0_RST_SYNC.flops[2]
    `-- (2)SYSTEM_TOP.REF_RST
        |-- (3)SYSTEM_TOP.U0_ASYNC_FIFO.wq2_rptr[0] (-)
        |-- (3)SYSTEM_TOP.U0_ASYNC_FIFO.wq2_rptr[1] (-)
        |-- (3)SYSTEM_TOP.U0_ASYNC_FIFO.wq2_rptr[2] (-)
        |-- (3)SYSTEM_TOP.U0_ASYNC_FIFO.wq2_rptr[3] (-)
        |-- (3)SYSTEM_TOP.U0_ASYNC_FIFO.U4.sync_reg[0] (-)
        |-- (3)SYSTEM_TOP.U0_ASYNC_FIFO.U4.sync_reg[1] (-)
        |-- (3)SYSTEM_TOP.U0_ASYNC_FIFO.U4.sync_reg[2] (-)
        |-- (3)SYSTEM_TOP.U0_ASYNC_FIFO.U4.sync_reg[3] (-)
        |-- (3)SYSTEM_TOP.U0_ASYNC_FIFO.U2.fifo_mem[0][0] (-)
        |-- (3)SYSTEM_TOP.U0_ASYNC_FIFO.U2.fifo_mem[0][1] (-)
        |-- (3)SYSTEM_TOP.U0_ASYNC_FIFO.U2.fifo_mem[0][2] (-)
        |-- (3)SYSTEM_TOP.U0_ASYNC_FIFO.U2.fifo_mem[0][3] (-)
        |-- (3)SYSTEM_TOP.U0_ASYNC_FIFO.U2.fifo_mem[0][4] (-)
        |-- (3)SYSTEM_TOP.U0_ASYNC_FIFO.U2.fifo_mem[0][5] (-)
        |-- (3)SYSTEM_TOP.U0_ASYNC_FIFO.U2.fifo_mem[0][6] (-)
        |-- (3)SYSTEM_TOP.U0_ASYNC_FIFO.U2.fifo_mem[0][7] (-)
        |-- (3)SYSTEM_TOP.U0_ASYNC_FIFO.U2.fifo_mem[1][0] (-)
        |-- (3)SYSTEM_TOP.U0_ASYNC_FIFO.U2.fifo_mem[1][1] (-)
        |-- (3)SYSTEM_TOP.U0_ASYNC_FIFO.U2.fifo_mem[1][2] (-)
        |-- (3)SYSTEM_TOP.U0_ASYNC_FIFO.U2.fifo_mem[1][3] (-)
        |-- (3)SYSTEM_TOP.U0_ASYNC_FIFO.U2.fifo_mem[1][4] (-)
        |-- (3)SYSTEM_TOP.U0_ASYNC_FIFO.U2.fifo_mem[1][5] (-)
        |-- (3)SYSTEM_TOP.U0_ASYNC_FIFO.U2.fifo_mem[1][6] (-)
        |-- (3)SYSTEM_TOP.U0_ASYNC_FIFO.U2.fifo_mem[1][7] (-)
        |-- (3)SYSTEM_TOP.U0_ASYNC_FIFO.U2.fifo_mem[2][0] (-)
        |-- (3)SYSTEM_TOP.U0_ASYNC_FIFO.U2.fifo_mem[2][1] (-)
        |-- (3)SYSTEM_TOP.U0_ASYNC_FIFO.U2.fifo_mem[2][2] (-)
        |-- (3)SYSTEM_TOP.U0_ASYNC_FIFO.U2.fifo_mem[2][3] (-)
        |-- (3)SYSTEM_TOP.U0_ASYNC_FIFO.U2.fifo_mem[2][4] (-)
        |-- (3)SYSTEM_TOP.U0_ASYNC_FIFO.U2.fifo_mem[2][5] (-)
        |-- (3)SYSTEM_TOP.U0_ASYNC_FIFO.U2.fifo_mem[2][6] (-)
        |-- (3)SYSTEM_TOP.U0_ASYNC_FIFO.U2.fifo_mem[2][7] (-)
        |-- (3)SYSTEM_TOP.U0_ASYNC_FIFO.U2.fifo_mem[3][0] (-)
        |-- (3)SYSTEM_TOP.U0_ASYNC_FIFO.U2.fifo_mem[3][1] (-)
        |-- (3)SYSTEM_TOP.U0_ASYNC_FIFO.U2.fifo_mem[3][2] (-)
        |-- (3)SYSTEM_TOP.U0_ASYNC_FIFO.U2.fifo_mem[3][3] (-)
        |-- (3)SYSTEM_TOP.U0_ASYNC_FIFO.U2.fifo_mem[3][4] (-)
        |-- (3)SYSTEM_TOP.U0_ASYNC_FIFO.U2.fifo_mem[3][5] (-)
        |-- (3)SYSTEM_TOP.U0_ASYNC_FIFO.U2.fifo_mem[3][6] (-)
        |-- (3)SYSTEM_TOP.U0_ASYNC_FIFO.U2.fifo_mem[3][7] (-)
        |-- (3)SYSTEM_TOP.U0_ASYNC_FIFO.U2.fifo_mem[4][0] (-)
        |-- (3)SYSTEM_TOP.U0_ASYNC_FIFO.U2.fifo_mem[4][1] (-)
        |-- (3)SYSTEM_TOP.U0_ASYNC_FIFO.U2.fifo_mem[4][2] (-)
        |-- (3)SYSTEM_TOP.U0_ASYNC_FIFO.U2.fifo_mem[4][3] (-)
        |-- (3)SYSTEM_TOP.U0_ASYNC_FIFO.U2.fifo_mem[4][4] (-)
        |-- (3)SYSTEM_TOP.U0_ASYNC_FIFO.U2.fifo_mem[4][5] (-)
        |-- (3)SYSTEM_TOP.U0_ASYNC_FIFO.U2.fifo_mem[4][6] (-)
        |-- (3)SYSTEM_TOP.U0_ASYNC_FIFO.U2.fifo_mem[4][7] (-)
        |-- (3)SYSTEM_TOP.U0_ASYNC_FIFO.U2.fifo_mem[5][0] (-)
        |-- (3)SYSTEM_TOP.U0_ASYNC_FIFO.U2.fifo_mem[5][1] (-)
        |-- (3)SYSTEM_TOP.U0_ASYNC_FIFO.U2.fifo_mem[5][2] (-)
        |-- (3)SYSTEM_TOP.U0_ASYNC_FIFO.U2.fifo_mem[5][3] (-)
        |-- (3)SYSTEM_TOP.U0_ASYNC_FIFO.U2.fifo_mem[5][4] (-)
        |-- (3)SYSTEM_TOP.U0_ASYNC_FIFO.U2.fifo_mem[5][5] (-)
        |-- (3)SYSTEM_TOP.U0_ASYNC_FIFO.U2.fifo_mem[5][6] (-)
        |-- (3)SYSTEM_TOP.U0_ASYNC_FIFO.U2.fifo_mem[5][7] (-)
        |-- (3)SYSTEM_TOP.U0_ASYNC_FIFO.U2.fifo_mem[6][0] (-)
        |-- (3)SYSTEM_TOP.U0_ASYNC_FIFO.U2.fifo_mem[6][1] (-)
        |-- (3)SYSTEM_TOP.U0_ASYNC_FIFO.U2.fifo_mem[6][2] (-)
        |-- (3)SYSTEM_TOP.U0_ASYNC_FIFO.U2.fifo_mem[6][3] (-)
        |-- (3)SYSTEM_TOP.U0_ASYNC_FIFO.U2.fifo_mem[6][4] (-)
        |-- (3)SYSTEM_TOP.U0_ASYNC_FIFO.U2.fifo_mem[6][5] (-)
        |-- (3)SYSTEM_TOP.U0_ASYNC_FIFO.U2.fifo_mem[6][6] (-)
        |-- (3)SYSTEM_TOP.U0_ASYNC_FIFO.U2.fifo_mem[6][7] (-)
        |-- (3)SYSTEM_TOP.U0_ASYNC_FIFO.U2.fifo_mem[7][0] (-)
        |-- (3)SYSTEM_TOP.U0_ASYNC_FIFO.U2.fifo_mem[7][1] (-)
        |-- (3)SYSTEM_TOP.U0_ASYNC_FIFO.U2.fifo_mem[7][2] (-)
        |-- (3)SYSTEM_TOP.U0_ASYNC_FIFO.U2.fifo_mem[7][3] (-)
        |-- (3)SYSTEM_TOP.U0_ASYNC_FIFO.U2.fifo_mem[7][4] (-)
        |-- (3)SYSTEM_TOP.U0_ASYNC_FIFO.U2.fifo_mem[7][5] (-)
        |-- (3)SYSTEM_TOP.U0_ASYNC_FIFO.U2.fifo_mem[7][6] (-)
        |-- (3)SYSTEM_TOP.U0_ASYNC_FIFO.U2.fifo_mem[7][7] (-)
        |-- (3)SYSTEM_TOP.U0_ASYNC_FIFO.U1.wcounter[0] (-)
        |-- (3)SYSTEM_TOP.U0_ASYNC_FIFO.U1.wcounter[1] (-)
        |-- (3)SYSTEM_TOP.U0_ASYNC_FIFO.U1.wcounter[2] (-)
        |-- (3)SYSTEM_TOP.U0_ASYNC_FIFO.U1.wcounter[3] (-)
        |-- (3)SYSTEM_TOP.U0_ASYNC_FIFO.U1.wptr_gray_reg[0] (-)
        |-- (3)SYSTEM_TOP.U0_ASYNC_FIFO.U1.wptr_gray_reg[1] (-)
        |-- (3)SYSTEM_TOP.U0_ASYNC_FIFO.U1.wptr_gray_reg[2] (-)
        |-- (3)SYSTEM_TOP.U0_ASYNC_FIFO.U1.wptr_gray_reg[3] (-)
        |-- (3)SYSTEM_TOP.U0_ASYNC_FIFO.U1.wfull_reg (-)
        |-- (3)SYSTEM_TOP.ALU_OUT[0] (-)
        |-- (3)SYSTEM_TOP.ALU_OUT[1] (-)
        |-- (3)SYSTEM_TOP.ALU_OUT[2] (-)
        |-- (3)SYSTEM_TOP.ALU_OUT[3] (-)
        |-- (3)SYSTEM_TOP.ALU_OUT[4] (-)
        |-- (3)SYSTEM_TOP.ALU_OUT[5] (-)
        |-- (3)SYSTEM_TOP.ALU_OUT[6] (-)
        |-- (3)SYSTEM_TOP.ALU_OUT[7] (-)
        |-- (3)SYSTEM_TOP.ALU_OUT[8] (-)
        |-- (3)SYSTEM_TOP.ALU_OUT[9] (-)
        |-- (3)SYSTEM_TOP.ALU_OUT[10] (-)
        |-- (3)SYSTEM_TOP.ALU_OUT[11] (-)
        |-- (3)SYSTEM_TOP.ALU_OUT[12] (-)
        |-- (3)SYSTEM_TOP.ALU_OUT[13] (-)
        |-- (3)SYSTEM_TOP.ALU_OUT[14] (-)
        |-- (3)SYSTEM_TOP.ALU_OUT[15] (-)
        |-- (3)SYSTEM_TOP.ALU_OUT_V (-)
        |-- (3)SYSTEM_TOP.Rd_D_Vld (-)
        |-- (3)SYSTEM_TOP.Rd_D[0] (-)
        |-- (3)SYSTEM_TOP.Rd_D[1] (-)
        |-- (3)SYSTEM_TOP.Rd_D[2] (-)
        |-- (3)SYSTEM_TOP.Rd_D[3] (-)
        |-- (3)SYSTEM_TOP.Rd_D[4] (-)
        |-- (3)SYSTEM_TOP.Rd_D[5] (-)
        |-- (3)SYSTEM_TOP.Rd_D[6] (-)
        |-- (3)SYSTEM_TOP.Rd_D[7] (-)
        |-- (3)SYSTEM_TOP.U0_REGFILE.Registers[0][0] (-)
        |-- (3)SYSTEM_TOP.U0_REGFILE.Registers[0][1] (-)
        |-- (3)SYSTEM_TOP.U0_REGFILE.Registers[0][2] (-)
        |-- (3)SYSTEM_TOP.U0_REGFILE.Registers[0][3] (-)
        |-- (3)SYSTEM_TOP.U0_REGFILE.Registers[0][4] (-)
        |-- (3)SYSTEM_TOP.U0_REGFILE.Registers[0][5] (-)
        |-- (3)SYSTEM_TOP.U0_REGFILE.Registers[0][6] (-)
        |-- (3)SYSTEM_TOP.U0_REGFILE.Registers[0][7] (-)
        |-- (3)SYSTEM_TOP.U0_REGFILE.Registers[1][0] (-)
        |-- (3)SYSTEM_TOP.U0_REGFILE.Registers[1][1] (-)
        |-- (3)SYSTEM_TOP.U0_REGFILE.Registers[1][2] (-)
        |-- (3)SYSTEM_TOP.U0_REGFILE.Registers[1][3] (-)
        |-- (3)SYSTEM_TOP.U0_REGFILE.Registers[1][4] (-)
        |-- (3)SYSTEM_TOP.U0_REGFILE.Registers[1][5] (-)
        |-- (3)SYSTEM_TOP.U0_REGFILE.Registers[1][6] (-)
        |-- (3)SYSTEM_TOP.U0_REGFILE.Registers[1][7] (-)
        |-- (3)SYSTEM_TOP.U0_REGFILE.Registers[2][0] (-)
        |-- (3)SYSTEM_TOP.U0_REGFILE.Registers[2][1] (-)
        |-- (3)SYSTEM_TOP.U0_REGFILE.Registers[2][2] (-)
        |-- (3)SYSTEM_TOP.U0_REGFILE.Registers[2][3] (-)
        |-- (3)SYSTEM_TOP.U0_REGFILE.Registers[2][4] (-)
        |-- (3)SYSTEM_TOP.U0_REGFILE.Registers[2][5] (-)
        |-- (3)SYSTEM_TOP.U0_REGFILE.Registers[2][6] (-)
        |-- (3)SYSTEM_TOP.U0_REGFILE.Registers[2][7] (-)
        |-- (3)SYSTEM_TOP.U0_REGFILE.Registers[3][0] (-)
        |-- (3)SYSTEM_TOP.U0_REGFILE.Registers[3][1] (-)
        |-- (3)SYSTEM_TOP.U0_REGFILE.Registers[3][2] (-)
        |-- (3)SYSTEM_TOP.U0_REGFILE.Registers[3][3] (-)
        |-- (3)SYSTEM_TOP.U0_REGFILE.Registers[3][4] (-)
        |-- (3)SYSTEM_TOP.U0_REGFILE.Registers[3][5] (-)
        |-- (3)SYSTEM_TOP.U0_REGFILE.Registers[3][6] (-)
        |-- (3)SYSTEM_TOP.U0_REGFILE.Registers[3][7] (-)
        |-- (3)SYSTEM_TOP.U0_REGFILE.Registers[4][0] (-)
        |-- (3)SYSTEM_TOP.U0_REGFILE.Registers[4][1] (-)
        |-- (3)SYSTEM_TOP.U0_REGFILE.Registers[4][2] (-)
        |-- (3)SYSTEM_TOP.U0_REGFILE.Registers[4][3] (-)
        |-- (3)SYSTEM_TOP.U0_REGFILE.Registers[4][4] (-)
        |-- (3)SYSTEM_TOP.U0_REGFILE.Registers[4][5] (-)
        |-- (3)SYSTEM_TOP.U0_REGFILE.Registers[4][6] (-)
        |-- (3)SYSTEM_TOP.U0_REGFILE.Registers[4][7] (-)
        |-- (3)SYSTEM_TOP.U0_REGFILE.Registers[5][0] (-)
        |-- (3)SYSTEM_TOP.U0_REGFILE.Registers[5][1] (-)
        |-- (3)SYSTEM_TOP.U0_REGFILE.Registers[5][2] (-)
        |-- (3)SYSTEM_TOP.U0_REGFILE.Registers[5][3] (-)
        |-- (3)SYSTEM_TOP.U0_REGFILE.Registers[5][4] (-)
        |-- (3)SYSTEM_TOP.U0_REGFILE.Registers[5][5] (-)
        |-- (3)SYSTEM_TOP.U0_REGFILE.Registers[5][6] (-)
        |-- (3)SYSTEM_TOP.U0_REGFILE.Registers[5][7] (-)
        |-- (3)SYSTEM_TOP.U0_REGFILE.Registers[6][0] (-)
        |-- (3)SYSTEM_TOP.U0_REGFILE.Registers[6][1] (-)
        |-- (3)SYSTEM_TOP.U0_REGFILE.Registers[6][2] (-)
        |-- (3)SYSTEM_TOP.U0_REGFILE.Registers[6][3] (-)
        |-- (3)SYSTEM_TOP.U0_REGFILE.Registers[6][4] (-)
        |-- (3)SYSTEM_TOP.U0_REGFILE.Registers[6][5] (-)
        |-- (3)SYSTEM_TOP.U0_REGFILE.Registers[6][6] (-)
        |-- (3)SYSTEM_TOP.U0_REGFILE.Registers[6][7] (-)
        |-- (3)SYSTEM_TOP.U0_REGFILE.Registers[7][0] (-)
        |-- (3)SYSTEM_TOP.U0_REGFILE.Registers[7][1] (-)
        |-- (3)SYSTEM_TOP.U0_REGFILE.Registers[7][2] (-)
        |-- (3)SYSTEM_TOP.U0_REGFILE.Registers[7][3] (-)
        |-- (3)SYSTEM_TOP.U0_REGFILE.Registers[7][4] (-)
        |-- (3)SYSTEM_TOP.U0_REGFILE.Registers[7][5] (-)
        |-- (3)SYSTEM_TOP.U0_REGFILE.Registers[7][6] (-)
        |-- (3)SYSTEM_TOP.U0_REGFILE.Registers[7][7] (-)
        |-- (3)SYSTEM_TOP.U0_REGFILE.Registers[8][0] (-)
        |-- (3)SYSTEM_TOP.U0_REGFILE.Registers[8][1] (-)
        |-- (3)SYSTEM_TOP.U0_REGFILE.Registers[8][2] (-)
        |-- (3)SYSTEM_TOP.U0_REGFILE.Registers[8][3] (-)
        |-- (3)SYSTEM_TOP.U0_REGFILE.Registers[8][4] (-)
        |-- (3)SYSTEM_TOP.U0_REGFILE.Registers[8][5] (-)
        |-- (3)SYSTEM_TOP.U0_REGFILE.Registers[8][6] (-)
        |-- (3)SYSTEM_TOP.U0_REGFILE.Registers[8][7] (-)
        |-- (3)SYSTEM_TOP.U0_REGFILE.Registers[9][0] (-)
        |-- (3)SYSTEM_TOP.U0_REGFILE.Registers[9][1] (-)
        |-- (3)SYSTEM_TOP.U0_REGFILE.Registers[9][2] (-)
        |-- (3)SYSTEM_TOP.U0_REGFILE.Registers[9][3] (-)
        |-- (3)SYSTEM_TOP.U0_REGFILE.Registers[9][4] (-)
        |-- (3)SYSTEM_TOP.U0_REGFILE.Registers[9][5] (-)
        |-- (3)SYSTEM_TOP.U0_REGFILE.Registers[9][6] (-)
        |-- (3)SYSTEM_TOP.U0_REGFILE.Registers[9][7] (-)
        |-- (3)SYSTEM_TOP.U0_REGFILE.Registers[10][0] (-)
        |-- (3)SYSTEM_TOP.U0_REGFILE.Registers[10][1] (-)
        |-- (3)SYSTEM_TOP.U0_REGFILE.Registers[10][2] (-)
        |-- (3)SYSTEM_TOP.U0_REGFILE.Registers[10][3] (-)
        |-- (3)SYSTEM_TOP.U0_REGFILE.Registers[10][4] (-)
        |-- (3)SYSTEM_TOP.U0_REGFILE.Registers[10][5] (-)
        |-- (3)SYSTEM_TOP.U0_REGFILE.Registers[10][6] (-)
        |-- (3)SYSTEM_TOP.U0_REGFILE.Registers[10][7] (-)
        |-- (3)SYSTEM_TOP.U0_REGFILE.Registers[11][0] (-)
        |-- (3)SYSTEM_TOP.U0_REGFILE.Registers[11][1] (-)
        |-- (3)SYSTEM_TOP.U0_REGFILE.Registers[11][2] (-)
        |-- (3)SYSTEM_TOP.U0_REGFILE.Registers[11][3] (-)
        |-- (3)SYSTEM_TOP.U0_REGFILE.Registers[11][4] (-)
        |-- (3)SYSTEM_TOP.U0_REGFILE.Registers[11][5] (-)
        |-- (3)SYSTEM_TOP.U0_REGFILE.Registers[11][6] (-)
        |-- (3)SYSTEM_TOP.U0_REGFILE.Registers[11][7] (-)
        |-- (3)SYSTEM_TOP.U0_REGFILE.Registers[12][0] (-)
        |-- (3)SYSTEM_TOP.U0_REGFILE.Registers[12][1] (-)
        |-- (3)SYSTEM_TOP.U0_REGFILE.Registers[12][2] (-)
        |-- (3)SYSTEM_TOP.U0_REGFILE.Registers[12][3] (-)
        |-- (3)SYSTEM_TOP.U0_REGFILE.Registers[12][4] (-)
        |-- (3)SYSTEM_TOP.U0_REGFILE.Registers[12][5] (-)
        |-- (3)SYSTEM_TOP.U0_REGFILE.Registers[12][6] (-)
        |-- (3)SYSTEM_TOP.U0_REGFILE.Registers[12][7] (-)
        |-- (3)SYSTEM_TOP.U0_REGFILE.Registers[13][0] (-)
        |-- (3)SYSTEM_TOP.U0_REGFILE.Registers[13][1] (-)
        |-- (3)SYSTEM_TOP.U0_REGFILE.Registers[13][2] (-)
        |-- (3)SYSTEM_TOP.U0_REGFILE.Registers[13][3] (-)
        |-- (3)SYSTEM_TOP.U0_REGFILE.Registers[13][4] (-)
        |-- (3)SYSTEM_TOP.U0_REGFILE.Registers[13][5] (-)
        |-- (3)SYSTEM_TOP.U0_REGFILE.Registers[13][6] (-)
        |-- (3)SYSTEM_TOP.U0_REGFILE.Registers[13][7] (-)
        |-- (3)SYSTEM_TOP.U0_REGFILE.Registers[14][0] (-)
        |-- (3)SYSTEM_TOP.U0_REGFILE.Registers[14][1] (-)
        |-- (3)SYSTEM_TOP.U0_REGFILE.Registers[14][2] (-)
        |-- (3)SYSTEM_TOP.U0_REGFILE.Registers[14][3] (-)
        |-- (3)SYSTEM_TOP.U0_REGFILE.Registers[14][4] (-)
        |-- (3)SYSTEM_TOP.U0_REGFILE.Registers[14][5] (-)
        |-- (3)SYSTEM_TOP.U0_REGFILE.Registers[14][6] (-)
        |-- (3)SYSTEM_TOP.U0_REGFILE.Registers[14][7] (-)
        |-- (3)SYSTEM_TOP.U0_REGFILE.Registers[15][0] (-)
        |-- (3)SYSTEM_TOP.U0_REGFILE.Registers[15][1] (-)
        |-- (3)SYSTEM_TOP.U0_REGFILE.Registers[15][2] (-)
        |-- (3)SYSTEM_TOP.U0_REGFILE.Registers[15][3] (-)
        |-- (3)SYSTEM_TOP.U0_REGFILE.Registers[15][4] (-)
        |-- (3)SYSTEM_TOP.U0_REGFILE.Registers[15][5] (-)
        |-- (3)SYSTEM_TOP.U0_REGFILE.Registers[15][6] (-)
        |-- (3)SYSTEM_TOP.U0_REGFILE.Registers[15][7] (-)
        |-- (3)SYSTEM_TOP.U0_SYS_CTRL.command[0] (-)
        |-- (3)SYSTEM_TOP.U0_SYS_CTRL.command[1] (-)
        |-- (3)SYSTEM_TOP.U0_SYS_CTRL.command[2] (-)
        |-- (3)SYSTEM_TOP.U0_SYS_CTRL.command[3] (-)
        |-- (3)SYSTEM_TOP.U0_SYS_CTRL.command[4] (-)
        |-- (3)SYSTEM_TOP.U0_SYS_CTRL.command[5] (-)
        |-- (3)SYSTEM_TOP.U0_SYS_CTRL.command[6] (-)
        |-- (3)SYSTEM_TOP.U0_SYS_CTRL.command[7] (-)
        |-- (3)SYSTEM_TOP.U0_SYS_CTRL.addr_reg[0] (-)
        |-- (3)SYSTEM_TOP.U0_SYS_CTRL.addr_reg[1] (-)
        |-- (3)SYSTEM_TOP.U0_SYS_CTRL.addr_reg[2] (-)
        |-- (3)SYSTEM_TOP.U0_SYS_CTRL.addr_reg[3] (-)
        |-- (3)SYSTEM_TOP.U0_SYS_CTRL.current_state[0] (-)
        |-- (3)SYSTEM_TOP.U0_SYS_CTRL.current_state[1] (-)
        |-- (3)SYSTEM_TOP.U0_SYS_CTRL.current_state[2] (-)
        |-- (3)SYSTEM_TOP.U0_SYS_CTRL.current_state[3] (-)
        |-- (3)SYSTEM_TOP.U0_DATA_SYNC.multi_flops[0] (-)
        |-- (3)SYSTEM_TOP.U0_DATA_SYNC.multi_flops[1] (-)
        |-- (3)SYSTEM_TOP.U0_DATA_SYNC.enable_flop (-)
        |-- (3)SYSTEM_TOP.sync_bus[0] (-)
        |-- (3)SYSTEM_TOP.sync_bus[1] (-)
        |-- (3)SYSTEM_TOP.sync_bus[2] (-)
        |-- (3)SYSTEM_TOP.sync_bus[3] (-)
        |-- (3)SYSTEM_TOP.sync_bus[4] (-)
        |-- (3)SYSTEM_TOP.sync_bus[5] (-)
        |-- (3)SYSTEM_TOP.sync_bus[6] (-)
        |-- (3)SYSTEM_TOP.sync_bus[7] (-)
        `-- (3)SYSTEM_TOP.enable_pulse (-)
