
################################################################################
#
# This file has been generated by SpyGlass:
#     Report Name      : waiver
#     Report Created by: ICer
#     Report Created on:  Thu Oct  1 06:51:38 2026
#     Working Directory: /home/ICer/IC/Projects/System/CDC
#     SpyGlass Version : SpyGlass_vL-2016.06
#     Policy Name      : SpyGlass(SpyGlass_vL-2016.06)
#                        clock-reset(SpyGlass_vL-2016.06)
#
#     Total Number of Generated Messages :         48
#     Number of Waived Messages          :          1
#     Number of Reported Messages        :         47
#     Number of Overlimit Messages       :          0
#
#     Total Number of Waivers                            :          2
#     Number of Waivers Applied                          :          2
#     Number of Waivers with Regex and/or wildcard       :          0
#     Number of Waivers with -rule                       :          2
#     Number of Waivers with line number and/or file info:          0
#     Number of Waive -IP commands                       :          0
#
#
################################################################################

WAIVER REPORT:
+++++++++++++++++++++++++++++++++++++++++++++++++++++++++++++++++++++++++++++++

Design Issues Waiver Report
+++++++++++++++++++++++++++++++++++++++++++++++++++++++++++++++++++++++++++++++

Waiver comment : Created by ICer on 01-Oct-2026 06:50:44
waive -msg q%4 synchronizers (SYSTEM_TOP.U0_ASYNC_FIFO.U3.sync_reg[3:0]) converge on flop 'SYSTEM_TOP.U0_ASYNC_FIFO.U0.rcounter[0]'. Gray encoding check: 'DISABLED'% \
      -rule "Ac_conv02" 
#spg_backref : "./spyglass-1/cdc/cdc_verify_struct/spyglass-1_waiver_file.awl" 2

1 message(s) waived:
===============================================================================
Index    Rule      Severity File                                        Line Wt Message
===============================================================================
[5B]     Ac_conv02 Warning  /home/ICer/IC/Projects/System/rtl/FIFO_RD.v 32   2  4 synchronizers (SYSTEM_TOP.U0_ASYNC_FIFO.U3.sync_reg[3:0]) converge on flop 'SYSTEM_TOP.U0_ASYNC_FIFO.U0.rcounter[0]'. Gray encoding check: 'DISABLED'
===============================================================================

===============================================================================
Design Issues Waivers Waiving Zero Violations
===============================================================================
Waiver comment : Created by ICer on 01-Oct-2026 06:21:02
waive -msg q%4 synchronizers (SYSTEM_TOP.U0_ASYNC_FIFO.U3.sync_reg[1:0],SYSTEM_TOP.U0_ASYNC_FIFO.U3.sync_reg[3:2]) converge on flop 'SYSTEM_TOP.U0_ASYNC_FIFO.U0.rcounter[0]' (same source divergence). Gray encoding check: 'DISABLED'% \
      -rule "Ac_conv02" 
#spg_backref : "./spyglass-1/cdc/cdc_verify_struct/spyglass-1_waiver_file.awl" 1

===============================================================================

