
################################################################################
#
# This file has been generated by SpyGlass:
#     Report Name      : moresimple
#     Report Created by: ICer
#     Report Created on:  Thu Oct  1 06:20:13 2026
#     Working Directory: /home/ICer/IC/Projects/System/CDC
#     SpyGlass Version : SpyGlass_vL-2016.06
#     Policy Name      : SpyGlass(SpyGlass_vL-2016.06)
#                        clock-reset(SpyGlass_vL-2016.06)
#                        timing(SpyGlass_vL-2016.06)
#
#     Total Number of Generated Messages :         11
#     Number of Waived Messages          :          0
#     Number of Reported Messages        :         11
#     Number of Overlimit Messages       :          0
#
#
################################################################################

+++++++++++++++++++++++++++++++++++++++++++++++++++++++++++++++++++++++
MORESIMPLE REPORT:


############### BuiltIn -> RuleGroup=Design Read ###############
+++++++++++++++++++++++++++++++++++++++++++++++++++++++++++++++++++++++++++++++++++++++
ID       Rule                    Alias                   Severity    File                                                                                    Line    Wt    Message
======================================================================================
[1]      DetectTopDesignUnits    DetectTopDesignUnits    Info        /home/ICer/IC/Projects/System/rtl/SYSTEM_TOP.v                                          1       2     Module SYSTEM_TOP is a top level design unit
[1A]     Domain_Matrix01                                 Info        SYSTEM_TOP.sgdc                                                                         4       10    Domain Matrix for design "SYSTEM_TOP",  based on the individual constraints defined in the SDC as inferred in the Sta mode
[0]      ElabSummary             ElabSummary             Info        ./spyglass-1/cdc/clock_reset_integrity/spyglass_reports/SpyGlass/elab_summary.rpt       0       2     Please refer file './spyglass-1/cdc/clock_reset_integrity/spyglass_reports/SpyGlass/elab_summary.rpt' for elab summary report
[28]     Info_Case_Analysis      showSimVal              Info        /home/ICer/IC/Projects/System/rtl/SYSTEM_TOP.v                                          1       10    Information for set_case_analysis value propagation for design 'SYSTEM_TOP' is displayed
[24]     SDC2SGDC_INFO                                   Info        ./spyglass-1/cdc/clock_reset_integrity/spyglass_reports/sdc2sgdc/sdc2sgdc.sgdc.91539    1       10    Sgdc file "./spyglass-1/cdc/clock_reset_integrity/spyglass_reports/sdc2sgdc/sdc2sgdc.sgdc.91539" generated after successful SDC2SGDC translation
[25]     SDC_Mapping01                                   Info        N.A                                                                                     0       10    Mapping of SDC Commands Generated
+++++++++++++++++++++++++++++++++++++++++++++++++++++++++++++++++++++++++++++++++++++++


############### BuiltIn -> RuleGroup=SGDC Checks ###############
+++++++++++++++++++++++++++++++++++++++++++++++++++++++++++++++++++++++++++++++++++++++
ID       Rule                    Alias    Severity    File               Line    Wt    Message
======================================================================================
[2]      SGDC_abstract_port03             Info        SYSTEM_TOP.sgdc    24      10    Constraint 'abstract_port': 'RST_d0' specified with '-clock' field not found on/within module 'SYSTEM_TOP'.Considering it as virtual clock
+++++++++++++++++++++++++++++++++++++++++++++++++++++++++++++++++++++++++++++++++++++++


############### Non-BuiltIn -> Goal=cdc/clock_reset_integrity ###############
+++++++++++++++++++++++++++++++++++++++++++++++++++++++++++++++++++++++++++++++++++++++
ID       Rule                  Alias    Severity    File                                              Line    Wt    Message
======================================================================================
[2A]     Clock_Reset_info01             Info        N.A.                                              0       2     Clock-Reset Matrix information generated for Clock-Reset-Summary report
[26]     Propagate_Clocks               Info        /home/ICer/IC/Projects/System/rtl/SYSTEM_TOP.v    2       2     For SYSTEM_TOP, clock(s) 'SYSTEM_TOP.REF_CLK' of domain 'd0' propagated
[27]     Propagate_Clocks               Info        /home/ICer/IC/Projects/System/rtl/SYSTEM_TOP.v    3       2     For SYSTEM_TOP, clock(s) 'SYSTEM_TOP.UART_CLK' of domain 'd1' propagated
[29]     Propagate_Resets               Info        /home/ICer/IC/Projects/System/rtl/SYSTEM_TOP.v    4       2     For SYSTEM_TOP, reset 'SYSTEM_TOP.RST' propagated
+++++++++++++++++++++++++++++++++++++++++++++++++++++++++++++++++++++++++++++++++++++++
