
################################################################################
#
# This file has been generated by SpyGlass:
#     Report Name      : moresimple
#     Report Created by: ICer
#     Report Created on:  Thu Oct  1 06:19:53 2026
#     Working Directory: /home/ICer/IC/Projects/System/CDC
#     SpyGlass Version : SpyGlass_vL-2016.06
#     Policy Name      : SpyGlass(SpyGlass_vL-2016.06)
#                        clock-reset(SpyGlass_vL-2016.06)
#                        latch(SpyGlass_vL-2016.06)
#                        morelint(SpyGlass_vL-2016.06)
#                        openmore(SpyGlass_vL-2016.06)
#                        power_est(SpyGlass_vL-2016.06)
#                        starc(SpyGlass_vL-2016.06)
#                        timing(SpyGlass_vL-2016.06)
#                        txv(SpyGlass_vL-2016.06)
#
#     Total Number of Generated Messages :         21
#     Number of Waived Messages          :          0
#     Number of Reported Messages        :         21
#     Number of Overlimit Messages       :          0
#
#
################################################################################

+++++++++++++++++++++++++++++++++++++++++++++++++++++++++++++++++++++++
MORESIMPLE REPORT:


############### BuiltIn -> RuleGroup=Design Read ###############
+++++++++++++++++++++++++++++++++++++++++++++++++++++++++++++++++++++++++++++++++++++++
ID       Rule                    Alias                   Severity    File                                                                              Line    Wt    Message
======================================================================================
[1]      DetectTopDesignUnits    DetectTopDesignUnits    Info        /home/ICer/IC/Projects/System/rtl/SYSTEM_TOP.v                                    1       2     Module SYSTEM_TOP is a top level design unit
[1A]     Domain_Matrix01                                 Info        SYSTEM_TOP.sgdc                                                                   4       10    Domain Matrix for design "SYSTEM_TOP",  based on the individual constraints defined in the SDC as inferred in the Sta mode
[0]      ElabSummary             ElabSummary             Info        ./spyglass-1/cdc/cdc_setup_check/spyglass_reports/SpyGlass/elab_summary.rpt       0       2     Please refer file './spyglass-1/cdc/cdc_setup_check/spyglass_reports/SpyGlass/elab_summary.rpt' for elab summary report
[28]     Info_Case_Analysis      showSimVal              Info        /home/ICer/IC/Projects/System/rtl/SYSTEM_TOP.v                                    1       10    Information for set_case_analysis value propagation for design 'SYSTEM_TOP' is displayed
[24]     SDC2SGDC_INFO                                   Info        ./spyglass-1/cdc/cdc_setup_check/spyglass_reports/sdc2sgdc/sdc2sgdc.sgdc.91539    1       10    Sgdc file "./spyglass-1/cdc/cdc_setup_check/spyglass_reports/sdc2sgdc/sdc2sgdc.sgdc.91539" generated after successful SDC2SGDC translation
[25]     SDC_Mapping01                                   Info        N.A                                                                               0       10    Mapping of SDC Commands Generated
+++++++++++++++++++++++++++++++++++++++++++++++++++++++++++++++++++++++++++++++++++++++


############### BuiltIn -> RuleGroup=SGDC Checks ###############
+++++++++++++++++++++++++++++++++++++++++++++++++++++++++++++++++++++++++++++++++++++++
ID       Rule                    Alias    Severity    File               Line    Wt    Message
======================================================================================
[2]      SGDC_abstract_port03             Info        SYSTEM_TOP.sgdc    24      10    Constraint 'abstract_port': 'RST_d0' specified with '-clock' field not found on/within module 'SYSTEM_TOP'.Considering it as virtual clock
+++++++++++++++++++++++++++++++++++++++++++++++++++++++++++++++++++++++++++++++++++++++


############### Non-BuiltIn -> Goal=cdc/cdc_setup_check ###############
+++++++++++++++++++++++++++++++++++++++++++++++++++++++++++++++++++++++++++++++++++++++
ID       Rule                Alias    Severity    File                                                                                            Line    Wt    Message
======================================================================================
[30]     Clock_info02                 Info        N.A.                                                                                            0       2     Clock Tree generated
[2B]     Clock_info03b                Info        /home/ICer/IC/Projects/System/rtl/Clk_Div.v                                                     28      2     Data pin of flop SYSTEM_TOP.U1_RX_CLK_DIV.prev_div_ratio[7:0], clocked by SYSTEM_TOP.UART_CLK , is tied to constant value 0
[2D]     Clock_info03b                Info        /home/ICer/IC/Projects/System/rtl/Clk_Div.v                                                     28      2     Data pin of flop SYSTEM_TOP.U0_TX_CLK_DIV.prev_div_ratio[7:0], clocked by SYSTEM_TOP.UART_CLK , is tied to constant value 0
[29]     Clock_info03b                Info        /home/ICer/IC/Projects/System/rtl/Clk_Div.v                                                     63      2     Data pin of flop SYSTEM_TOP.U0_TX_CLK_DIV.divided_clk, clocked by SYSTEM_TOP.UART_CLK , is tied to constant value 1
[2A]     Clock_info03b                Info        /home/ICer/IC/Projects/System/rtl/Clk_Div.v                                                     63      2     Data pin of flop SYSTEM_TOP.U1_RX_CLK_DIV.divided_clk, clocked by SYSTEM_TOP.UART_CLK , is tied to constant value 1
[2C]     Clock_info03b                Info        /home/ICer/IC/Projects/System/rtl/Clk_Div.v                                                     66      2     Data pin of flop SYSTEM_TOP.U1_RX_CLK_DIV.edge_count[7:0], clocked by SYSTEM_TOP.UART_CLK , is tied to constant value 0
[2E]     Clock_info03b                Info        /home/ICer/IC/Projects/System/rtl/Clk_Div.v                                                     66      2     Data pin of flop SYSTEM_TOP.U0_TX_CLK_DIV.edge_count[7:0], clocked by SYSTEM_TOP.UART_CLK , is tied to constant value 0
[3B]     Clock_info15                 Info        N.A.                                                                                            0       2     Port-Clock information generated for PortClockMatrix report
[26]     Propagate_Clocks             Info        /home/ICer/IC/Projects/System/rtl/SYSTEM_TOP.v                                                  2       2     For SYSTEM_TOP, clock(s) 'SYSTEM_TOP.REF_CLK' of domain 'd0' propagated
[27]     Propagate_Clocks             Info        /home/ICer/IC/Projects/System/rtl/SYSTEM_TOP.v                                                  3       2     For SYSTEM_TOP, clock(s) 'SYSTEM_TOP.UART_CLK' of domain 'd1' propagated
[2F]     Propagate_Resets             Info        /home/ICer/IC/Projects/System/rtl/SYSTEM_TOP.v                                                  4       2     For SYSTEM_TOP, reset 'SYSTEM_TOP.RST' propagated
[31]     Reset_info02                 Info        N.A.                                                                                            0       2     Reset Tree generated
[3C]     Setup_port01                 Info        ./spyglass-1/cdc/cdc_setup_check/spyglass_reports/clock-reset/SYSTEM_TOP_input_abstract.sgdc    0       2     Abstracted sgdc file for input ports of block 'SYSTEM_TOP' is generated
[3A]     Setup_port01                 Info        /home/ICer/IC/Projects/System/rtl/SYSTEM_TOP.v                                                  1       2     Port coverage for top design unit 'SYSTEM_TOP' is: '0' (0.00 %) port(s) not fully constrained
+++++++++++++++++++++++++++++++++++++++++++++++++++++++++++++++++++++++++++++++++++++++
