Loading db file '/home/ICer/IC/Projects/System/std_cells/scmetro_tsmc_cl013g_rvt_ss_1p08v_125c.db'
Information: Propagating switching activity (low effort zero delay simulation). (PWR-6)
Warning: Design has unannotated primary inputs. (PWR-414)
Warning: Design has unannotated sequential cell outputs. (PWR-415)
 
****************************************
Report : power
        -hier
        -analysis_effort low
Design : SYSTEM_TOP
Version: O-2018.06-SP1
Date   : Thu Oct  1 07:37:59 2026
****************************************


Library(s) Used:

    scmetro_tsmc_cl013g_rvt_ss_1p08v_125c (File: /home/ICer/IC/Projects/System/std_cells/scmetro_tsmc_cl013g_rvt_ss_1p08v_125c.db)


Operating Conditions: scmetro_tsmc_cl013g_rvt_ss_1p08v_125c   Library: scmetro_tsmc_cl013g_rvt_ss_1p08v_125c
Wire Load Model Mode: top

Design        Wire Load Model            Library
------------------------------------------------
SYSTEM_TOP             tsmc13_wl10       scmetro_tsmc_cl013g_rvt_ss_1p08v_125c


Global Operating Voltage = 1.08 
Power-specific unit information :
    Voltage Units = 1V
    Capacitance Units = 1.000000pf
    Time Units = 1ns
    Dynamic Power Units = 1mW    (derived from V,C,T units)
    Leakage Power Units = 1pW


--------------------------------------------------------------------------------
                                       Switch   Int      Leak     Total
Hierarchy                              Power    Power    Power    Power    %
--------------------------------------------------------------------------------
SYSTEM_TOP                             8.02e-02 7.02e-02 1.57e+07    0.166 100.0
  U0_Pulse_Gen (Pulse_Gen_test_1)         0.000 5.59e-04 5.76e+04 6.17e-04   0.4
  U0_ASYNC_FIFO (ASYNC_FIFO_test_1)    1.87e-02 1.57e-02 2.48e+06 3.70e-02  22.2
    U4 (DF_SYNC_test_1)                1.55e-03 1.20e-03 1.19e+05 2.88e-03   1.7
    U3 (DF_SYNC_test_0)                7.86e-04 1.13e-03 1.14e+05 2.03e-03   1.2
    U2 (FIFO_MEM_CNTRL_test_1)         1.04e-02 1.02e-02 1.56e+06 2.21e-02  13.3
    U1 (FIFO_WR_test_1)                1.71e-03 1.33e-03 2.75e+05 3.32e-03   2.0
    U0 (FIFO_RD_test_1)                1.77e-03 1.42e-03 3.75e+05 3.57e-03   2.1
  U0_ALU (ALU_test_1)                  3.22e-03 2.89e-03 4.28e+06 1.04e-02   6.3
    mult_41 (ALU_DW02_mult_0)             0.000    0.000 1.61e+06 1.61e-03   1.0
    add_33 (ALU_DW01_add_0)               0.000    0.000 2.05e+05 2.05e-04   0.1
    sub_37 (ALU_DW01_sub_0)               0.000    0.000 2.48e+05 2.48e-04   0.1
    div_46 (ALU_DW_div_uns_0)             0.000    0.000 1.25e+06 1.25e-03   0.8
  U0_REGFILE (regfile_test_1)          2.43e-02 2.28e-02 3.35e+06 5.04e-02  30.4
  U0_SYS_CTRL (SYS_CTRL_test_1)        2.87e-03 2.57e-03 6.69e+05 6.11e-03   3.7
  U0_DATA_SYNC (DATA_SYNC_test_1)      1.57e-03 1.83e-03 2.24e+05 3.62e-03   2.2
  U0_UART (UART_test_1)                1.11e-02 8.90e-03 2.46e+06 2.25e-02  13.5
    U0_UART_RX (UART_RX_test_1)        7.30e-03 6.17e-03 1.91e+06 1.54e-02   9.3
      U6 (FSM_RX_test_1)               1.51e-03 1.20e-03 3.41e+05 3.05e-03   1.8
      U5 (edge_bit_counter_test_1)     1.07e-03 9.89e-04 3.27e+05 2.39e-03   1.4
      U4 (deserializer_test_1)         3.04e-03 2.87e-03 3.99e+05 6.30e-03   3.8
      U3 (data_sampling_test_1)        5.99e-05 4.62e-04 4.11e+05 9.32e-04   0.6
      U2 (stop_checker_test_1)         1.03e-05 1.44e-04 1.48e+05 3.03e-04   0.2
      U1 (strt_checker_test_1)            0.000 1.33e-04 1.62e+04 1.49e-04   0.1
      U0 (parity_checker_test_1)       2.25e-05 1.53e-04 2.49e+05 4.24e-04   0.3
    U0_UART_TX (UART_TX_test_1)        3.58e-03 2.66e-03 5.49e+05 6.79e-03   4.1
      U3 (FSM_TX_test_1)               2.95e-04 4.39e-04 8.52e+04 8.20e-04   0.5
      U2 (Serializer_test_1)           2.49e-03 1.99e-03 3.19e+05 4.80e-03   2.9
      U1 (Parity_Calc_test_1)          1.64e-05 1.49e-04 1.14e+05 2.79e-04   0.2
      U0 (MUX)                         4.98e-07 8.08e-08 2.34e+04 2.39e-05   0.0
  U1_RST_SYNC (RST_SYNC_test_1)        5.73e-06 4.41e-04 4.01e+04 4.87e-04   0.3
  U0_RST_SYNC (RST_SYNC_test_0)        5.74e-06 4.18e-04 4.13e+04 4.66e-04   0.3
  U1_RX_CLK_DIV (CLK_DIV_test_1)       3.34e-03 2.98e-03 9.17e+05 7.23e-03   4.4
    r80 (CLK_DIV_1_DW01_inc_0)         6.87e-07 5.82e-07 9.76e+04 9.89e-05   0.1
  U0_TX_CLK_DIV (CLK_DIV_test_0)       3.23e-03 3.04e-03 8.95e+05 7.16e-03   4.3
    r80 (CLK_DIV_0_DW01_inc_0)         9.20e-06 4.29e-06 9.75e+04 1.11e-04   0.1
  U0_prescale_mux (prescale_mux)       2.65e-07 6.53e-08 3.62e+04 3.65e-05   0.0
  U0_CLK_GATE (CLK_GATE)               5.83e-04 8.77e-04 1.12e+04 1.47e-03   0.9
1
