SpyGlass run started at 06:17:55 AM on Oct 01 2026 

SpyGlass Predictive Analyzer(R) - Version SpyGlass_vL-2016.06
Last compiled on May 20 2016

All Rights Reserved. Use, disclosure or duplication
without prior written permission of Synopsys Inc. is prohibited.
Technical support: email spyglass_support@synopsys.com.


 Auto-compiling gates libraries

        "../std_cells/scmetro_tsmc_cl013g_rvt_ff_1p32v_m40c.lib"
        "../std_cells/scmetro_tsmc_cl013g_rvt_ss_1p08v_125c.lib"
        "../std_cells/scmetro_tsmc_cl013g_rvt_tt_1p2v_25c.lib"
    to
        "./spyglass-1/spyglass_cache/autogenerated_sglib/aggregate.sglib" ...already compiled

 Using this already compiled sglib for the current run ...

Running SpyGlass 64-bit Executable: /home/synopsys/SpyGlass-L2016.06/SPYGLASS_HOME/obj/check.Linux4

RULE-CHECKING IN MIXED MODE
Loading Policy: spyglass (Version: SpyGlass_vL-2016.06) from path: /home/synopsys/SpyGlass-L2016.06/SPYGLASS_HOME/policies/spyglass
Loading Shared library libspyglassrules-Linux4.spyso from /home/synopsys/SpyGlass-L2016.06/SPYGLASS_HOME/lib/libspyglassrules-Linux4.spyso 
Loading Shared library libsdcInitRules-Linux4.spyso from /home/synopsys/SpyGlass-L2016.06/SPYGLASS_HOME/lib/libsdcInitRules-Linux4.spyso 
Loading Shared library librmerules-Linux4.spyso from /home/synopsys/SpyGlass-L2016.06/SPYGLASS_HOME/lib/librmerules-Linux4.spyso 
##build_id : SpyGlass_vL-2016.06
##system   : Linux IC_EDA 3.10.0-1160.6.1.el7.x86_64 #1 SMP Tue Nov 17 13:59:11 UTC 2020 x86_64
##cwd      : /home/ICer/IC/Projects/System/CDC
##lang     : Verilog+VHDL
##args     : -mSpyGlass::Compatibility::v2_7_3 \
             -mSpyGlass::Compatibility::v2_7_3 \
             -mSpyGlass::Compatibility::v2_7_3 \
             -lib WORK ./spyglass-1/WORK \
             -nl \
             -policy='none' \
             -mixed \
             -batch \
             -wdir './spyglass-1/Design_Read' \
             -enableSV \
             -sgdc 'SYSTEM_TOP.sgdc' \
             -gateslib '../std_cells/scmetro_tsmc_cl013g_rvt_ff_1p32v_m40c.lib' \
             -gateslib '../std_cells/scmetro_tsmc_cl013g_rvt_ss_1p08v_125c.lib' \
             -gateslib '../std_cells/scmetro_tsmc_cl013g_rvt_tt_1p2v_25c.lib' \
             -templatedir '/home/synopsys/SpyGlass-L2016.06/SPYGLASS_HOME/auxi/policy_data/spyglass/design_read' \
             --goal_info 'Design_Read@' \
             --template_info 'Design_Read' \
             -projectwdir './spyglass-1' \
             -sdc2sgdc \
             -pt=no \
             -64bit  \
             /home/ICer/IC/Projects/System/rtl/ALU.v \
             /home/ICer/IC/Projects/System/rtl/ASYNC_FIFO.v \
             /home/ICer/IC/Projects/System/rtl/Clk_Div.v \
             /home/ICer/IC/Projects/System/rtl/CLK_GATE.v \
             /home/ICer/IC/Projects/System/rtl/data_sampling.v \
             /home/ICer/IC/Projects/System/rtl/DATA_SYNC.v \
             /home/ICer/IC/Projects/System/rtl/deserializer.v \
             /home/ICer/IC/Projects/System/rtl/DF_SYNC.v \
             /home/ICer/IC/Projects/System/rtl/edge_bit_counter.v \
             /home/ICer/IC/Projects/System/rtl/FIFO_MEM_CNTRL.v \
             /home/ICer/IC/Projects/System/rtl/FIFO_RD.v \
             /home/ICer/IC/Projects/System/rtl/FIFO_WR.v \
             /home/ICer/IC/Projects/System/rtl/FSM_RX.v \
             /home/ICer/IC/Projects/System/rtl/FSM_TX.sv \
             /home/ICer/IC/Projects/System/rtl/MUX.v \
             /home/ICer/IC/Projects/System/rtl/Parity_Calc.v \
             /home/ICer/IC/Projects/System/rtl/parity_checker.v \
             /home/ICer/IC/Projects/System/rtl/prescale_mux.v \
             /home/ICer/IC/Projects/System/rtl/Pulse_Gen.v \
             /home/ICer/IC/Projects/System/rtl/regfile.v \
             /home/ICer/IC/Projects/System/rtl/RST_SYNC.v \
             /home/ICer/IC/Projects/System/rtl/Serializer.v \
             /home/ICer/IC/Projects/System/rtl/stop_checker.v \
             /home/ICer/IC/Projects/System/rtl/strt_checker.v \
             /home/ICer/IC/Projects/System/rtl/SYS_CTRL.v \
             /home/ICer/IC/Projects/System/rtl/SYSTEM_TOP.v \
             /home/ICer/IC/Projects/System/rtl/UART.v \
             /home/ICer/IC/Projects/System/rtl/UART_RX.v \
             /home/ICer/IC/Projects/System/rtl/UART_TX.v

##verbosity level   : 2
##exact cmdline arg : -batch -project spyglass-1.prj -designread  -64bit
##spyglass_run.csh begins :
;	cd /home/ICer/IC/Projects/System/CDC
;	setenv SPYGLASS_LD_PRELOAD /home/synopsys/SpyGlass-L2016.06/SPYGLASS_HOME/lib/libsgjemalloc-Linux4.so
;	setenv SPYGLASS_DW_PATH /home/synopsys/SpyGlass-L2016.06/SPYGLASS_HOME/dw_support
;	/home/synopsys/SpyGlass-L2016.06/SPYGLASS_HOME/bin/spyglass  -batch -project spyglass-1.prj -designread  -64bit
##spyglass_run.csh ends
##files    : /home/ICer/IC/Projects/System/rtl/ALU.v \
             /home/ICer/IC/Projects/System/rtl/ASYNC_FIFO.v \
             /home/ICer/IC/Projects/System/rtl/Clk_Div.v \
             /home/ICer/IC/Projects/System/rtl/CLK_GATE.v \
             /home/ICer/IC/Projects/System/rtl/data_sampling.v \
             /home/ICer/IC/Projects/System/rtl/DATA_SYNC.v \
             /home/ICer/IC/Projects/System/rtl/deserializer.v \
             /home/ICer/IC/Projects/System/rtl/DF_SYNC.v \
             /home/ICer/IC/Projects/System/rtl/edge_bit_counter.v \
             /home/ICer/IC/Projects/System/rtl/FIFO_MEM_CNTRL.v \
             /home/ICer/IC/Projects/System/rtl/FIFO_RD.v \
             /home/ICer/IC/Projects/System/rtl/FIFO_WR.v \
             /home/ICer/IC/Projects/System/rtl/FSM_RX.v \
             /home/ICer/IC/Projects/System/rtl/FSM_TX.sv \
             /home/ICer/IC/Projects/System/rtl/MUX.v \
             /home/ICer/IC/Projects/System/rtl/Parity_Calc.v \
             /home/ICer/IC/Projects/System/rtl/parity_checker.v \
             /home/ICer/IC/Projects/System/rtl/prescale_mux.v \
             /home/ICer/IC/Projects/System/rtl/Pulse_Gen.v \
             /home/ICer/IC/Projects/System/rtl/regfile.v \
             /home/ICer/IC/Projects/System/rtl/RST_SYNC.v \
             /home/ICer/IC/Projects/System/rtl/Serializer.v \
             /home/ICer/IC/Projects/System/rtl/stop_checker.v \
             /home/ICer/IC/Projects/System/rtl/strt_checker.v \
             /home/ICer/IC/Projects/System/rtl/SYS_CTRL.v \
             /home/ICer/IC/Projects/System/rtl/SYSTEM_TOP.v \
             /home/ICer/IC/Projects/System/rtl/UART.v \
             /home/ICer/IC/Projects/System/rtl/UART_RX.v \
             /home/ICer/IC/Projects/System/rtl/UART_TX.v

 Reading sgdc file "SYSTEM_TOP.sgdc" ...
Performing unification checks on SGDC... done
Reading specified sglib files(s) ....
   Processing library: 'scmetro_tsmc_cl013g_rvt_ff_1p32v_m40c' .... done
   Processing library: 'scmetro_tsmc_cl013g_rvt_ss_1p08v_125c' .... done
   Processing library: 'scmetro_tsmc_cl013g_rvt_tt_1p2v_25c' .... done
Checking Rule AutoGenerateSglib (Rule 1 of total 130) .... done (Time = 0.00s, Memory = 0.0K)

INFO [76]    Using `./spyglass-1/WORK/64' as the Work Directory for 64bit precompiled dump.
Checking Rule ZeroSizeFile (Rule 2 of total 130) .... done (Time = 0.00s, Memory = 3.6K)
Checking Rule PrecompileLibCheck01 (Rule 3 of total 130) .... done (Time = 0.00s, Memory = 2.8K)
Checking Rule PrecompileLibCheck02 (Rule 4 of total 130) .... done (Time = 0.00s, Memory = 0.0K)
Checking Rule PrecompileLibCheck03 (Rule 5 of total 130) .... done (Time = 0.00s, Memory = 0.0K)
Checking Rule PrecompileLibCheck04 (Rule 6 of total 130) .... done (Time = 0.00s, Memory = -0.1K)
Checking Rule ReportSglibVersionSummary (Rule 7 of total 130) .... done (Time = 0.00s, Memory = 0.0K)
Checking Rule SGDC_assume_path01 (Rule 8 of total 130) .... done (Time = 0.00s, Memory = 0.0K)
Checking Rule SGDC_sdcschema02 (Rule 9 of total 130) .... done (Time = 0.00s, Memory = 0.0K)
Checking Rule SGDC_clock05 (Rule 10 of total 130) .... done (Time = 0.00s, Memory = 1.5K)
Checking Rule SGDC_clock09 (Rule 11 of total 130) .... done (Time = 0.00s, Memory = 0.0K)
Checking Rule SGDC_force_ta05 (Rule 12 of total 130) .... done (Time = 0.00s, Memory = 0.6K)
Checking Rule SGDC_require_path03 (Rule 13 of total 130) .... done (Time = 0.00s, Memory = 0.0K)
Checking Rule SGDC_require_value03 (Rule 14 of total 130) .... done (Time = 0.00s, Memory = 0.0K)
Checking Rule SGDC_voltagedomain05 (Rule 15 of total 130) .... done (Time = 0.00s, Memory = -24.0K)
Checking Rule SGDC_voltagedomain06 (Rule 16 of total 130) .... done (Time = 0.00s, Memory = 0.0K)
Checking Rule SGDC_voltagedomain07 (Rule 17 of total 130) .... done (Time = 0.00s, Memory = 15.0K)
Checking Rule SGDC_powerdomainoutputs02 (Rule 18 of total 130) .... done (Time = 0.00s, Memory = 0.0K)
Checking Rule SGDC_supply01 (Rule 19 of total 130) .... done (Time = 0.00s, Memory = 16.0K)
Checking Rule SGDC_waive01 (Rule 20 of total 130) .... done (Time = 0.00s, Memory = 2.1K)
Checking Rule SGDC_waive02 (Rule 21 of total 130) .... done (Time = 0.00s, Memory = 32.0K)
Checking Rule SGDC_waive03 (Rule 22 of total 130) .... done (Time = 0.00s, Memory = 0.0K)
Checking Rule SGDC_waive04 (Rule 23 of total 130) .... done (Time = 0.00s, Memory = 0.0K)
Checking Rule SGDC_waive05 (Rule 24 of total 130) .... done (Time = 0.00s, Memory = -32.0K)
Checking Rule SGDC_waive06 (Rule 25 of total 130) .... done (Time = 0.00s, Memory = 0.0K)
Checking Rule SGDC_waive07 (Rule 26 of total 130) .... done (Time = 0.00s, Memory = 0.0K)
Checking Rule SGDC_waive08 (Rule 27 of total 130) .... done (Time = 0.00s, Memory = 0.0K)
Checking Rule SGDC_waive09 (Rule 28 of total 130) .... done (Time = 0.00s, Memory = 0.0K)
Checking Rule SGDC_waive10 (Rule 29 of total 130) .... done (Time = 0.00s, Memory = 0.0K)
Checking Rule SGDC_waive11 (Rule 30 of total 130) .... done (Time = 0.00s, Memory = 0.0K)
Checking Rule SGDC_waive12 (Rule 31 of total 130) .... done (Time = 0.00s, Memory = 0.0K)
Checking Rule SGDC_waive13 (Rule 32 of total 130) .... done (Time = 0.00s, Memory = 0.0K)
Checking Rule SGDC_waive21 (Rule 33 of total 130) .... done (Time = 0.00s, Memory = 0.0K)
Checking Rule SGDC_waive22 (Rule 34 of total 130) .... done (Time = 0.00s, Memory = -0.6K)
Checking Rule SGDC_waive30 (Rule 35 of total 130) .... done (Time = 0.00s, Memory = 0.0K)
Checking Rule SGDC_waive32 (Rule 36 of total 130) .... done (Time = 0.00s, Memory = 15.5K)
Checking Rule SGDC_waive33 (Rule 37 of total 130) .... done (Time = 0.00s, Memory = 3.2K)
Checking Rule SGDC_waive36 (Rule 38 of total 130) .... done (Time = 0.00s, Memory = 8.0K)
Checking Rule SGDC_waive38 (Rule 39 of total 130) .... done (Time = 0.00s, Memory = 2.8K)
Checking Rule SGDC_fifo01 (Rule 40 of total 130) .... done (Time = 0.00s, Memory = 0.2K)
Checking Rule SGDC_libgroup01 (Rule 41 of total 130) .... done (Time = 0.00s, Memory = 0.8K)
Checking Rule SGDC_libgroup02 (Rule 42 of total 130) .... done (Time = 0.00s, Memory = -0.6K)
Checking Rule SGDC_libgroup04 (Rule 43 of total 130) .... done (Time = 0.00s, Memory = 0.0K)
Checking Rule SGDC_power_data01 (Rule 44 of total 130) .... done (Time = 0.00s, Memory = -17.0K)
Checking Rule SGDC_ungroup01 (Rule 45 of total 130) .... done (Time = 0.00s, Memory = 0.0K)
Checking Rule SGDC_abstract_port06 (Rule 46 of total 130) .... done (Time = 0.00s, Memory = 14.2K)
Checking Rule SGDC_abstract_port14 (Rule 47 of total 130) .... done (Time = 0.00s, Memory = 0.9K)
Checking Rule SGDC_abstract_port15 (Rule 48 of total 130) .... done (Time = 0.00s, Memory = 5.8K)
Checking Rule SGDC_abstract_port18 (Rule 49 of total 130) .... done (Time = 0.00s, Memory = 0.0K)
Checking Rule SDC2SGDC_INFO (Rule 50 of total 130) .... done (Time = 0.00s, Memory = 120.6K)
Checking Rule SDC_ParamSanityCheck (Rule 51 of total 130) .... done (Time = 0.02s, Memory = -30.8K)
Checking Rule SDC_Sanity_Rule (Rule 52 of total 130)SDC-file translator read from path : /home/synopsys/SpyGlass-L2016.06/SPYGLASS_HOME/auxi/sdcparser
 .... done (Time = 0.00s, Memory = 0.0K)
Checking Rule sdc_init_rule (Rule 53 of total 130) .... done (Time = 0.04s, Memory = -2.9K)
Checking Rule CMD_ignorelibs01 (Rule 54 of total 130) .... done (Time = 0.00s, Memory = 0.0K)
Checking Rule ReportRuleNotRun (Rule 55 of total 130) .... done (Time = 0.00s, Memory = 0.0K)
Checking Rule ReportStopSummary (Rule 56 of total 130) .... done (Time = 0.00s, Memory = 0.0K)
Checking Rule ReportIgnoreSummary (Rule 57 of total 130) .... done (Time = 0.00s, Memory = 0.0K)
##SGDEBUG [BENCHMARK_ABSOLUTE]: Analysis started: 1 sec, 636933 KB, 2423812 KB
##SGDEBUG [BENCHMARK_INCR]: Analysis started: 1 sec, 636933 KB, 2423812 KB
 Analyzing source file "/home/ICer/IC/Projects/System/rtl/ALU.v" ....
 Analyzing source file "/home/ICer/IC/Projects/System/rtl/ASYNC_FIFO.v" ....
 Analyzing source file "/home/ICer/IC/Projects/System/rtl/Clk_Div.v" ....
 Analyzing source file "/home/ICer/IC/Projects/System/rtl/CLK_GATE.v" ....
 Analyzing source file "/home/ICer/IC/Projects/System/rtl/data_sampling.v" ....
 Analyzing source file "/home/ICer/IC/Projects/System/rtl/DATA_SYNC.v" ....
 Analyzing source file "/home/ICer/IC/Projects/System/rtl/deserializer.v" ....
 Analyzing source file "/home/ICer/IC/Projects/System/rtl/DF_SYNC.v" ....
 Analyzing source file "/home/ICer/IC/Projects/System/rtl/edge_bit_counter.v" ....
 Analyzing source file "/home/ICer/IC/Projects/System/rtl/FIFO_MEM_CNTRL.v" ....
 Analyzing source file "/home/ICer/IC/Projects/System/rtl/FIFO_RD.v" ....
 Analyzing source file "/home/ICer/IC/Projects/System/rtl/FIFO_WR.v" ....
 Analyzing source file "/home/ICer/IC/Projects/System/rtl/FSM_RX.v" ....
 Analyzing source file "/home/ICer/IC/Projects/System/rtl/FSM_TX.sv" ....
 Analyzing source file "/home/ICer/IC/Projects/System/rtl/MUX.v" ....
 Analyzing source file "/home/ICer/IC/Projects/System/rtl/Parity_Calc.v" ....
 Analyzing source file "/home/ICer/IC/Projects/System/rtl/parity_checker.v" ....
 Analyzing source file "/home/ICer/IC/Projects/System/rtl/prescale_mux.v" ....
 Analyzing source file "/home/ICer/IC/Projects/System/rtl/Pulse_Gen.v" ....
 Analyzing source file "/home/ICer/IC/Projects/System/rtl/regfile.v" ....
 Analyzing source file "/home/ICer/IC/Projects/System/rtl/RST_SYNC.v" ....
 Analyzing source file "/home/ICer/IC/Projects/System/rtl/Serializer.v" ....
 Analyzing source file "/home/ICer/IC/Projects/System/rtl/stop_checker.v" ....
 Analyzing source file "/home/ICer/IC/Projects/System/rtl/strt_checker.v" ....
 Analyzing source file "/home/ICer/IC/Projects/System/rtl/SYS_CTRL.v" ....
 Analyzing source file "/home/ICer/IC/Projects/System/rtl/SYSTEM_TOP.v" ....
 Analyzing source file "/home/ICer/IC/Projects/System/rtl/UART.v" ....
 Analyzing source file "/home/ICer/IC/Projects/System/rtl/UART_RX.v" ....
 Analyzing source file "/home/ICer/IC/Projects/System/rtl/UART_TX.v" ....
##SGDEBUG [BENCHMARK_ABSOLUTE]: Analysis finished: 1 sec, 638145 KB, 2424836 KB
##SGDEBUG [BENCHMARK_INCR]: Analysis finished: 0 sec, 1212 KB, 1024 KB
##SGDEBUG [BENCHMARK_ABSOLUTE]: Elaboration started: 1 sec, 638156 KB, 2424836 KB
##SGDEBUG [BENCHMARK_INCR]: Elaboration started: 0 sec, 11 KB, 0 KB
 Elaborating Top Verilog Design Unit 'SYSTEM_TOP' .....
 done
##SGDEBUG [BENCHMARK_ABSOLUTE]: Elaboration finished: 1 sec, 704157 KB, 2490628 KB
##SGDEBUG [BENCHMARK_INCR]: Elaboration finished: 0 sec, 66001 KB, 65792 KB
##SGDEBUG [BENCHMARK_ABSOLUTE]: RTL Semantic Checker started: 1 sec, 704133 KB, 2490628 KB
##SGDEBUG [BENCHMARK_INCR]: RTL Semantic Checker started: 0 sec, -24 KB, 0 KB
##SGDEBUG [BENCHMARK_ABSOLUTE]: RTL Semantic Checker finished: 1 sec, 704132 KB, 2490628 KB
##SGDEBUG [BENCHMARK_INCR]: RTL Semantic Checker finished: 0 sec, -1 KB, 0 KB
Checking Rule ElabSummary (Rule 58 of total 130)##FILEDEBUG[sgOpenFile]: Opening File './spyglass-1/Design_Read/spyglass_reports/SpyGlass/elab_summary.rpt' in "w" mode ...
##FILEDEBUG[sgCloseFile]: File './spyglass-1/Design_Read/spyglass_reports/SpyGlass/elab_summary.rpt' closed.
 .... done (Time = 0.00s, Memory = -27.6K)
Checking Rule ReportCheckDataSummary (Rule 59 of total 130) .... done (Time = 0.00s, Memory = 0.0K)
Checking Rule IgnoredLibCells (Rule 60 of total 130)##FILEDEBUG[sgOpenFile]: Opening File './spyglass-1/Design_Read/spyglass_reports/SpyGlass/ignored_libcells.rpt' in "w" mode ...
##FILEDEBUG[sgCloseFile]: File './spyglass-1/Design_Read/spyglass_reports/SpyGlass/ignored_libcells.rpt' closed.
 .... done (Time = 0.02s, Memory = -16.5K)
 Reading waiver file "./spyglass-1/Design_Read/spyglass_spysch/constraint/spg_autogenerated_waivers.sgdc" ...
 Generating WAIVER file "./spyglass-1/Design_Read/spyglass_spysch/waiver/pragma2Waiver.swl" from pragmas in HDL source files ....
Checking Rule DetectTopDesignUnits (Rule 61 of total 130) Detected 1 top level design units: 
     SYSTEM_TOP
 .... done (Time = 0.00s, Memory = 4.5K)
Performing semantic checks on SGDC contents
..... SGDC semantic checks completed. (Time = 0.00s, Memory = 52.2K)
Checking Rule SGDC_testmode03 (Rule 62 of total 130) .... done (Time = 0.00s, Memory = 0.0K)
Checking Rule ReportObsoletePragmas (Rule 63 of total 130) .... done (Time = 0.00s, Memory = -3.2K)
Checking Rule GenerateConfMap (Rule 64 of total 130) .... done (Time = 0.00s, Memory = 0.0K)
Checking Rule SGDC_sdcschema01 (Rule 65 of total 130) .... done (Time = 0.00s, Memory = 0.0K)
Checking Rule HdlLibDuCheck (Rule 66 of total 130) .... done (Time = 0.00s, Memory = 0.0K)
Checking Rule RtlDesignInfo (Rule 67 of total 130)
##SGDEBUG [BENCHMARK_DATA]: Number of RTL Design Units = 31
##SGDEBUG: RTL statistics for Verilog design units:
##SGDEBUG[BENCHMARK_DATA]: RTL Ports = 222 548 59
##SGDEBUG[BENCHMARK_DATA]: RTL Insts = 55
##SGDEBUG[BENCHMARK_DATA]: RTL Nets = 97 332 51
##SGDEBUG[BENCHMARK_DATA]: RTL Terms = 273 574 62

##SGDEBUG: NOTE: Following estimated data is applicable for structural designs only.
##SGDEBUG:     In case of RTL designs, this data may differ significantly from the actual figure.
##SGDEBUG[BENCHMARK_DATA]: Estimated Flat Insts = 27
##SGDEBUG[BENCHMARK_DATA]: Estimated Flat Nets = 171
##SGDEBUG[BENCHMARK_DATA]: Estimated Flat Terms = 465
##SGDEBUG[BENCHMARK_DATA]: Estimated Flat Paths = 6
 .... done (Time = 0.00s, Memory = 5.8K)
Checking Rule CheckCelldefine (Rule 68 of total 130) .... done (Time = 0.00s, Memory = 0.0K)
##SGDEBUG [BENCHMARK_ABSOLUTE]: Synthesis started: 1 sec, 706663 KB, 2493188 KB
##SGDEBUG [BENCHMARK_INCR]: Synthesis started: 0 sec, 2531 KB, 2560 KB
 Synthesizing Library Cells specified through SgLib  ......
 Synthesis of Library Cells specified through SgLib completed 
 Synthesizing module: Pulse_Gen (elaborated name: Pulse_Gen) ... (Module 1 of total 29)  done 
     (Memory Used = 16.6K(incr), 641105.4K(tot), Cpu Time = 0.01s(incr))
 Synthesizing module: DF_SYNC (elaborated name: DF_SYNC) ... (Module 2 of total 29)  done 
     (Memory Used = -1.0K(incr), 641103.9K(tot), Cpu Time = 0.00s(incr))
 Synthesizing module: FIFO_MEM_CNTRL (elaborated name: FIFO_MEM_CNTRL) ... (Module 3 of total 29)  done 
     (Memory Used = 26.4K(incr), 641130.2K(tot), Cpu Time = 0.01s(incr))
 Synthesizing module: FIFO_WR (elaborated name: FIFO_WR) ... (Module 4 of total 29)  done 
     (Memory Used = 32.4K(incr), 641154.2K(tot), Cpu Time = 0.00s(incr))
 Synthesizing module: FIFO_RD (elaborated name: FIFO_RD) ... (Module 5 of total 29)  done 
     (Memory Used = 2.4K(incr), 641156.6K(tot), Cpu Time = 0.01s(incr))
 Synthesizing module: ASYNC_FIFO (elaborated name: ASYNC_FIFO) ... (Module 6 of total 29)  done 
     (Memory Used = -32.4K(incr), 641156.2K(tot), Cpu Time = 0.00s(incr))
 Synthesizing module: ALU (elaborated name: ALU) ... (Module 7 of total 29)  done 
     (Memory Used = 18.0K(incr), 641142.2K(tot), Cpu Time = 0.01s(incr))
 Synthesizing module: CLK_GATE (elaborated name: CLK_GATE) ... (Module 8 of total 29)  done 
     (Memory Used = 0.0K(incr), 641150.3K(tot), Cpu Time = 0.00s(incr))
 Synthesizing module: regfile (elaborated name: regfile) ... (Module 9 of total 29)  done 
     (Memory Used = 34.6K(incr), 641185.0K(tot), Cpu Time = 0.02s(incr))
 Synthesizing module: SYS_CTRL (elaborated name: SYS_CTRL) ... (Module 10 of total 29)  done 
     (Memory Used = 17.3K(incr), 641201.6K(tot), Cpu Time = 0.01s(incr))
 Synthesizing module: DATA_SYNC (elaborated name: DATA_SYNC) ... (Module 11 of total 29)  done 
     (Memory Used = 6.5K(incr), 641213.0K(tot), Cpu Time = 0.01s(incr))
 Synthesizing module: FSM_RX (elaborated name: FSM_RX) ... (Module 12 of total 29)  done 
     (Memory Used = 7.8K(incr), 641220.8K(tot), Cpu Time = 0.01s(incr))
 Synthesizing module: edge_bit_counter (elaborated name: edge_bit_counter) ... (Module 13 of total 29)  done 
     (Memory Used = 27.9K(incr), 641252.7K(tot), Cpu Time = 0.00s(incr))
 Synthesizing module: deserializer (elaborated name: deserializer) ... (Module 14 of total 29)  done 
     (Memory Used = -11.8K(incr), 641241.2K(tot), Cpu Time = 0.01s(incr))
 Synthesizing module: data_sampling (elaborated name: data_sampling) ... (Module 15 of total 29)  done 
     (Memory Used = 7.9K(incr), 641249.1K(tot), Cpu Time = 0.00s(incr))
 Synthesizing module: stop_checker (elaborated name: stop_checker) ... (Module 16 of total 29)  done 
     (Memory Used = -4.1K(incr), 641248.4K(tot), Cpu Time = 0.01s(incr))
 Synthesizing module: strt_checker (elaborated name: strt_checker) ... (Module 17 of total 29)  done 
     (Memory Used = 0.2K(incr), 641251.7K(tot), Cpu Time = 0.01s(incr))
 Synthesizing module: parity_checker (elaborated name: parity_checker) ... (Module 18 of total 29)  done 
     (Memory Used = -6.7K(incr), 641245.0K(tot), Cpu Time = 0.00s(incr))
 Synthesizing module: UART_RX (elaborated name: UART_RX) ... (Module 19 of total 29)  done 
     (Memory Used = 6.1K(incr), 641251.1K(tot), Cpu Time = 0.00s(incr))
 Synthesizing module: FSM_TX (elaborated name: FSM_TX) ... (Module 20 of total 29)  done 
     (Memory Used = 41.4K(incr), 641292.5K(tot), Cpu Time = 0.00s(incr))
 Synthesizing module: Serializer (elaborated name: Serializer) ... (Module 21 of total 29)  done 
     (Memory Used = -29.7K(incr), 641262.8K(tot), Cpu Time = 0.02s(incr))
 Synthesizing module: Parity_Calc (elaborated name: Parity_Calc) ... (Module 22 of total 29)  done 
     (Memory Used = 4.9K(incr), 641268.3K(tot), Cpu Time = 0.00s(incr))
 Synthesizing module: MUX (elaborated name: MUX) ... (Module 23 of total 29)  done 
     (Memory Used = 7.5K(incr), 641275.7K(tot), Cpu Time = 0.00s(incr))
 Synthesizing module: UART_TX (elaborated name: UART_TX) ... (Module 24 of total 29)  done 
     (Memory Used = 0.0K(incr), 641275.7K(tot), Cpu Time = 0.00s(incr))
 Synthesizing module: UART (elaborated name: UART) ... (Module 25 of total 29)  done 
     (Memory Used = 3.1K(incr), 641278.9K(tot), Cpu Time = 0.00s(incr))
 Synthesizing module: RST_SYNC (elaborated name: RST_SYNC) ... (Module 26 of total 29)  done 
     (Memory Used = 5.1K(incr), 641284.2K(tot), Cpu Time = 0.01s(incr))
 Synthesizing module: CLK_DIV (elaborated name: CLK_DIV) ... (Module 27 of total 29)  done 
     (Memory Used = 19.6K(incr), 641303.5K(tot), Cpu Time = 0.01s(incr))
 Synthesizing module: prescale_mux (elaborated name: prescale_mux) ... (Module 28 of total 29)  done 
     (Memory Used = -2.1K(incr), 641301.4K(tot), Cpu Time = 0.00s(incr))
 Synthesizing module: SYSTEM_TOP (elaborated name: SYSTEM_TOP) ... (Module 29 of total 29)  done 
     (Memory Used = 3.7K(incr), 641305.1K(tot), Cpu Time = 0.01s(incr))
 Synthesis completed.
##SGDEBUG [BENCHMARK_ABSOLUTE]: Synthesis completed: 1 sec, 641715 KB, 2432004 KB
##SGDEBUG [BENCHMARK_INCR]: Synthesis completed: 0 sec, -64948 KB, -61184 KB
Checking Rule InferBlackBox (Rule 69 of total 130) .... done (Time = 0.00s, Memory = -36.7K)
##SGDEBUG [BENCHMARK_DATA]: Number of NOM Modules = 31
##SGDEBUG [BENCHMARK_DATA]: Number of NOM Instances = 1281
##SGDEBUG [BENCHMARK_DATA]: Number of NOM Nets = 2097
##SGDEBUG [BENCHMARK_DATA]: Number of NOM Terminals = 6440
##SGDEBUG [BENCHMARK_DATA]: Number of NOM Instances per Module (max and avg) = 235, 41
##SGDEBUG [BENCHMARK_ABSOLUTE]: Saving NOM started: 2 sec, 641680 KB, 2432004 KB
##SGDEBUG [BENCHMARK_INCR]: Saving NOM started: 1 sec, -35 KB, 0 KB
##SGDEBUG [BENCHMARK_ABSOLUTE]: Saving NOM completed: 2 sec, 691026 KB, 2496548 KB
##SGDEBUG [BENCHMARK_INCR]: Saving NOM completed: 0 sec, 49346 KB, 64544 KB
     (Memory Used = 45211.0K(incr), 686930.9K(tot), Cpu Time = 0.01s(incr))
Checking Rule SGDC_waive37 (Rule 70 of total 130) .... done (Time = 0.00s, Memory = 0.0K)
Checking Rule SGDC_waive24 (Rule 71 of total 130) .... done (Time = 0.00s, Memory = 2.5K)
Checking Rule SGDC_waive25 (Rule 72 of total 130) .... done (Time = 0.00s, Memory = 4.0K)
Checking Rule SGDC_waive31 (Rule 73 of total 130) .... done (Time = 0.00s, Memory = 0.0K)
Checking Rule SGDC_waive35 (Rule 74 of total 130) .... done (Time = 0.00s, Memory = 0.0K)
Checking Rule ReportSglibSummary (Rule 75 of total 130) .... done (Time = 0.00s, Memory = 0.0K)
Checking Rule SDC2SGDCPARSE for module Pulse_Gen (Rule 76 of total 130) .... done (Time = 0.00s, Memory = 0.0K)
Checking Rule SDC2SGDCPARSE for module DF_SYNC (Rule 76 of total 130) .... done (Time = 0.00s, Memory = 0.0K)
Checking Rule SDC2SGDCPARSE for module FIFO_MEM_CNTRL (Rule 76 of total 130) .... done (Time = 0.00s, Memory = 0.0K)
Checking Rule SDC2SGDCPARSE for module FIFO_WR (Rule 76 of total 130) .... done (Time = 0.00s, Memory = 0.0K)
Checking Rule SDC2SGDCPARSE for module FIFO_RD (Rule 76 of total 130) .... done (Time = 0.00s, Memory = 0.0K)
Checking Rule SDC2SGDCPARSE for module ASYNC_FIFO (Rule 76 of total 130) .... done (Time = 0.00s, Memory = 0.0K)
Checking Rule SDC2SGDCPARSE for module ALU (Rule 76 of total 130) .... done (Time = 0.00s, Memory = 0.0K)
Checking Rule SDC2SGDCPARSE for module CLK_GATE (Rule 76 of total 130) .... done (Time = 0.00s, Memory = 0.0K)
Checking Rule SDC2SGDCPARSE for module regfile (Rule 76 of total 130) .... done (Time = 0.00s, Memory = 0.0K)
Checking Rule SDC2SGDCPARSE for module SYS_CTRL (Rule 76 of total 130) .... done (Time = 0.00s, Memory = 0.0K)
Checking Rule SDC2SGDCPARSE for module DATA_SYNC (Rule 76 of total 130) .... done (Time = 0.00s, Memory = 0.0K)
Checking Rule SDC2SGDCPARSE for module FSM_RX (Rule 76 of total 130) .... done (Time = 0.00s, Memory = 0.0K)
Checking Rule SDC2SGDCPARSE for module edge_bit_counter (Rule 76 of total 130) .... done (Time = 0.00s, Memory = 0.0K)
Checking Rule SDC2SGDCPARSE for module deserializer (Rule 76 of total 130) .... done (Time = 0.00s, Memory = 0.0K)
Checking Rule SDC2SGDCPARSE for module data_sampling (Rule 76 of total 130) .... done (Time = 0.00s, Memory = 0.0K)
Checking Rule SDC2SGDCPARSE for module stop_checker (Rule 76 of total 130) .... done (Time = 0.00s, Memory = 0.0K)
Checking Rule SDC2SGDCPARSE for module strt_checker (Rule 76 of total 130) .... done (Time = 0.00s, Memory = 0.0K)
Checking Rule SDC2SGDCPARSE for module parity_checker (Rule 76 of total 130) .... done (Time = 0.00s, Memory = 0.0K)
Checking Rule SDC2SGDCPARSE for module UART_RX (Rule 76 of total 130) .... done (Time = 0.00s, Memory = 0.0K)
Checking Rule SDC2SGDCPARSE for module FSM_TX (Rule 76 of total 130) .... done (Time = 0.00s, Memory = 0.0K)
Checking Rule SDC2SGDCPARSE for module Serializer (Rule 76 of total 130) .... done (Time = 0.00s, Memory = 0.0K)
Checking Rule SDC2SGDCPARSE for module Parity_Calc (Rule 76 of total 130) .... done (Time = 0.00s, Memory = 0.0K)
Checking Rule SDC2SGDCPARSE for module MUX (Rule 76 of total 130) .... done (Time = 0.00s, Memory = 0.0K)
Checking Rule SDC2SGDCPARSE for module UART_TX (Rule 76 of total 130) .... done (Time = 0.00s, Memory = 0.0K)
Checking Rule SDC2SGDCPARSE for module UART (Rule 76 of total 130) .... done (Time = 0.00s, Memory = 0.0K)
Checking Rule SDC2SGDCPARSE for module RST_SYNC (Rule 76 of total 130) .... done (Time = 0.00s, Memory = 0.0K)
Checking Rule SDC2SGDCPARSE for module CLK_DIV (Rule 76 of total 130) .... done (Time = 0.00s, Memory = 0.0K)
Checking Rule SDC2SGDCPARSE for module prescale_mux (Rule 76 of total 130) .... done (Time = 0.00s, Memory = 0.0K)
Checking Rule SDC2SGDCPARSE for module SYSTEM_TOP (Rule 76 of total 130) .... done (Time = 0.00s, Memory = 0.0K)
Performing semantic checks on SGDC contents
..... SGDC semantic checks completed. (Time = 0.00s, Memory = -49.2K)
Checking Rule SGDC_testmode03 (Rule 62 of total 130) .... done (Time = 0.00s, Memory = 0.0K)
Checking Rule checkSGDC_01 (Rule 77 of total 130) .... done (Time = 0.00s, Memory = 24.2K)
Checking Rule checkSGDC_03 (Rule 78 of total 130) .... done (Time = 0.00s, Memory = 0.0K)
Checking Rule checkSGDC_08 (Rule 79 of total 130) .... done (Time = 0.00s, Memory = 0.0K)
Checking Rule SGDC_memorywritepin04 (Rule 80 of total 130) .... done (Time = 0.00s, Memory = 7.0K)
Checking Rule SGDC_reset02 (Rule 81 of total 130) .... done (Time = 0.00s, Memory = -8.8K)
Checking Rule SGDC_reset03 (Rule 82 of total 130) .... done (Time = 0.00s, Memory = -32.0K)
Checking Rule SGDC_waive23 (Rule 83 of total 130) .... done (Time = 0.00s, Memory = 0.0K)
Checking Rule SGDC_waive26 (Rule 84 of total 130) .... done (Time = 0.00s, Memory = 0.8K)
Checking Rule SGDC_waive27 (Rule 85 of total 130) .... done (Time = 0.00s, Memory = 0.4K)
Checking Rule SGDC_waive29 (Rule 86 of total 130) .... done (Time = 0.00s, Memory = 0.0K)
Checking Rule SGDC_libgroup03 (Rule 87 of total 130) .... done (Time = 0.00s, Memory = 0.0K)
Checking Rule SGDC_ungroup02 (Rule 88 of total 130) .... done (Time = 0.00s, Memory = 0.0K)
Checking Rule _abstractPortSGDC (Rule 89 of total 130) .... done (Time = 0.43s, Memory = 20.6K)
Checking Rule SGDC_abstract_port03 (Rule 90 of total 130) .... done (Time = 0.00s, Memory = 0.0K)
Checking Rule SGDC_abstract_port04 (Rule 91 of total 130) .... done (Time = 0.00s, Memory = -0.2K)
Checking Rule SGDC_abstract_port05 (Rule 92 of total 130) .... done (Time = 0.00s, Memory = 0.0K)
Checking Rule SGDC_abstract_port07 (Rule 93 of total 130) .... done (Time = 0.00s, Memory = 0.0K)
Checking Rule SGDC_abstract_port08 (Rule 94 of total 130) .... done (Time = 0.00s, Memory = -32.0K)
Checking Rule SGDC_abstract_port10 (Rule 95 of total 130) .... done (Time = 0.00s, Memory = -0.4K)
Checking Rule SGDC_abstract_port11 (Rule 96 of total 130) .... done (Time = 0.00s, Memory = 1.9K)
Checking Rule SGDC_abstract_port12 (Rule 97 of total 130) .... done (Time = 0.00s, Memory = 0.0K)
Checking Rule SGDC_abstract_port13 (Rule 98 of total 130) .... done (Time = 0.00s, Memory = 0.4K)
Checking Rule ReportUngroup (Rule 99 of total 130) .... done (Time = 0.00s, Memory = 4.7K)
Checking Rule SGDC_abstract_port21 (Rule 100 of total 130) .... done (Time = 0.00s, Memory = 0.0K)
Checking Rule SDC2SGDC_WRN01 (Rule 101 of total 130) .... done (Time = 0.00s, Memory = 0.0K)
Checking Rule SDC2SGDC_STX01 (Rule 102 of total 130) .... done (Time = 0.00s, Memory = 0.0K)
##SGDEBUG [BENCHMARK_ABSOLUTE]: VS rule checking finished...: 2 sec, 692091 KB, 2495520 KB
##SGDEBUG [BENCHMARK_INCR]: VS rule checking finished...: 0 sec, 1065 KB, -1028 KB
##SGDEBUG [BENCHMARK_ABSOLUTE]: Flattening started: 2 sec, 693665 KB, 2496800 KB
##SGDEBUG [BENCHMARK_INCR]: Flattening started: 0 sec, 1574 KB, 1280 KB
 Flattening SYSTEM_TOP ....
     (Memory Used = 1724.0K(incr), 695389.9K(tot), Cpu Time = 0.03s(incr))
 Flattening completed
##SGDEBUG [BENCHMARK_DATA]: Number of Flat Instances = 1386
##SGDEBUG [BENCHMARK_DATA]: Number of Flat Nets = 1562
##SGDEBUG [BENCHMARK_DATA]: Number of Flat Terms = 6091
##SGDEBUG [BENCHMARK_DATA]: Number of Flat Paths = 32
##SGDEBUG [BENCHMARK_DATA]: Number of Flat Ports = 7
##SGDEBUG [BENCHMARK_DATA]: Number of Black-Box Instances = 0
##SGDEBUG [BENCHMARK_DATA]: Number of Lib Instances = 1
##SGDEBUG [BENCHMARK_DATA]: Number of ILM Instances = 0
##SGDEBUG [BENCHMARK_ABSOLUTE]: Flattening finished: 2 sec, 695389 KB, 2498080 KB
##SGDEBUG [BENCHMARK_INCR]: Flattening finished: 0 sec, 1724 KB, 1280 KB
Checking Rule Domain_Conflict01 (Rule 103 of total 130) .... done (Time = 0.00s, Memory = 0.6K)
Checking Rule Domain_Matrix01 (Rule 104 of total 130) .... done (Time = 0.00s, Memory = 32.0K)
Checking Rule Domain_Missing01 (Rule 105 of total 130) .... done (Time = 0.00s, Memory = 0.0K)
Checking Rule SDC_Mapping01 (Rule 106 of total 130) .... done (Time = 0.00s, Memory = 0.0K)
Checking Rule SDC2SGDCPARSEW (Rule 107 of total 130)
AtrDomain: Inferring Clock Domains...CLOCK_STA mode..Done. (Time Taken=0s)
AtrDomain: Generating Clock Domain Reports...Done. (Time Taken=0s)
 .... done (Time = 0.09s, Memory = 37.0K)
Checking Rule AnalyzeBBox (Rule 108 of total 130) .... done (Time = 0.00s, Memory = 0.0K)
Checking Rule ReportCheckDataSummary (Rule 59 of total 130) .... done (Time = 0.00s, Memory = 0.0K)

Applying user specified and internally generated waivers on violation database .... done (Time = 0.02s)

Generating data for Console...
##SGDEBUG [PEAK_MEMORY]: 2503456 KB for entire run at 'just before destroying nvn arrays in flattener' stage
##SGDEBUG [VMPEAK_MEMORY]: 2629632 KB for entire run
##SGDEBUG [BENCHMARK_ABSOLUTE]: Rule checking finished: 3 sec, 650628 KB, 2454020 KB
##SGDEBUG [BENCHMARK_INCR]: Rule checking finished: 1 sec, -44761 KB, -44060 KB


=====================================================================================
							Rule Parameter Table
=====================================================================================

	PARAMETER-NAME                                     VALUE
-------------------------------------------------------------------------------------
	-allow_clock_on_output_port                        no
	-assign_domain_conflict_clocks                     yes
	-check_clock_group_violations                      no
	-chip                                              unspecified
	-debug_proc                                        no
	-force_genclk_for_txv                              no
	-library_gen_clock_naming                          yes
	-netlist_clock_polarity                            yes
	-populate_comboelements_for_minmax_in_fromto       no
	-preserve_path                                     no
	-pt                                                no
	-show_all_sdc_violations                           no
	-show_sdc_progress                                 no
	-suppress_sdc_violation_in_abstract                no
	-tc_disable_caching                                no
	-tc_stop_parsing_ignored_commands                  no
	-truncate_through                                  yes
	-use_hier_sep_slash                                no
	-write_sdc                                         no
=====================================================================================



=====================================================================================
                               Rule Status Table

 RULE-NAME                      POLICY-NAME     ENABLED VIOL-CNT RULE-TYPE   ERROR-MSG         
=====================================================================================
 SDC_Mapping01                  SpyGlass        Yes            1 FLATBLOCKDU    -               
 Domain_Matrix01                SpyGlass        Yes            1 FLATBLOCKDU    -               
 SDC2SGDC_INFO                  SpyGlass        Yes            1 SETUP          -               
 SGDC_abstract_port03           SpyGlass        Yes            1 SETUP          -               
 ElabSummary                    SpyGlass        Yes            1 SETUP          -               
 DetectTopDesignUnits           SpyGlass        Yes            1 RTLALLDULIST   -               
-------------------------------------------------------------------------------------
Note: VSDU type of rules (as seen in the above table) are not run on
      unsynthesized modules reported by 'ErrorAnalyzeBBox/InfoAnalyzeBBox' messages
      (Please see messages starting with keyword 'UnsynthesizedDU')

##status : SpyGlass Rule Checking Complete.

---------------------------------------------------------------------------------------------
Results Summary:
---------------------------------------------------------------------------------------------
   Goal Run           :      Design_Read
   Command-line read  :      0 error,      0 warning,      0 information message 
   Design Read        :      0 error,      0 warning,      5 information messages
      Found 1 top module:
         SYSTEM_TOP   (file: /home/ICer/IC/Projects/System/rtl/SYSTEM_TOP.v)

   Blackbox Resolution:      0 error,      0 warning,      0 information message 
   SGDC Checks        :      0 error,      0 warning,      1 information message 
   -------------------------------------------------------------------------------------
   Total              :      0 error,      0 warning,      6 information messages

  Total Number of Generated Messages     :         6 (0 error, 0 warning, 6 Infos)
  Number of Reported Messages            :         6 (0 error, 0 warning, 6 Infos)

---------------------------------------------------------------------------------------------



SpyGlass Rule Checking Complete.

Generating moresimple report from './spyglass-1/Design_Read/spyglass.vdb' to './spyglass-1/Design_Read/spyglass_reports/moresimple.rpt' ....

Generating runsummary report from './spyglass-1/Design_Read/spyglass.vdb' ....

Generating no_msg_reporting_rules report from './spyglass-1/Design_Read/spyglass.vdb' to './spyglass-1/Design_Read/spyglass_reports/no_msg_reporting_rules.rpt' ....

Policy specific data (reports) are present in the directory './spyglass-1/Design_Read/spyglass_reports'.

SpyGlass critical reports for the current run are present in directory './spyglass-1/consolidated_reports/Design_Read/'.

SpyGlass Exit Code 0 (Rule-checking completed without errors or warnings)
SpyGlass total run-time is 0:0:3 (3 secs)
SpyGlass run completed at 06:19:34 AM on Oct 01 2026
