
################################################################################
################################################################################
#
# This file has been generated by SpyGlass:
#     Report Created by: ICer
#     Report Created on: Thu Oct  1 06:52:19 2026
#     Working Directory: /home/ICer/IC/Projects/System/CDC
#     Report Location  : ./spyglass-1/cdc/cdc_verify/spyglass_reports/clock-reset/adv_cdc.rpt
#     SpyGlass Version : SpyGlass_vL-2016.06
#     Policy Name      : clock-reset(SpyGlass_vL-2016.06)
#     Comment          : Generated by clock-reset
#
################################################################################


################################################################################
#
# Purpose: 
#   This report contains the functional analysis statistics of a design.
#
# Format: 
#   It contains the following sections :
#   Section A: Clock Information
#     Lists the clock information of the design 
#   Section B: Reset Information
#     Lists the reset information of the design 
#   Section C: Set-Case Analysis Settings
#     Lists the set case analysis settings used in the design 
#   Section D: Initial State of the Design
#     Lists the initial-state statistics of the design along with the 
#     reset percentage. The initial state of each register can be seen 
#     in adv_cdc.reg file.
#   Section E: Results Summary (Current) 
#     Lists the statistics of the assertions formed for each rule.
#     Following is a description of the columns of this table:
#       Passed           - Assertions that prove are listed here
#       Failed           - Assertions that fail are listed here
#       Partially Proved - Assertions that remain unconcluded are listed along
#                          with the average depth of formal analysis
#       Not Analyzed     - This column gets populated in audit mode(-fa_audit)
#       Others           - Lists those assertions for which functional analysis
#                          could not be carried out either due to Conflicting
#                          Constraints or due to some Internal-Error
#   Section F: Results Summary (Cumulative) 
#     Lists the summary of cumulative set of assertions formed in the current 
#     run and the information of earlier runs in the property file. This section 
#     is printed when you specify a property file using the -fa_propfile
#     command-line option.
#   Section G: Assertion Details
#     Lists the assertion details. In case of failures and partially proved 
#     assertions, the depth information is also reported. 
#     The format for this is : 
#       <CycleDepth> (<Depth>) where
#           <CycleDepth> - Number of cycles of the fastest clock till that depth
#           <Depth>      - Verification Depth till which the assertion was evaluated
################################################################################

Section A: Clock Information
=============================

(clock): (period); (clock source); (rising/falling); (edgeList); (no. of flops on posedge); (no. of flops on negedge)
-----------------------------------------------------------------------------------------------------
SYSTEM_TOP.UART_CLK: 271.25; SGDC; Rising; (0.0, 135.6); 82; 0
SYSTEM_TOP.REF_CLK: 10.00; SGDC; Rising; (0.0, 5.0); 266; 0

Design Cycle: 448

##########################################################################################################


Section B: Resets Information
==============================

(reset) ; (value)
------------------------
SYSTEM_TOP.RST ; Active Low

##########################################################################################################


Section C: Set-Case Analysis Settings
======================================

(name) ; (value)
------------------------
SYSTEM_TOP.REG3[0] ; 0
SYSTEM_TOP.REG3[1] ; 0
SYSTEM_TOP.REG3[2] ; 0
SYSTEM_TOP.REG3[3] ; 0
SYSTEM_TOP.REG3[4] ; 0
SYSTEM_TOP.REG3[5] ; 0
SYSTEM_TOP.REG3[6] ; 0
SYSTEM_TOP.REG3[7] ; 0
SYSTEM_TOP.rx_div_ratio[0] ; 0
SYSTEM_TOP.rx_div_ratio[1] ; 0
SYSTEM_TOP.rx_div_ratio[2] ; 0
SYSTEM_TOP.U1_RX_CLK_DIV.i_div_ratio[7:0] ; 0
SYSTEM_TOP.U1_RX_CLK_DIV.i_div_ratio[7:0] ; 0
SYSTEM_TOP.U1_RX_CLK_DIV.i_div_ratio[7:0] ; 0
SYSTEM_TOP.U1_RX_CLK_DIV.i_div_ratio[7:0] ; 0
SYSTEM_TOP.U1_RX_CLK_DIV.i_div_ratio[7:0] ; 0

##########################################################################################################


Section D: Initial State of the Design
======================================

Total no of FFs: 382
No of '1's: 6
No of '0's: 376
No of 'x's: 0
RESET PERCENTAGE for root 'SYSTEM_TOP'(382 flops) is '100.00%'

################################################################################

Section E: Results Summary (Current)
====================================

------------------------------------------------------------------------------------------------------------------------
RuleName            Passed         Failed         Partially Proved         Not Analyzed         Others         Total
                                                   (Average Depth) 
------------------------------------------------------------------------------------------------------------------------
Ac_conv02              1              0                   0                      0                 0             1
Ac_cdc01a              1              0                   0                      0                 0             1
Ac_datahold01a         1              0                   3(200)                 0                 0             4
------------------------------------------------------------------------------------------------------------------------
Total                  3              0                   3                      0                 0             6
------------------------------------------------------------------------------------------------------------------------

################################################################################

Section F: Results Summary (Cumulative)
========================================

NOT APPLICABLE (AS NO PROPERTY FILE PASSED)

################################################################################

Section G:  Assertion Details
===============================


RuleName: Ac_conv02 
-----------------------
1. (Hier:SYSTEM_TOP.U0_ASYNC_FIFO.U0) SYSTEM_TOP.U0_ASYNC_FIFO.U0.rcounter[0], /home/ICer/IC/Projects/System/rtl/FIFO_RD.v, 32, :  PROVED

================================================================================

RuleName: Ac_cdc01a 
-----------------------
1. (Hier:SYSTEM_TOP.U0_ASYNC_FIFO.U3) SFlop:SYSTEM_TOP.U0_ASYNC_FIFO.U1.wptr_gray_reg[3] SClk:SYSTEM_TOP.REF_CLK DFlop:SYSTEM_TOP.U0_ASYNC_FIFO.U3.sync_reg[3] DClk:SYSTEM_TOP.UART_CLK, /home/ICer/IC/Projects/System/rtl/DF_SYNC.v, 15, :  PROVED

================================================================================

RuleName: Ac_datahold01a 
-----------------------
1. (Hier:SYSTEM_TOP.U0_DATA_SYNC) Des: "SYSTEM_TOP.U0_DATA_SYNC.\sync_bus_reg[0] .Q", Src: "SYSTEM_TOP.U0_UART.U0_UART_RX.U4.\P_DATA_reg[0] .Q", /home/ICer/IC/Projects/System/rtl/DATA_SYNC.v, 40, :  PROVED
2. (Hier:SYSTEM_TOP.U0_UART.U0_UART_TX.U1) Des: "SYSTEM_TOP.U0_UART.U0_UART_TX.U1.par_bit_reg.Q", Src: "SYSTEM_TOP.U0_ASYNC_FIFO.U2.\fifo_mem_reg[0][0] .Q", /home/ICer/IC/Projects/System/rtl/Parity_Calc.v, 26, :  Partially-Proved through depth 96(200), [Flop-Count:390, Design-Cycle:448]
3. (Hier:SYSTEM_TOP.U0_UART.U0_UART_TX.U2) Des: "SYSTEM_TOP.U0_UART.U0_UART_TX.U2.ser_data_reg.Q", Src: "SYSTEM_TOP.U0_ASYNC_FIFO.U2.\fifo_mem_reg[0][0] .Q", /home/ICer/IC/Projects/System/rtl/Serializer.v, 32, :  Partially-Proved through depth 96(200), [Flop-Count:390, Design-Cycle:448]
4. (Hier:SYSTEM_TOP.U0_UART.U0_UART_TX.U2) Des: "SYSTEM_TOP.U0_UART.U0_UART_TX.U2.\Data_In_reg[0] .Q", Src: "SYSTEM_TOP.U0_ASYNC_FIFO.U2.\fifo_mem_reg[0][0] .Q", /home/ICer/IC/Projects/System/rtl/Serializer.v, 25, :  Partially-Proved through depth 96(200), [Flop-Count:390, Design-Cycle:448]

================================================================================

################################################################################

################################################################################
