
################################################################################
#
# This file has been generated by SpyGlass:
#     Report Name      : moresimple
#     Report Created by: ICer
#     Report Created on:  Thu Oct  1 06:52:01 2026
#     Working Directory: /home/ICer/IC/Projects/System/CDC
#     SpyGlass Version : SpyGlass_vL-2016.06
#     Policy Name      : SpyGlass(SpyGlass_vL-2016.06)
#                        clock-reset(SpyGlass_vL-2016.06)
#
#     Total Number of Generated Messages :         56
#     Number of Waived Messages          :          0
#     Number of Reported Messages        :         56
#     Number of Overlimit Messages       :          0
#
#
################################################################################

+++++++++++++++++++++++++++++++++++++++++++++++++++++++++++++++++++++++
MORESIMPLE REPORT:


############### BuiltIn -> RuleGroup=Design Read ###############
+++++++++++++++++++++++++++++++++++++++++++++++++++++++++++++++++++++++++++++++++++++++
ID       Rule                    Alias                   Severity    File                                                                         Line    Wt    Message
======================================================================================
[1]      DetectTopDesignUnits    DetectTopDesignUnits    Info        /home/ICer/IC/Projects/System/rtl/SYSTEM_TOP.v                               1       2     Module SYSTEM_TOP is a top level design unit
[1A]     Domain_Matrix01                                 Info        SYSTEM_TOP.sgdc                                                              4       10    Domain Matrix for design "SYSTEM_TOP",  based on the individual constraints defined in the SDC as inferred in the Sta mode
[0]      ElabSummary             ElabSummary             Info        ./spyglass-1/cdc/cdc_verify/spyglass_reports/SpyGlass/elab_summary.rpt       0       2     Please refer file './spyglass-1/cdc/cdc_verify/spyglass_reports/SpyGlass/elab_summary.rpt' for elab summary report
[3E]     Info_Case_Analysis      showSimVal              Info        /home/ICer/IC/Projects/System/rtl/SYSTEM_TOP.v                               1       10    Information for set_case_analysis value propagation for design 'SYSTEM_TOP' is displayed
[24]     SDC2SGDC_INFO                                   Info        ./spyglass-1/cdc/cdc_verify/spyglass_reports/sdc2sgdc/sdc2sgdc.sgdc.91539    1       10    Sgdc file "./spyglass-1/cdc/cdc_verify/spyglass_reports/sdc2sgdc/sdc2sgdc.sgdc.91539" generated after successful SDC2SGDC translation
[25]     SDC_Mapping01                                   Info        N.A                                                                          0       10    Mapping of SDC Commands Generated
+++++++++++++++++++++++++++++++++++++++++++++++++++++++++++++++++++++++++++++++++++++++


############### BuiltIn -> RuleGroup=SGDC Checks ###############
+++++++++++++++++++++++++++++++++++++++++++++++++++++++++++++++++++++++++++++++++++++++
ID       Rule                    Alias    Severity    File               Line    Wt    Message
======================================================================================
[2]      SGDC_abstract_port03             Info        SYSTEM_TOP.sgdc    24      10    Constraint 'abstract_port': 'RST_d0' specified with '-clock' field not found on/within module 'SYSTEM_TOP'.Considering it as virtual clock
+++++++++++++++++++++++++++++++++++++++++++++++++++++++++++++++++++++++++++++++++++++++


############### Non-BuiltIn -> Goal=cdc/cdc_verify ###############
+++++++++++++++++++++++++++++++++++++++++++++++++++++++++++++++++++++++++++++++++++++++
ID       Rule                    Alias                      Severity    File                                                                                       Line    Wt    Message
======================================================================================
[97]     Ac_datahold01a          Ac_sync Data Enable Seq    Warning     /home/ICer/IC/Projects/System/rtl/Parity_Calc.v                                            26      2     Synchronized crossing: destination flop 'SYSTEM_TOP.U0_UART.U0_UART_TX.U1.par_bit', clocked by 'SYSTEM_TOP.UART_CLK', source flop 'SYSTEM_TOP.U0_ASYNC_FIFO.U2.fifo_mem[7:0][7:0]', clocked by 'SYSTEM_TOP.REF_CLK'. Data-enable sequencing check: Partially-Proved
[99]     Ac_datahold01a          Ac_sync Data Enable Seq    Warning     /home/ICer/IC/Projects/System/rtl/Serializer.v                                             25      2     Synchronized crossing: destination flop 'SYSTEM_TOP.U0_UART.U0_UART_TX.U2.Data_In[7:0]', clocked by 'SYSTEM_TOP.UART_CLK', source flop 'SYSTEM_TOP.U0_ASYNC_FIFO.U2.fifo_mem[7:0][7:0]', clocked by 'SYSTEM_TOP.REF_CLK'. Data-enable sequencing check: Partially-Proved
[98]     Ac_datahold01a          Ac_sync Data Enable Seq    Warning     /home/ICer/IC/Projects/System/rtl/Serializer.v                                             32      2     Synchronized crossing: destination flop 'SYSTEM_TOP.U0_UART.U0_UART_TX.U2.ser_data', clocked by 'SYSTEM_TOP.UART_CLK', source flop 'SYSTEM_TOP.U0_ASYNC_FIFO.U2.fifo_mem[7:0][0]', clocked by 'SYSTEM_TOP.REF_CLK'. Data-enable sequencing check: Partially-Proved
[95]     Ac_cdc01a               ClkCross Data Hold         Info        /home/ICer/IC/Projects/System/rtl/DF_SYNC.v                                                15      10    Fast('SYSTEM_TOP.REF_CLK') to slow('SYSTEM_TOP.UART_CLK') clock crossing(from 'SYSTEM_TOP.U0_ASYNC_FIFO.U1.wptr_gray_reg[3]' to 'SYSTEM_TOP.U0_ASYNC_FIFO.U3.sync_reg[3]') detected. Data hold check:PASSED
[9B]     Ac_clockperiod02                                   Info        ./SYSTEM_TOP.sdc                                                                           21      2     For top design unit 'SYSTEM_TOP', Period has been rounded for 1 (50 %) clocks. Refer file: './spyglass-1/cdc/cdc_verify/spyglass_reports/clock-reset/Ac_clockperiod02.csv' for details
[94]     Ac_conv02               Convergence                Info        /home/ICer/IC/Projects/System/rtl/FIFO_RD.v                                                32      2     4 synchronizers (SYSTEM_TOP.U0_ASYNC_FIFO.U3.sync_reg[3:0]) converge on flop 'SYSTEM_TOP.U0_ASYNC_FIFO.U0.rcounter[0]'. Gray encoding check: 'PASSED'
[47]     Ac_crossing01                                      Info        /home/ICer/IC/Projects/System/rtl/SYSTEM_TOP.v                                             1       10    CrossingMatrix spreadsheet generated for design 'SYSTEM_TOP'
[96]     Ac_datahold01a          Ac_sync Data Enable Seq    Info        /home/ICer/IC/Projects/System/rtl/DATA_SYNC.v                                              40      2     Synchronized crossing: destination flop 'SYSTEM_TOP.U0_DATA_SYNC.sync_bus[7:0]', clocked by 'SYSTEM_TOP.REF_CLK', source flop 'SYSTEM_TOP.U0_UART.U0_UART_RX.U4.P_DATA[7:0]', clocked by 'SYSTEM_TOP.UART_CLK'. Data-enable sequencing check: PASSED
[92]     Ac_initstate01          ResetState                 Info        /home/ICer/IC/Projects/System/rtl/SYSTEM_TOP.v                                             1       10    99 percent of sequential outputs are initialized with sets/resets and 0 percent sequential outputs are initialized by data path. Refer file: './spyglass-1/cdc/cdc_verify/spyglass_reports/clock-reset/adv_cdc.reg' for details
[9C]     Ac_report01             PropStatistics             Info        /home/ICer/IC/Projects/System/rtl/SYSTEM_TOP.v                                             1       10    Implicit: '6' implicit properties analyzed, '0' failed, '3' passed, '3' partially proved, '0' not analyzed, '0' others for top design unit 'SYSTEM_TOP'. Refer file: './spyglass-1/cdc/cdc_verify/spyglass_reports/clock-reset/adv_cdc.rpt' for details
[2B]     Ac_sync01                                          Info        /home/ICer/IC/Projects/System/rtl/FSM_RX.v                                                 70      2     Synchronized Crossing: destination flop SYSTEM_TOP.U0_UART.U0_UART_RX.U6.data_valid, clocked by SYSTEM_TOP.UART_CLK, source flop SYSTEM_TOP.U0_REGFILE.Registers[2][7:2], clocked by SYSTEM_TOP.REF_CLK, by method: does not require synchronization (long-delay/quasi-static) [Total Sources: 1 (Number of source domains: 1)]
[30]     Ac_sync01                                          Info        /home/ICer/IC/Projects/System/rtl/Parity_Calc.v                                            26      2     Synchronized Crossing: destination flop SYSTEM_TOP.U0_UART.U0_UART_TX.U1.par_bit, clocked by SYSTEM_TOP.UART_CLK, source flop SYSTEM_TOP.U0_ASYNC_FIFO.U2.fifo_mem[7:0][7:0], clocked by SYSTEM_TOP.REF_CLK, by method: Enable Based Synchronizer [Total Sources: 2 (Number of source domains: 1)]
[31]     Ac_sync01                                          Info        /home/ICer/IC/Projects/System/rtl/Serializer.v                                             32      2     Synchronized Crossing: destination flop SYSTEM_TOP.U0_UART.U0_UART_TX.U2.ser_data, clocked by SYSTEM_TOP.UART_CLK, source flop SYSTEM_TOP.U0_ASYNC_FIFO.U2.fifo_mem[7:0][0], clocked by SYSTEM_TOP.REF_CLK, by method: Mux-select sync [Total Sources: 1 (Number of source domains: 1)]
[36]     Ac_sync01                                          Info        /home/ICer/IC/Projects/System/rtl/data_sampling.v                                          22      2     Synchronized Crossing: destination flop SYSTEM_TOP.U0_UART.U0_UART_RX.U3.first_sample, clocked by SYSTEM_TOP.UART_CLK, source flop SYSTEM_TOP.U0_REGFILE.Registers[2][7:3], clocked by SYSTEM_TOP.REF_CLK, by method: does not require synchronization (long-delay/quasi-static) [Total Sources: 1 (Number of source domains: 1)]
[35]     Ac_sync01                                          Info        /home/ICer/IC/Projects/System/rtl/data_sampling.v                                          23      2     Synchronized Crossing: destination flop SYSTEM_TOP.U0_UART.U0_UART_RX.U3.second_sample, clocked by SYSTEM_TOP.UART_CLK, source flop SYSTEM_TOP.U0_REGFILE.Registers[2][7:3], clocked by SYSTEM_TOP.REF_CLK, by method: does not require synchronization (long-delay/quasi-static) [Total Sources: 1 (Number of source domains: 1)]
[34]     Ac_sync01                                          Info        /home/ICer/IC/Projects/System/rtl/data_sampling.v                                          24      2     Synchronized Crossing: destination flop SYSTEM_TOP.U0_UART.U0_UART_RX.U3.third_sample, clocked by SYSTEM_TOP.UART_CLK, source flop SYSTEM_TOP.U0_REGFILE.Registers[2][7:3], clocked by SYSTEM_TOP.REF_CLK, by method: does not require synchronization (long-delay/quasi-static) [Total Sources: 1 (Number of source domains: 1)]
[2E]     Ac_sync01                                          Info        /home/ICer/IC/Projects/System/rtl/parity_checker.v                                         23      2     Synchronized Crossing: destination flop SYSTEM_TOP.U0_UART.U0_UART_RX.U0.par_err, clocked by SYSTEM_TOP.UART_CLK, source flop SYSTEM_TOP.U0_REGFILE.Registers[2][7:1], clocked by SYSTEM_TOP.REF_CLK, by method: does not require synchronization (long-delay/quasi-static) [Total Sources: 1 (Number of source domains: 1)]
[2D]     Ac_sync01                                          Info        /home/ICer/IC/Projects/System/rtl/stop_checker.v                                           15      2     Synchronized Crossing: destination flop SYSTEM_TOP.U0_UART.U0_UART_RX.U2.stp_err, clocked by SYSTEM_TOP.UART_CLK, source flop SYSTEM_TOP.U0_REGFILE.Registers[2][7:2], clocked by SYSTEM_TOP.REF_CLK, by method: does not require synchronization (long-delay/quasi-static) [Total Sources: 1 (Number of source domains: 1)]
[2A]     Ac_sync02                                          Info        /home/ICer/IC/Projects/System/rtl/DATA_SYNC.v                                              18      2     Synchronized Crossing: destination flop SYSTEM_TOP.U0_DATA_SYNC.multi_flops[0], clocked by SYSTEM_TOP.REF_CLK, source flop SYSTEM_TOP.U0_UART.U0_UART_RX.U6.data_valid, clocked by SYSTEM_TOP.UART_CLK, by method: Conventional multi-flop for metastability technique [Total Sources: 1 (Number of source domains: 1)]
[28]     Ac_sync02                                          Info        /home/ICer/IC/Projects/System/rtl/DATA_SYNC.v                                              40      2     Synchronized Crossing: destination flop SYSTEM_TOP.U0_DATA_SYNC.sync_bus[7:0], clocked by SYSTEM_TOP.REF_CLK, source flop SYSTEM_TOP.U0_UART.U0_UART_RX.U4.P_DATA[7:0], clocked by SYSTEM_TOP.UART_CLK, by method: Recirculation flop [Total Sources: 1 (Number of source domains: 1)]
[29]     Ac_sync02                                          Info        /home/ICer/IC/Projects/System/rtl/DF_SYNC.v                                                15      2     Synchronized Crossing: destination flop SYSTEM_TOP.U0_ASYNC_FIFO.U4.sync_reg[3:0], clocked by SYSTEM_TOP.REF_CLK, source flop SYSTEM_TOP.U0_ASYNC_FIFO.U0.rptr_gray_reg[3:0], clocked by SYSTEM_TOP.UART_CLK, by method: synchronizing cell(cell name : 'DF_SYNC') [Total Sources: 1 (Number of source domains: 1)]
[3D]     Ac_sync02                                          Info        /home/ICer/IC/Projects/System/rtl/DF_SYNC.v                                                15      2     Synchronized Crossing: destination flop SYSTEM_TOP.U0_ASYNC_FIFO.U3.sync_reg[3:0], clocked by SYSTEM_TOP.UART_CLK, source flop SYSTEM_TOP.U0_ASYNC_FIFO.U1.wptr_gray_reg[3:0], clocked by SYSTEM_TOP.REF_CLK, by method: synchronizing cell(cell name : 'DF_SYNC') [Total Sources: 1 (Number of source domains: 1)]
[3C]     Ac_sync02                                          Info        /home/ICer/IC/Projects/System/rtl/FSM_RX.v                                                 33      2     Synchronized Crossing: destination flop SYSTEM_TOP.U0_UART.U0_UART_RX.U6.current_state[2:0], clocked by SYSTEM_TOP.UART_CLK, source flop SYSTEM_TOP.U0_REGFILE.Registers[2][7:2], clocked by SYSTEM_TOP.REF_CLK, by method: does not require synchronization (long-delay/quasi-static) [Total Sources: 2 (Number of source domains: 1)]
[3A]     Ac_sync02                                          Info        /home/ICer/IC/Projects/System/rtl/FSM_RX.v                                                 54      2     Synchronized Crossing: destination flop SYSTEM_TOP.U0_UART.U0_UART_RX.U6.data_counter[2:0], clocked by SYSTEM_TOP.UART_CLK, source flop SYSTEM_TOP.U0_REGFILE.Registers[2][7:2], clocked by SYSTEM_TOP.REF_CLK, by method: does not require synchronization (long-delay/quasi-static) [Total Sources: 1 (Number of source domains: 1)]
[33]     Ac_sync02                                          Info        /home/ICer/IC/Projects/System/rtl/FSM_TX.sv                                                21      2     Synchronized Crossing: destination flop SYSTEM_TOP.U0_UART.U0_UART_TX.U3.current_state[2], clocked by SYSTEM_TOP.UART_CLK, source flop SYSTEM_TOP.U0_REGFILE.Registers[2][0], clocked by SYSTEM_TOP.REF_CLK, by method: does not require synchronization (long-delay/quasi-static) [Total Sources: 1 (Number of source domains: 1)]
[32]     Ac_sync02                                          Info        /home/ICer/IC/Projects/System/rtl/Serializer.v                                             25      2     Synchronized Crossing: destination flop SYSTEM_TOP.U0_UART.U0_UART_TX.U2.Data_In[7:0], clocked by SYSTEM_TOP.UART_CLK, source flop SYSTEM_TOP.U0_ASYNC_FIFO.U2.fifo_mem[7:0][7:0], clocked by SYSTEM_TOP.REF_CLK, by method: Enable Based Synchronizer [Total Sources: 1 (Number of source domains: 1)]
[2C]     Ac_sync02                                          Info        /home/ICer/IC/Projects/System/rtl/deserializer.v                                           25      2     Synchronized Crossing: destination flop SYSTEM_TOP.U0_UART.U0_UART_RX.U4.P_DATA[7:0], clocked by SYSTEM_TOP.UART_CLK, source flop SYSTEM_TOP.U0_REGFILE.Registers[2][7:2], clocked by SYSTEM_TOP.REF_CLK, by method: does not require synchronization (long-delay/quasi-static) [Total Sources: 1 (Number of source domains: 1)]
[37]     Ac_sync02                                          Info        /home/ICer/IC/Projects/System/rtl/deserializer.v                                           32      2     Synchronized Crossing: destination flop SYSTEM_TOP.U0_UART.U0_UART_RX.U4.data[7:0], clocked by SYSTEM_TOP.UART_CLK, source flop SYSTEM_TOP.U0_REGFILE.Registers[2][7:2], clocked by SYSTEM_TOP.REF_CLK, by method: does not require synchronization (long-delay/quasi-static) [Total Sources: 1 (Number of source domains: 1)]
[38]     Ac_sync02                                          Info        /home/ICer/IC/Projects/System/rtl/deserializer.v                                           33      2     Synchronized Crossing: destination flop SYSTEM_TOP.U0_UART.U0_UART_RX.U4.counter[3:0], clocked by SYSTEM_TOP.UART_CLK, source flop SYSTEM_TOP.U0_REGFILE.Registers[2][7:2], clocked by SYSTEM_TOP.REF_CLK, by method: does not require synchronization (long-delay/quasi-static) [Total Sources: 1 (Number of source domains: 1)]
[39]     Ac_sync02                                          Info        /home/ICer/IC/Projects/System/rtl/edge_bit_counter.v                                       18      2     Synchronized Crossing: destination flop SYSTEM_TOP.U0_UART.U0_UART_RX.U5.edges_counter[5:0], clocked by SYSTEM_TOP.UART_CLK, source flop SYSTEM_TOP.U0_REGFILE.Registers[2][7:2], clocked by SYSTEM_TOP.REF_CLK, by method: does not require synchronization (long-delay/quasi-static) [Total Sources: 1 (Number of source domains: 1)]
[4B]     Ar_sync01                                          Info        /home/ICer/IC/Projects/System/rtl/Clk_Div.v                                                38      10    Reset signal 'SYSTEM_TOP.RST' for 'clear' pin of flop 'SYSTEM_TOP.U0_TX_CLK_DIV.clk_div_en', clocked by 'SYSTEM_TOP.UART_CLK', is synchronized by method: User-Defined reset Synchronizer (Name:SYSTEM_TOP.U1_RST_SYNC.sync_rst)
[4C]     Ar_sync01                                          Info        /home/ICer/IC/Projects/System/rtl/DATA_SYNC.v                                              40      10    Reset signal 'SYSTEM_TOP.RST' for 'clear' pin of flop 'SYSTEM_TOP.U0_DATA_SYNC.sync_bus[0]', clocked by 'SYSTEM_TOP.REF_CLK', is synchronized by method: User-Defined reset Synchronizer (Name:SYSTEM_TOP.U0_RST_SYNC.sync_rst)
[4E]     Ar_syncdeassert01                                  Info        /home/ICer/IC/Projects/System/rtl/Clk_Div.v                                                38      10    Reset signal 'SYSTEM_TOP.RST' for 'clear' pin of flop 'SYSTEM_TOP.U0_TX_CLK_DIV.clk_div_en', synchronously de-asserts relative to clock signal 'SYSTEM_TOP.UART_CLK'
[4D]     Ar_syncdeassert01                                  Info        /home/ICer/IC/Projects/System/rtl/DATA_SYNC.v                                              40      10    Reset signal 'SYSTEM_TOP.RST' for 'clear' pin of flop 'SYSTEM_TOP.U0_DATA_SYNC.sync_bus[0]', synchronously de-asserts relative to clock signal 'SYSTEM_TOP.REF_CLK'
[49]     Clock_info02                                       Info        N.A.                                                                                       0       2     Clock Tree generated
[43]     Clock_info03b                                      Info        /home/ICer/IC/Projects/System/rtl/Clk_Div.v                                                28      2     Data pin of flop SYSTEM_TOP.U1_RX_CLK_DIV.prev_div_ratio[7:0], clocked by SYSTEM_TOP.UART_CLK , is tied to constant value 0
[45]     Clock_info03b                                      Info        /home/ICer/IC/Projects/System/rtl/Clk_Div.v                                                28      2     Data pin of flop SYSTEM_TOP.U0_TX_CLK_DIV.prev_div_ratio[7:0], clocked by SYSTEM_TOP.UART_CLK , is tied to constant value 0
[41]     Clock_info03b                                      Info        /home/ICer/IC/Projects/System/rtl/Clk_Div.v                                                63      2     Data pin of flop SYSTEM_TOP.U0_TX_CLK_DIV.divided_clk, clocked by SYSTEM_TOP.UART_CLK , is tied to constant value 1
[42]     Clock_info03b                                      Info        /home/ICer/IC/Projects/System/rtl/Clk_Div.v                                                63      2     Data pin of flop SYSTEM_TOP.U1_RX_CLK_DIV.divided_clk, clocked by SYSTEM_TOP.UART_CLK , is tied to constant value 1
[44]     Clock_info03b                                      Info        /home/ICer/IC/Projects/System/rtl/Clk_Div.v                                                66      2     Data pin of flop SYSTEM_TOP.U1_RX_CLK_DIV.edge_count[7:0], clocked by SYSTEM_TOP.UART_CLK , is tied to constant value 0
[46]     Clock_info03b                                      Info        /home/ICer/IC/Projects/System/rtl/Clk_Div.v                                                66      2     Data pin of flop SYSTEM_TOP.U0_TX_CLK_DIV.edge_count[7:0], clocked by SYSTEM_TOP.UART_CLK , is tied to constant value 0
[58]     Clock_info15                                       Info        N.A.                                                                                       0       2     Port-Clock information generated for PortClockMatrix report
[26]     Propagate_Clocks                                   Info        /home/ICer/IC/Projects/System/rtl/SYSTEM_TOP.v                                             2       2     For SYSTEM_TOP, clock(s) 'SYSTEM_TOP.REF_CLK' of domain 'd0' propagated
[27]     Propagate_Clocks                                   Info        /home/ICer/IC/Projects/System/rtl/SYSTEM_TOP.v                                             3       2     For SYSTEM_TOP, clock(s) 'SYSTEM_TOP.UART_CLK' of domain 'd1' propagated
[48]     Propagate_Resets                                   Info        /home/ICer/IC/Projects/System/rtl/SYSTEM_TOP.v                                             4       2     For SYSTEM_TOP, reset 'SYSTEM_TOP.RST' propagated
[4A]     Reset_info02                                       Info        N.A.                                                                                       0       2     Reset Tree generated
[59]     Setup_port01                                       Info        ./spyglass-1/cdc/cdc_verify/spyglass_reports/clock-reset/SYSTEM_TOP_input_abstract.sgdc    0       2     Abstracted sgdc file for input ports of block 'SYSTEM_TOP' is generated
[57]     Setup_port01                                       Info        /home/ICer/IC/Projects/System/rtl/SYSTEM_TOP.v                                             1       2     Port coverage for top design unit 'SYSTEM_TOP' is: '0' (0.00 %) port(s) not fully constrained
[40]     Setup_quasi_static01                               Info        ./spyglass-1/cdc/cdc_verify/spyglass_reports/clock-reset/auto_quasi_static.sgdc            25      2     For design 'SYSTEM_TOP', '1' quasi_static constraint(s) inferred
+++++++++++++++++++++++++++++++++++++++++++++++++++++++++++++++++++++++++++++++++++++++
