
################################################################################
#
# This file has been generated by SpyGlass:
#     Report Name      : no_msg_reporting_rules
#     Report Created by: ICer
#     Report Created on:  Thu Oct  1 06:52:01 2026
#     Working Directory: /home/ICer/IC/Projects/System/CDC
#     SpyGlass Version : SpyGlass_vL-2016.06
#     Policy Name      : SpyGlass(SpyGlass_vL-2016.06)
#                        clock-reset(SpyGlass_vL-2016.06)
#
#     Total Number of Generated Messages :         56
#     Number of Waived Messages          :          0
#     Number of Reported Messages        :         56
#     Number of Overlimit Messages       :          0
#
#
################################################################################

NO VIOLATION RULE REPORT :
++++++++++++++++++++++++++++++++++++++++++++++++++++++++++++++++++++++++++++++++

Following rules did not produce any violation or waived off during spyglass run

++++++++++++++++++++++++++++++++++++++++++++++++++++++++++++++++++++++++++++++++


================================================================================
	INDEX                                   RULE-NAME
================================================================================
	1                                  Ac_clockperiod01
	2                                  Ac_clockperiod03
	3                                  Ac_coherency06
	4                                  Ac_conv01
	5                                  Ac_conv03
	6                                  Ac_glitch03
	7                                  Ac_resetvalue01
	8                                  Ac_unsync01
	9                                  Ac_unsync02
	10                                 Ar_asyncdeassert01
	11                                 Ar_converge01
	12                                 Ar_syncrst_setupcheck01
	13                                 Ar_syncrstactive01
	14                                 Ar_syncrstcombo01
	15                                 Ar_syncrstload01
	16                                 Ar_syncrstload02
	17                                 Ar_syncrstpragma01
	18                                 Ar_syncrstrtl01
	19                                 Ar_unsync01
	20                                 Clock_check10
	21                                 Clock_converge01
	22                                 Clock_info03a
	23                                 Clock_info03c
	24                                 Clock_info05
	25                                 Clock_info05b
	26                                 Clock_sync05
	27                                 Clock_sync06
	28                                 FalsePathSetup
	29                                 Reset_check03
	30                                 Reset_check10
	31                                 Reset_check11
	32                                 Reset_check12
	33                                 Reset_info09a
	34                                 Reset_sync02
	35                                 Reset_sync04
================================================================================
